Archive member included to satisfy reference by file (symbol)

c:/st/stm32cubeide_1.8.0/stm32cubeide/plugins/com.st.stm32cube.ide.mcu.externaltools.gnu-tools-for-stm32.10.3-2021.10.win32_1.0.0.202111181127/tools/bin/../lib/gcc/arm-none-eabi/10.3.1/../../../../arm-none-eabi/lib/thumb/v6-m/nofp\libc_nano.a(lib_a-exit.o)
                              c:/st/stm32cubeide_1.8.0/stm32cubeide/plugins/com.st.stm32cube.ide.mcu.externaltools.gnu-tools-for-stm32.10.3-2021.10.win32_1.0.0.202111181127/tools/bin/../lib/gcc/arm-none-eabi/10.3.1/../../../../arm-none-eabi/lib/thumb/v6-m/nofp/crt0.o (exit)
c:/st/stm32cubeide_1.8.0/stm32cubeide/plugins/com.st.stm32cube.ide.mcu.externaltools.gnu-tools-for-stm32.10.3-2021.10.win32_1.0.0.202111181127/tools/bin/../lib/gcc/arm-none-eabi/10.3.1/../../../../arm-none-eabi/lib/thumb/v6-m/nofp\libc_nano.a(lib_a-impure.o)
                              c:/st/stm32cubeide_1.8.0/stm32cubeide/plugins/com.st.stm32cube.ide.mcu.externaltools.gnu-tools-for-stm32.10.3-2021.10.win32_1.0.0.202111181127/tools/bin/../lib/gcc/arm-none-eabi/10.3.1/../../../../arm-none-eabi/lib/thumb/v6-m/nofp\libc_nano.a(lib_a-exit.o) (_global_impure_ptr)
c:/st/stm32cubeide_1.8.0/stm32cubeide/plugins/com.st.stm32cube.ide.mcu.externaltools.gnu-tools-for-stm32.10.3-2021.10.win32_1.0.0.202111181127/tools/bin/../lib/gcc/arm-none-eabi/10.3.1/../../../../arm-none-eabi/lib/thumb/v6-m/nofp\libc_nano.a(lib_a-init.o)
                              c:/st/stm32cubeide_1.8.0/stm32cubeide/plugins/com.st.stm32cube.ide.mcu.externaltools.gnu-tools-for-stm32.10.3-2021.10.win32_1.0.0.202111181127/tools/bin/../lib/gcc/arm-none-eabi/10.3.1/../../../../arm-none-eabi/lib/thumb/v6-m/nofp/crt0.o (__libc_init_array)
c:/st/stm32cubeide_1.8.0/stm32cubeide/plugins/com.st.stm32cube.ide.mcu.externaltools.gnu-tools-for-stm32.10.3-2021.10.win32_1.0.0.202111181127/tools/bin/../lib/gcc/arm-none-eabi/10.3.1/../../../../arm-none-eabi/lib/thumb/v6-m/nofp\libc_nano.a(lib_a-memset.o)
                              c:/st/stm32cubeide_1.8.0/stm32cubeide/plugins/com.st.stm32cube.ide.mcu.externaltools.gnu-tools-for-stm32.10.3-2021.10.win32_1.0.0.202111181127/tools/bin/../lib/gcc/arm-none-eabi/10.3.1/../../../../arm-none-eabi/lib/thumb/v6-m/nofp/crt0.o (memset)
c:/st/stm32cubeide_1.8.0/stm32cubeide/plugins/com.st.stm32cube.ide.mcu.externaltools.gnu-tools-for-stm32.10.3-2021.10.win32_1.0.0.202111181127/tools/bin/../lib/gcc/arm-none-eabi/10.3.1/../../../../arm-none-eabi/lib/thumb/v6-m/nofp\libm.a(lib_a-s_sin.o)
                              ./Core/Src/main.o (sin)
c:/st/stm32cubeide_1.8.0/stm32cubeide/plugins/com.st.stm32cube.ide.mcu.externaltools.gnu-tools-for-stm32.10.3-2021.10.win32_1.0.0.202111181127/tools/bin/../lib/gcc/arm-none-eabi/10.3.1/../../../../arm-none-eabi/lib/thumb/v6-m/nofp\libm.a(lib_a-e_rem_pio2.o)
                              c:/st/stm32cubeide_1.8.0/stm32cubeide/plugins/com.st.stm32cube.ide.mcu.externaltools.gnu-tools-for-stm32.10.3-2021.10.win32_1.0.0.202111181127/tools/bin/../lib/gcc/arm-none-eabi/10.3.1/../../../../arm-none-eabi/lib/thumb/v6-m/nofp\libm.a(lib_a-s_sin.o) (__ieee754_rem_pio2)
c:/st/stm32cubeide_1.8.0/stm32cubeide/plugins/com.st.stm32cube.ide.mcu.externaltools.gnu-tools-for-stm32.10.3-2021.10.win32_1.0.0.202111181127/tools/bin/../lib/gcc/arm-none-eabi/10.3.1/../../../../arm-none-eabi/lib/thumb/v6-m/nofp\libm.a(lib_a-k_cos.o)
                              c:/st/stm32cubeide_1.8.0/stm32cubeide/plugins/com.st.stm32cube.ide.mcu.externaltools.gnu-tools-for-stm32.10.3-2021.10.win32_1.0.0.202111181127/tools/bin/../lib/gcc/arm-none-eabi/10.3.1/../../../../arm-none-eabi/lib/thumb/v6-m/nofp\libm.a(lib_a-s_sin.o) (__kernel_cos)
c:/st/stm32cubeide_1.8.0/stm32cubeide/plugins/com.st.stm32cube.ide.mcu.externaltools.gnu-tools-for-stm32.10.3-2021.10.win32_1.0.0.202111181127/tools/bin/../lib/gcc/arm-none-eabi/10.3.1/../../../../arm-none-eabi/lib/thumb/v6-m/nofp\libm.a(lib_a-k_rem_pio2.o)
                              c:/st/stm32cubeide_1.8.0/stm32cubeide/plugins/com.st.stm32cube.ide.mcu.externaltools.gnu-tools-for-stm32.10.3-2021.10.win32_1.0.0.202111181127/tools/bin/../lib/gcc/arm-none-eabi/10.3.1/../../../../arm-none-eabi/lib/thumb/v6-m/nofp\libm.a(lib_a-e_rem_pio2.o) (__kernel_rem_pio2)
c:/st/stm32cubeide_1.8.0/stm32cubeide/plugins/com.st.stm32cube.ide.mcu.externaltools.gnu-tools-for-stm32.10.3-2021.10.win32_1.0.0.202111181127/tools/bin/../lib/gcc/arm-none-eabi/10.3.1/../../../../arm-none-eabi/lib/thumb/v6-m/nofp\libm.a(lib_a-k_sin.o)
                              c:/st/stm32cubeide_1.8.0/stm32cubeide/plugins/com.st.stm32cube.ide.mcu.externaltools.gnu-tools-for-stm32.10.3-2021.10.win32_1.0.0.202111181127/tools/bin/../lib/gcc/arm-none-eabi/10.3.1/../../../../arm-none-eabi/lib/thumb/v6-m/nofp\libm.a(lib_a-s_sin.o) (__kernel_sin)
[...]
Memory Configuration

Name             Origin             Length             Attributes
RAM              0x0000000020000000 0x0000000000009000 xrw
FLASH            0x0000000008000000 0x0000000000020000 xr
*default*        0x0000000000000000 0xffffffffffffffff

Linker script and memory map

LOAD c:/st/stm32cubeide_1.8.0/stm32cubeide/plugins/com.st.stm32cube.ide.mcu.externaltools.gnu-tools-for-stm32.10.3-2021.10.win32_1.0.0.202111181127/tools/bin/../lib/gcc/arm-none-eabi/10.3.1/thumb/v6-m/nofp/crti.o
LOAD c:/st/stm32cubeide_1.8.0/stm32cubeide/plugins/com.st.stm32cube.ide.mcu.externaltools.gnu-tools-for-stm32.10.3-2021.10.win32_1.0.0.202111181127/tools/bin/../lib/gcc/arm-none-eabi/10.3.1/thumb/v6-m/nofp/crtbegin.o
LOAD c:/st/stm32cubeide_1.8.0/stm32cubeide/plugins/com.st.stm32cube.ide.mcu.externaltools.gnu-tools-for-stm32.10.3-2021.10.win32_1.0.0.202111181127/tools/bin/../lib/gcc/arm-none-eabi/10.3.1/../../../../arm-none-eabi/lib/thumb/v6-m/nofp/crt0.o
LOAD ./Core/Src/main.o
LOAD ./Core/Src/stm32g0xx_hal_msp.o
LOAD ./Core/Src/stm32g0xx_it.o
LOAD ./Core/Src/system_stm32g0xx.o
LOAD ./Core/Startup/startup_stm32g071kbtx.o
LOAD ./Drivers/STM32G0xx_HAL_Driver/Src/stm32g0xx_hal.o
LOAD ./Drivers/STM32G0xx_HAL_Driver/Src/stm32g0xx_hal_comp.o
LOAD ./Drivers/STM32G0xx_HAL_Driver/Src/stm32g0xx_hal_cortex.o
LOAD ./Drivers/STM32G0xx_HAL_Driver/Src/stm32g0xx_hal_dma.o
LOAD ./Drivers/STM32G0xx_HAL_Driver/Src/stm32g0xx_hal_dma_ex.o
LOAD ./Drivers/STM32G0xx_HAL_Driver/Src/stm32g0xx_hal_exti.o
LOAD ./Drivers/STM32G0xx_HAL_Driver/Src/stm32g0xx_hal_flash.o
LOAD ./Drivers/STM32G0xx_HAL_Driver/Src/stm32g0xx_hal_flash_ex.o
LOAD ./Drivers/STM32G0xx_HAL_Driver/Src/stm32g0xx_hal_gpio.o
LOAD ./Drivers/STM32G0xx_HAL_Driver/Src/stm32g0xx_hal_i2c.o
LOAD ./Drivers/STM32G0xx_HAL_Driver/Src/stm32g0xx_hal_i2c_ex.o
LOAD ./Drivers/STM32G0xx_HAL_Driver/Src/stm32g0xx_hal_i2s.o
LOAD ./Drivers/STM32G0xx_HAL_Driver/Src/stm32g0xx_hal_pwr.o
LOAD ./Drivers/STM32G0xx_HAL_Driver/Src/stm32g0xx_hal_pwr_ex.o
LOAD ./Drivers/STM32G0xx_HAL_Driver/Src/stm32g0xx_hal_rcc.o
LOAD ./Drivers/STM32G0xx_HAL_Driver/Src/stm32g0xx_hal_rcc_ex.o
LOAD ./Drivers/STM32G0xx_HAL_Driver/Src/stm32g0xx_hal_spi.o
LOAD ./Drivers/STM32G0xx_HAL_Driver/Src/stm32g0xx_hal_spi_ex.o
LOAD ./Drivers/STM32G0xx_HAL_Driver/Src/stm32g0xx_hal_tim.o
LOAD ./Drivers/STM32G0xx_HAL_Driver/Src/stm32g0xx_hal_tim_ex.o
LOAD ./Drivers/STM32G0xx_HAL_Driver/Src/stm32g0xx_hal_usart.o
LOAD ./Drivers/STM32G0xx_HAL_Driver/Src/stm32g0xx_hal_usart_ex.o
LOAD ./Drivers/STM32G0xx_HAL_Driver/Src/stm32g0xx_ll_dma.o
LOAD ./Drivers/STM32G0xx_HAL_Driver/Src/stm32g0xx_ll_exti.o
LOAD ./Drivers/STM32G0xx_HAL_Driver/Src/stm32g0xx_ll_gpio.o
LOAD ./Drivers/STM32G0xx_HAL_Driver/Src/stm32g0xx_ll_rcc.o
LOAD ./Drivers/STM32G0xx_HAL_Driver/Src/stm32g0xx_ll_usart.o
LOAD ./Drivers/STM32G0xx_HAL_Driver/Src/stm32g0xx_ll_utils.o
START GROUP
LOAD c:/st/stm32cubeide_1.8.0/stm32cubeide/plugins/com.st.stm32cube.ide.mcu.externaltools.gnu-tools-for-stm32.10.3-2021.10.win32_1.0.0.202111181127/tools/bin/../lib/gcc/arm-none-eabi/10.3.1/../../../../arm-none-eabi/lib/thumb/v6-m/nofp\libc_nano.a
LOAD c:/st/stm32cubeide_1.8.0/stm32cubeide/plugins/com.st.stm32cube.ide.mcu.externaltools.gnu-tools-for-stm32.10.3-2021.10.win32_1.0.0.202111181127/tools/bin/../lib/gcc/arm-none-eabi/10.3.1/../../../../arm-none-eabi/lib/thumb/v6-m/nofp\libm.a
END GROUP
START GROUP
LOAD c:/st/stm32cubeide_1.8.0/stm32cubeide/plugins/com.st.stm32cube.ide.mcu.externaltools.gnu-tools-for-stm32.10.3-2021.10.win32_1.0.0.202111181127/tools/bin/../lib/gcc/arm-none-eabi/10.3.1/thumb/v6-m/nofp\libgcc.a
LOAD c:/st/stm32cubeide_1.8.0/stm32cubeide/plugins/com.st.stm32cube.ide.mcu.externaltools.gnu-tools-for-stm32.10.3-2021.10.win32_1.0.0.202111181127/tools/bin/../lib/gcc/arm-none-eabi/10.3.1/../../../../arm-none-eabi/lib/thumb/v6-m/nofp\libc_nano.a
END GROUP
START GROUP
LOAD c:/st/stm32cubeide_1.8.0/stm32cubeide/plugins/com.st.stm32cube.ide.mcu.externaltools.gnu-tools-for-stm32.10.3-2021.10.win32_1.0.0.202111181127/tools/bin/../lib/gcc/arm-none-eabi/10.3.1/thumb/v6-m/nofp\libgcc.a
LOAD c:/st/stm32cubeide_1.8.0/stm32cubeide/plugins/com.st.stm32cube.ide.mcu.externaltools.gnu-tools-for-stm32.10.3-2021.10.win32_1.0.0.202111181127/tools/bin/../lib/gcc/arm-none-eabi/10.3.1/../../../../arm-none-eabi/lib/thumb/v6-m/nofp\libc_nano.a
LOAD c:/st/stm32cubeide_1.8.0/stm32cubeide/plugins/com.st.stm32cube.ide.mcu.externaltools.gnu-tools-for-stm32.10.3-2021.10.win32_1.0.0.202111181127/tools/bin/../lib/gcc/arm-none-eabi/10.3.1/../../../../arm-none-eabi/lib/thumb/v6-m/nofp\libnosys.a
END GROUP
START GROUP
LOAD c:/st/stm32cubeide_1.8.0/stm32cubeide/plugins/com.st.stm32cube.ide.mcu.externaltools.gnu-tools-for-stm32.10.3-2021.10.win32_1.0.0.202111181127/tools/bin/../lib/gcc/arm-none-eabi/10.3.1/thumb/v6-m/nofp\libgcc.a
LOAD c:/st/stm32cubeide_1.8.0/stm32cubeide/plugins/com.st.stm32cube.ide.mcu.externaltools.gnu-tools-for-stm32.10.3-2021.10.win32_1.0.0.202111181127/tools/bin/../lib/gcc/arm-none-eabi/10.3.1/../../../../arm-none-eabi/lib/thumb/v6-m/nofp\libc_nano.a
LOAD c:/st/stm32cubeide_1.8.0/stm32cubeide/plugins/com.st.stm32cube.ide.mcu.externaltools.gnu-tools-for-stm32.10.3-2021.10.win32_1.0.0.202111181127/tools/bin/../lib/gcc/arm-none-eabi/10.3.1/../../../../arm-none-eabi/lib/thumb/v6-m/nofp\libnosys.a
END GROUP
LOAD c:/st/stm32cubeide_1.8.0/stm32cubeide/plugins/com.st.stm32cube.ide.mcu.externaltools.gnu-tools-for-stm32.10.3-2021.10.win32_1.0.0.202111181127/tools/bin/../lib/gcc/arm-none-eabi/10.3.1/thumb/v6-m/nofp/crtend.o
LOAD c:/st/stm32cubeide_1.8.0/stm32cubeide/plugins/com.st.stm32cube.ide.mcu.externaltools.gnu-tools-for-stm32.10.3-2021.10.win32_1.0.0.202111181127/tools/bin/../lib/gcc/arm-none-eabi/10.3.1/thumb/v6-m/nofp/crtn.o
                0x0000000020009000                _estack = (ORIGIN (RAM) + LENGTH (RAM))
                0x0000000000000200                _Min_Heap_Size = 0x200
                0x0000000000000400                _Min_Stack_Size = 0x400

.isr_vector     0x0000000008000000       0xbc
                0x0000000008000000                . = ALIGN (0x4)
 *(.isr_vector)
 .isr_vector    0x0000000008000000       0xbc ./Core/Startup/startup_stm32g071kbtx.o
                0x0000000008000000                g_pfnVectors
                0x00000000080000bc                . = ALIGN (0x4)

.text           0x00000000080000bc     0xf73c
                0x00000000080000bc                . = ALIGN (0x4)
 *(.text)
 .text          0x00000000080000bc       0x48 c:/st/stm32cubeide_1.8.0/stm32cubeide/plugins/com.st.stm32cube.ide.mcu.externaltools.gnu-tools-for-stm32.10.3-2021.10.win32_1.0.0.202111181127/tools/bin/../lib/gcc/arm-none-eabi/10.3.1/thumb/v6-m/nofp/crtbegin.o
 .text          0x0000000008000104      0x114 c:/st/stm32cubeide_1.8.0/stm32cubeide/plugins/com.st.stm32cube.ide.mcu.externaltools.gnu-tools-for-stm32.10.3-2021.10.win32_1.0.0.202111181127/tools/bin/../lib/gcc/arm-none-eabi/10.3.1/thumb/v6-m/nofp\libgcc.a(_udivsi3.o)
                0x0000000008000104                __aeabi_uidiv
                0x0000000008000104                __udivsi3
                0x0000000008000210                __aeabi_uidivmod
 .text          0x0000000008000218      0x1d4 c:/st/stm32cubeide_1.8.0/stm32cubeide/plugins/com.st.stm32cube.ide.mcu.externaltools.gnu-tools-for-stm32.10.3-2021.10.win32_1.0.0.202111181127/tools/bin/../lib/gcc/arm-none-eabi/10.3.1/thumb/v6-m/nofp\libgcc.a(_divsi3.o)
                0x0000000008000218                __divsi3
                0x0000000008000218                __aeabi_idiv
                0x00000000080003e4                __aeabi_idivmod
 .text          0x00000000080003ec        0x4 c:/st/stm32cubeide_1.8.0/stm32cubeide/plugins/com.st.stm32cube.ide.mcu.externaltools.gnu-tools-for-stm32.10.3-2021.10.win32_1.0.0.202111181127/tools/bin/../lib/gcc/arm-none-eabi/10.3.1/thumb/v6-m/nofp\libgcc.a(_dvmd_tls.o)
                0x00000000080003ec                __aeabi_idiv0
                0x00000000080003ec                __aeabi_ldiv0
 .text          0x00000000080003f0       0x7c c:/st/stm32cubeide_1.8.0/stm32cubeide/plugins/com.st.stm32cube.ide.mcu.externaltools.gnu-tools-for-stm32.10.3-2021.10.win32_1.0.0.202111181127/tools/bin/../lib/gcc/arm-none-eabi/10.3.1/thumb/v6-m/nofp\libgcc.a(_arm_cmpdf2.o)
                0x00000000080003f0                __aeabi_cdrcmple
                0x0000000008000400                __aeabi_cdcmple
                0x0000000008000400                __aeabi_cdcmpeq
                0x0000000008000410                __aeabi_dcmpeq
                0x000000000800041c                __aeabi_dcmplt
                0x0000000008000430                __aeabi_dcmple
                0x0000000008000444                __aeabi_dcmpgt
                0x0000000008000458                __aeabi_dcmpge
 .text          0x000000000800046c      0x678 c:/st/stm32cubeide_1.8.0/stm32cubeide/plugins/com.st.stm32cube.ide.mcu.externaltools.gnu-tools-for-stm32.10.3-2021.10.win32_1.0.0.202111181127/tools/bin/../lib/gcc/arm-none-eabi/10.3.1/thumb/v6-m/nofp\libgcc.a(adddf3.o)
                0x000000000800046c                __aeabi_dadd
 .text          0x0000000008000ae4      0x5ec c:/st/stm32cubeide_1.8.0/stm32cubeide/plugins/com.st.stm32cube.ide.mcu.externaltools.gnu-tools-for-stm32.10.3-2021.10.win32_1.0.0.202111181127/tools/bin/../lib/gcc/arm-none-eabi/10.3.1/thumb/v6-m/nofp\libgcc.a(divdf3.o)
                0x0000000008000ae4                __aeabi_ddiv
 .text          0x00000000080010d0       0x84 c:/st/stm32cubeide_1.8.0/stm32cubeide/plugins/com.st.stm32cube.ide.mcu.externaltools.gnu-tools-for-stm32.10.3-2021.10.win32_1.0.0.202111181127/tools/bin/../lib/gcc/arm-none-eabi/10.3.1/thumb/v6-m/nofp\libgcc.a(eqdf2.o)
                0x00000000080010d0                __nedf2
                0x00000000080010d0                __eqdf2
 .text          0x0000000008001154       0xcc c:/st/stm32cubeide_1.8.0/stm32cubeide/plugins/com.st.stm32cube.ide.mcu.externaltools.gnu-tools-for-stm32.10.3-2021.10.win32_1.0.0.202111181127/tools/bin/../lib/gcc/arm-none-eabi/10.3.1/thumb/v6-m/nofp\libgcc.a(gedf2.o)
                0x0000000008001154                __gedf2
                0x0000000008001154                __gtdf2
 .text          0x0000000008001220       0xc8 c:/st/stm32cubeide_1.8.0/stm32cubeide/plugins/com.st.stm32cube.ide.mcu.externaltools.gnu-tools-for-stm32.10.3-2021.10.win32_1.0.0.202111181127/tools/bin/../lib/gcc/arm-none-eabi/10.3.1/thumb/v6-m/nofp\libgcc.a(ledf2.o)
                0x0000000008001220                __ledf2
                0x0000000008001220                __ltdf2
 .text          0x00000000080012e8      0x4d8 c:/st/stm32cubeide_1.8.0/stm32cubeide/plugins/com.st.stm32cube.ide.mcu.externaltools.gnu-tools-for-stm32.10.3-2021.10.win32_1.0.0.202111181127/tools/bin/../lib/gcc/arm-none-eabi/10.3.1/thumb/v6-m/nofp\libgcc.a(muldf3.o)
                0x00000000080012e8                __aeabi_dmul
 .text          0x00000000080017c0      0x724 c:/st/stm32cubeide_1.8.0/stm32cubeide/plugins/com.st.stm32cube.ide.mcu.externaltools.gnu-tools-for-stm32.10.3-2021.10.win32_1.0.0.202111181127/tools/bin/../lib/gcc/arm-none-eabi/10.3.1/thumb/v6-m/nofp\libgcc.a(subdf3.o)
                0x00000000080017c0                __aeabi_dsub
 .text          0x0000000008001ee4       0x6c c:/st/stm32cubeide_1.8.0/stm32cubeide/plugins/com.st.stm32cube.ide.mcu.externaltools.gnu-tools-for-stm32.10.3-2021.10.win32_1.0.0.202111181127/tools/bin/../lib/gcc/arm-none-eabi/10.3.1/thumb/v6-m/nofp\libgcc.a(fixdfsi.o)
                0x0000000008001ee4                __aeabi_d2iz
 .text          0x0000000008001f50       0x60 c:/st/stm32cubeide_1.8.0/stm32cubeide/plugins/com.st.stm32cube.ide.mcu.externaltools.gnu-tools-for-stm32.10.3-2021.10.win32_1.0.0.202111181127/tools/bin/../lib/gcc/arm-none-eabi/10.3.1/thumb/v6-m/nofp\libgcc.a(floatsidf.o)
                0x0000000008001f50                __aeabi_i2d
 .text          0x0000000008001fb0       0x4c c:/st/stm32cubeide_1.8.0/stm32cubeide/plugins/com.st.stm32cube.ide.mcu.externaltools.gnu-tools-for-stm32.10.3-2021.10.win32_1.0.0.202111181127/tools/bin/../lib/gcc/arm-none-eabi/10.3.1/thumb/v6-m/nofp\libgcc.a(floatunsidf.o)
                0x0000000008001fb0                __aeabi_ui2d
 .text          0x0000000008001ffc       0x3c c:/st/stm32cubeide_1.8.0/stm32cubeide/plugins/com.st.stm32cube.ide.mcu.externaltools.gnu-tools-for-stm32.10.3-2021.10.win32_1.0.0.202111181127/tools/bin/../lib/gcc/arm-none-eabi/10.3.1/thumb/v6-m/nofp\libgcc.a(_clzsi2.o)
                0x0000000008001ffc                __clzsi2
 *(.text*)
 .text.__NVIC_EnableIRQ
                0x0000000008002038       0x34 ./Core/Src/main.o
 .text.__NVIC_SetPriority
                0x000000000800206c       0xdc ./Core/Src/main.o
 .text.LL_USART_Enable
                0x0000000008002148       0x1c ./Core/Src/main.o
 .text.LL_USART_DisableFIFO
                0x0000000008002164       0x20 ./Core/Src/main.o
 .text.LL_USART_SetTXFIFOThreshold
                0x0000000008002184       0x46 ./Core/Src/main.o
 *fill*         0x00000000080021ca        0x2 
 .text.LL_USART_SetRXFIFOThreshold
                0x00000000080021cc       0x4c ./Core/Src/main.o
 .text.LL_USART_ConfigAsyncMode
                0x0000000008002218       0x30 ./Core/Src/main.o
 .text.LL_USART_IsActiveFlag_TEACK
                0x0000000008002248       0x28 ./Core/Src/main.o
 .text.LL_USART_IsActiveFlag_REACK
                0x0000000008002270       0x28 ./Core/Src/main.o
 .text.LL_USART_EnableIT_RXNE_RXFNE
                0x0000000008002298       0x3e ./Core/Src/main.o
 .text.LL_USART_EnableIT_ERROR
                0x00000000080022d6       0x3e ./Core/Src/main.o
 .text.LL_USART_ReceiveData9
                0x0000000008002314       0x1c ./Core/Src/main.o
 .text.LL_SYSCFG_EnableFastModePlus
                0x0000000008002330       0x20 ./Core/Src/main.o
 .text.LL_GPIO_SetOutputPin
                0x0000000008002350       0x18 ./Core/Src/main.o
 .text.LL_GPIO_ResetOutputPin
                0x0000000008002368       0x18 ./Core/Src/main.o
 .text.LL_APB1_GRP1_EnableClock
                0x0000000008002380       0x2c ./Core/Src/main.o
 .text.LL_IOP_GRP1_EnableClock
                0x00000000080023ac       0x2c ./Core/Src/main.o
 .text.main     0x00000000080023d8      0x260 ./Core/Src/main.o
                0x00000000080023d8                main
 .text.SystemClock_Config
                0x0000000008002638       0xbc ./Core/Src/main.o
                0x0000000008002638                SystemClock_Config
 .text.MX_COMP1_Init
                0x00000000080026f4       0x64 ./Core/Src/main.o
 .text.MX_I2C1_Init
                0x0000000008002758       0x80 ./Core/Src/main.o
 .text.MX_I2S1_Init
                0x00000000080027d8       0x54 ./Core/Src/main.o
 .text.MX_SPI2_Init
                0x000000000800282c       0x88 ./Core/Src/main.o
 .text.MX_TIM1_Init
                0x00000000080028b4      0x1f4 ./Core/Src/main.o
 .text.MX_USART2_UART_Init
                0x0000000008002aa8      0x16c ./Core/Src/main.o
 .text.MX_USART3_Init
                0x0000000008002c14       0x88 ./Core/Src/main.o
 .text.MX_DMA_Init
                0x0000000008002c9c       0x3c ./Core/Src/main.o
 .text.MX_GPIO_Init
                0x0000000008002cd8      0x270 ./Core/Src/main.o
 .text.USART2_RX_Callback
                0x0000000008002f48       0x70 ./Core/Src/main.o
                0x0000000008002f48                USART2_RX_Callback
 .text.HAL_USART_TxCpltCallback
                0x0000000008002fb8       0x3c ./Core/Src/main.o
                0x0000000008002fb8                HAL_USART_TxCpltCallback
 .text.HAL_I2S_TxHalfCpltCallback
                0x0000000008002ff4       0x14 ./Core/Src/main.o
                0x0000000008002ff4                HAL_I2S_TxHalfCpltCallback
 .text.HAL_I2S_TxCpltCallback
                0x0000000008003008       0x14 ./Core/Src/main.o
                0x0000000008003008                HAL_I2S_TxCpltCallback
 .text.cmdReceive
                0x000000000800301c      0x114 ./Core/Src/main.o
                0x000000000800301c                cmdReceive
 .text.USART_AS_SPI_sendCMD
                0x0000000008003130       0x24 ./Core/Src/main.o
                0x0000000008003130                USART_AS_SPI_sendCMD
 .text.weoInit  0x0000000008003154      0x138 ./Core/Src/main.o
                0x0000000008003154                weoInit
 .text.weoClear
                0x000000000800328c       0xc8 ./Core/Src/main.o
                0x000000000800328c                weoClear
 .text.weoDrawRectangleFilled
                0x0000000008003354      0x1cc ./Core/Src/main.o
                0x0000000008003354                weoDrawRectangleFilled
 .text.I2C_SOUND_ChangePage
                0x0000000008003520       0x3c ./Core/Src/main.o
                0x0000000008003520                I2C_SOUND_ChangePage
 .text.WriteReg_I2C_SOUND
                0x000000000800355c       0x44 ./Core/Src/main.o
                0x000000000800355c                WriteReg_I2C_SOUND
 .text.soundSetup
                0x00000000080035a0      0x114 ./Core/Src/main.o
                0x00000000080035a0                soundSetup
 .text.setVolume
                0x00000000080036b4       0x5e ./Core/Src/main.o
                0x00000000080036b4                setVolume
 *fill*         0x0000000008003712        0x2 
 .text.answer2CPU
                0x0000000008003714      0x8c4 ./Core/Src/main.o
                0x0000000008003714                answer2CPU
 .text.MEM_Reset
                0x0000000008003fd8       0xbc ./Core/Src/main.o
                0x0000000008003fd8                MEM_Reset
 .text.weoShowFullScreen
                0x0000000008004094      0x12c ./Core/Src/main.o
                0x0000000008004094                weoShowFullScreen
 .text.weoShowSmallImage
                0x00000000080041c0      0x2c0 ./Core/Src/main.o
                0x00000000080041c0                weoShowSmallImage
 .text.soundPlay
                0x0000000008004480      0x3f0 ./Core/Src/main.o
                0x0000000008004480                soundPlay
 .text.sound_half_transfer_callback
                0x0000000008004870       0x14 ./Core/Src/main.o
                0x0000000008004870                sound_half_transfer_callback
 .text.sound_full_transfer_callback
                0x0000000008004884       0x50 ./Core/Src/main.o
                0x0000000008004884                sound_full_transfer_callback
 .text.MEM_GetID
                0x00000000080048d4       0xc4 ./Core/Src/main.o
                0x00000000080048d4                MEM_GetID
 .text.cmdExecute
                0x0000000008004998      0x1c4 ./Core/Src/main.o
                0x0000000008004998                cmdExecute
 .text.printASCIIarray
                0x0000000008004b5c     0x1c98 ./Core/Src/main.o
                0x0000000008004b5c                printASCIIarray
 .text.squeak_generate
                0x00000000080067f4       0xd4 ./Core/Src/main.o
                0x00000000080067f4                squeak_generate
 .text.LIS3DHsendCMD
                0x00000000080068c8       0x44 ./Core/Src/main.o
                0x00000000080068c8                LIS3DHsendCMD
 .text.LIS3DHsetup
                0x000000000800690c       0x64 ./Core/Src/main.o
                0x000000000800690c                LIS3DHsetup
 .text.Error_Handler
                0x0000000008006970        0xa ./Core/Src/main.o
                0x0000000008006970                Error_Handler
 *fill*         0x000000000800697a        0x2 
 .text.HAL_MspInit
                0x000000000800697c       0x50 ./Core/Src/stm32g0xx_hal_msp.o
                0x000000000800697c                HAL_MspInit
 .text.HAL_COMP_MspInit
                0x00000000080069cc       0x6c ./Core/Src/stm32g0xx_hal_msp.o
                0x00000000080069cc                HAL_COMP_MspInit
 .text.HAL_I2C_MspInit
                0x0000000008006a38       0xd4 ./Core/Src/stm32g0xx_hal_msp.o
                0x0000000008006a38                HAL_I2C_MspInit
 .text.HAL_I2S_MspInit
                0x0000000008006b0c      0x180 ./Core/Src/stm32g0xx_hal_msp.o
                0x0000000008006b0c                HAL_I2S_MspInit
 .text.HAL_SPI_MspInit
                0x0000000008006c8c       0xd4 ./Core/Src/stm32g0xx_hal_msp.o
                0x0000000008006c8c                HAL_SPI_MspInit
 .text.HAL_TIM_Base_MspInit
                0x0000000008006d60       0x6c ./Core/Src/stm32g0xx_hal_msp.o
                0x0000000008006d60                HAL_TIM_Base_MspInit
 .text.HAL_TIM_MspPostInit
                0x0000000008006dcc       0x7c ./Core/Src/stm32g0xx_hal_msp.o
                0x0000000008006dcc                HAL_TIM_MspPostInit
 .text.HAL_USART_MspInit
                0x0000000008006e48       0xec ./Core/Src/stm32g0xx_hal_msp.o
                0x0000000008006e48                HAL_USART_MspInit
 .text.LL_USART_IsActiveFlag_FE
                0x0000000008006f34       0x22 ./Core/Src/stm32g0xx_it.o
 .text.LL_USART_IsActiveFlag_NE
                0x0000000008006f56       0x22 ./Core/Src/stm32g0xx_it.o
 .text.LL_USART_IsActiveFlag_ORE
                0x0000000008006f78       0x22 ./Core/Src/stm32g0xx_it.o
 .text.LL_USART_IsActiveFlag_RXNE_RXFNE
                0x0000000008006f9a       0x22 ./Core/Src/stm32g0xx_it.o
 .text.LL_USART_IsEnabledIT_RXNE_RXFNE
                0x0000000008006fbc       0x22 ./Core/Src/stm32g0xx_it.o
 .text.NMI_Handler
                0x0000000008006fde        0xa ./Core/Src/stm32g0xx_it.o
                0x0000000008006fde                NMI_Handler
 .text.HardFault_Handler
                0x0000000008006fe8        0x6 ./Core/Src/stm32g0xx_it.o
                0x0000000008006fe8                HardFault_Handler
 .text.SVC_Handler
                0x0000000008006fee        0xa ./Core/Src/stm32g0xx_it.o
                0x0000000008006fee                SVC_Handler
 .text.PendSV_Handler
                0x0000000008006ff8        0xa ./Core/Src/stm32g0xx_it.o
                0x0000000008006ff8                PendSV_Handler
 .text.SysTick_Handler
                0x0000000008007002        0xe ./Core/Src/stm32g0xx_it.o
                0x0000000008007002                SysTick_Handler
 .text.DMA1_Channel1_IRQHandler
                0x0000000008007010       0x18 ./Core/Src/stm32g0xx_it.o
                0x0000000008007010                DMA1_Channel1_IRQHandler
 .text.I2C1_IRQHandler
                0x0000000008007028       0x30 ./Core/Src/stm32g0xx_it.o
                0x0000000008007028                I2C1_IRQHandler
 .text.SPI1_IRQHandler
                0x0000000008007058       0x18 ./Core/Src/stm32g0xx_it.o
                0x0000000008007058                SPI1_IRQHandler
 .text.SPI2_IRQHandler
                0x0000000008007070       0x18 ./Core/Src/stm32g0xx_it.o
                0x0000000008007070                SPI2_IRQHandler
 .text.USART2_IRQHandler
                0x0000000008007088       0xa0 ./Core/Src/stm32g0xx_it.o
                0x0000000008007088                USART2_IRQHandler
 .text.USART3_4_LPUART1_IRQHandler
                0x0000000008007128       0x18 ./Core/Src/stm32g0xx_it.o
                0x0000000008007128                USART3_4_LPUART1_IRQHandler
 .text.SystemInit
                0x0000000008007140        0xa ./Core/Src/system_stm32g0xx.o
                0x0000000008007140                SystemInit
 *fill*         0x000000000800714a        0x2 
 .text.Reset_Handler
                0x000000000800714c       0x50 ./Core/Startup/startup_stm32g071kbtx.o
                0x000000000800714c                Reset_Handler
 .text.Default_Handler
                0x000000000800719c        0x2 ./Core/Startup/startup_stm32g071kbtx.o
                0x000000000800719c                TIM1_CC_IRQHandler
                0x000000000800719c                ADC1_COMP_IRQHandler
                0x000000000800719c                PVD_IRQHandler
                0x000000000800719c                TIM7_LPTIM2_IRQHandler
                0x000000000800719c                RTC_TAMP_IRQHandler
                0x000000000800719c                EXTI2_3_IRQHandler
                0x000000000800719c                I2C2_IRQHandler
                0x000000000800719c                TIM17_IRQHandler
                0x000000000800719c                TIM16_IRQHandler
                0x000000000800719c                TIM3_IRQHandler
                0x000000000800719c                EXTI4_15_IRQHandler
                0x000000000800719c                RCC_IRQHandler
                0x000000000800719c                Default_Handler
                0x000000000800719c                CEC_IRQHandler
                0x000000000800719c                TIM14_IRQHandler
                0x000000000800719c                TIM15_IRQHandler
                0x000000000800719c                EXTI0_1_IRQHandler
                0x000000000800719c                TIM6_DAC_LPTIM1_IRQHandler
                0x000000000800719c                WWDG_IRQHandler
                0x000000000800719c                TIM2_IRQHandler
                0x000000000800719c                DMA1_Ch4_7_DMAMUX1_OVR_IRQHandler
                0x000000000800719c                DMA1_Channel2_3_IRQHandler
                0x000000000800719c                UCPD1_2_IRQHandler
                0x000000000800719c                FLASH_IRQHandler
                0x000000000800719c                USART1_IRQHandler
                0x000000000800719c                TIM1_BRK_UP_TRG_COM_IRQHandler
 *fill*         0x000000000800719e        0x2 
 .text.HAL_Init
                0x00000000080071a0       0x40 ./Drivers/STM32G0xx_HAL_Driver/Src/stm32g0xx_hal.o
                0x00000000080071a0                HAL_Init
 .text.HAL_InitTick
                0x00000000080071e0       0x94 ./Drivers/STM32G0xx_HAL_Driver/Src/stm32g0xx_hal.o
                0x00000000080071e0                HAL_InitTick
 .text.HAL_IncTick
                0x0000000008007274       0x24 ./Drivers/STM32G0xx_HAL_Driver/Src/stm32g0xx_hal.o
                0x0000000008007274                HAL_IncTick
 .text.HAL_GetTick
                0x0000000008007298       0x14 ./Drivers/STM32G0xx_HAL_Driver/Src/stm32g0xx_hal.o
                0x0000000008007298                HAL_GetTick
 .text.HAL_Delay
                0x00000000080072ac       0x48 ./Drivers/STM32G0xx_HAL_Driver/Src/stm32g0xx_hal.o
                0x00000000080072ac                HAL_Delay
 .text.HAL_SYSCFG_StrobeDBattpinsConfig
                0x00000000080072f4       0x2c ./Drivers/STM32G0xx_HAL_Driver/Src/stm32g0xx_hal.o
                0x00000000080072f4                HAL_SYSCFG_StrobeDBattpinsConfig
 .text.LL_EXTI_EnableIT_0_31
                0x0000000008007320       0x24 ./Drivers/STM32G0xx_HAL_Driver/Src/stm32g0xx_hal_comp.o
 .text.LL_EXTI_DisableIT_0_31
                0x0000000008007344       0x28 ./Drivers/STM32G0xx_HAL_Driver/Src/stm32g0xx_hal_comp.o
 .text.LL_EXTI_EnableEvent_0_31
                0x000000000800736c       0x24 ./Drivers/STM32G0xx_HAL_Driver/Src/stm32g0xx_hal_comp.o
 .text.LL_EXTI_DisableEvent_0_31
                0x0000000008007390       0x28 ./Drivers/STM32G0xx_HAL_Driver/Src/stm32g0xx_hal_comp.o
 .text.LL_EXTI_EnableRisingTrig_0_31
                0x00000000080073b8       0x20 ./Drivers/STM32G0xx_HAL_Driver/Src/stm32g0xx_hal_comp.o
 .text.LL_EXTI_DisableRisingTrig_0_31
                0x00000000080073d8       0x24 ./Drivers/STM32G0xx_HAL_Driver/Src/stm32g0xx_hal_comp.o
 .text.LL_EXTI_EnableFallingTrig_0_31
                0x00000000080073fc       0x20 ./Drivers/STM32G0xx_HAL_Driver/Src/stm32g0xx_hal_comp.o
 .text.LL_EXTI_DisableFallingTrig_0_31
                0x000000000800741c       0x24 ./Drivers/STM32G0xx_HAL_Driver/Src/stm32g0xx_hal_comp.o
 .text.LL_EXTI_ClearFallingFlag_0_31
                0x0000000008007440       0x1c ./Drivers/STM32G0xx_HAL_Driver/Src/stm32g0xx_hal_comp.o
 .text.LL_EXTI_ClearRisingFlag_0_31
                0x000000000800745c       0x1c ./Drivers/STM32G0xx_HAL_Driver/Src/stm32g0xx_hal_comp.o
 .text.HAL_COMP_Init
                0x0000000008007478      0x2c4 ./Drivers/STM32G0xx_HAL_Driver/Src/stm32g0xx_hal_comp.o
                0x0000000008007478                HAL_COMP_Init
 .text.HAL_COMP_Start
                0x000000000800773c       0xa4 ./Drivers/STM32G0xx_HAL_Driver/Src/stm32g0xx_hal_comp.o
                0x000000000800773c                HAL_COMP_Start
 .text.__NVIC_EnableIRQ
                0x00000000080077e0       0x34 ./Drivers/STM32G0xx_HAL_Driver/Src/stm32g0xx_hal_cortex.o
 .text.__NVIC_SetPriority
                0x0000000008007814       0xdc ./Drivers/STM32G0xx_HAL_Driver/Src/stm32g0xx_hal_cortex.o
 .text.SysTick_Config
                0x00000000080078f0       0x48 ./Drivers/STM32G0xx_HAL_Driver/Src/stm32g0xx_hal_cortex.o
 .text.HAL_NVIC_SetPriority
                0x0000000008007938       0x2a ./Drivers/STM32G0xx_HAL_Driver/Src/stm32g0xx_hal_cortex.o
                0x0000000008007938                HAL_NVIC_SetPriority
 .text.HAL_NVIC_EnableIRQ
                0x0000000008007962       0x20 ./Drivers/STM32G0xx_HAL_Driver/Src/stm32g0xx_hal_cortex.o
                0x0000000008007962                HAL_NVIC_EnableIRQ
 .text.HAL_SYSTICK_Config
                0x0000000008007982       0x1a ./Drivers/STM32G0xx_HAL_Driver/Src/stm32g0xx_hal_cortex.o
                0x0000000008007982                HAL_SYSTICK_Config
 .text.HAL_DMA_Init
                0x000000000800799c      0x114 ./Drivers/STM32G0xx_HAL_Driver/Src/stm32g0xx_hal_dma.o
                0x000000000800799c                HAL_DMA_Init
 .text.HAL_DMA_Start_IT
                0x0000000008007ab0      0x10c ./Drivers/STM32G0xx_HAL_Driver/Src/stm32g0xx_hal_dma.o
                0x0000000008007ab0                HAL_DMA_Start_IT
 .text.HAL_DMA_Abort_IT
                0x0000000008007bbc       0xd4 ./Drivers/STM32G0xx_HAL_Driver/Src/stm32g0xx_hal_dma.o
                0x0000000008007bbc                HAL_DMA_Abort_IT
 .text.HAL_DMA_IRQHandler
                0x0000000008007c90      0x164 ./Drivers/STM32G0xx_HAL_Driver/Src/stm32g0xx_hal_dma.o
                0x0000000008007c90                HAL_DMA_IRQHandler
 .text.HAL_DMA_GetState
                0x0000000008007df4       0x18 ./Drivers/STM32G0xx_HAL_Driver/Src/stm32g0xx_hal_dma.o
                0x0000000008007df4                HAL_DMA_GetState
 .text.DMA_SetConfig
                0x0000000008007e0c       0x80 ./Drivers/STM32G0xx_HAL_Driver/Src/stm32g0xx_hal_dma.o
 .text.DMA_CalcDMAMUXChannelBaseAndMask
                0x0000000008007e8c       0x58 ./Drivers/STM32G0xx_HAL_Driver/Src/stm32g0xx_hal_dma.o
 .text.DMA_CalcDMAMUXRequestGenBaseAndMask
                0x0000000008007ee4       0x48 ./Drivers/STM32G0xx_HAL_Driver/Src/stm32g0xx_hal_dma.o
 .text.HAL_GPIO_Init
                0x0000000008007f2c      0x2c8 ./Drivers/STM32G0xx_HAL_Driver/Src/stm32g0xx_hal_gpio.o
                0x0000000008007f2c                HAL_GPIO_Init
 .text.HAL_I2C_Init
                0x00000000080081f4      0x12c ./Drivers/STM32G0xx_HAL_Driver/Src/stm32g0xx_hal_i2c.o
                0x00000000080081f4                HAL_I2C_Init
 .text.HAL_I2C_Master_Transmit
                0x0000000008008320      0x210 ./Drivers/STM32G0xx_HAL_Driver/Src/stm32g0xx_hal_i2c.o
                0x0000000008008320                HAL_I2C_Master_Transmit
 .text.HAL_I2C_EV_IRQHandler
                0x0000000008008530       0x34 ./Drivers/STM32G0xx_HAL_Driver/Src/stm32g0xx_hal_i2c.o
                0x0000000008008530                HAL_I2C_EV_IRQHandler
 .text.HAL_I2C_ER_IRQHandler
                0x0000000008008564       0xc4 ./Drivers/STM32G0xx_HAL_Driver/Src/stm32g0xx_hal_i2c.o
                0x0000000008008564                HAL_I2C_ER_IRQHandler
 .text.HAL_I2C_SlaveTxCpltCallback
                0x0000000008008628       0x10 ./Drivers/STM32G0xx_HAL_Driver/Src/stm32g0xx_hal_i2c.o
                0x0000000008008628                HAL_I2C_SlaveTxCpltCallback
 .text.HAL_I2C_SlaveRxCpltCallback
                0x0000000008008638       0x10 ./Drivers/STM32G0xx_HAL_Driver/Src/stm32g0xx_hal_i2c.o
                0x0000000008008638                HAL_I2C_SlaveRxCpltCallback
 .text.HAL_I2C_AddrCallback
                0x0000000008008648       0x20 ./Drivers/STM32G0xx_HAL_Driver/Src/stm32g0xx_hal_i2c.o
                0x0000000008008648                HAL_I2C_AddrCallback
 .text.HAL_I2C_ListenCpltCallback
                0x0000000008008668       0x10 ./Drivers/STM32G0xx_HAL_Driver/Src/stm32g0xx_hal_i2c.o
                0x0000000008008668                HAL_I2C_ListenCpltCallback
 .text.HAL_I2C_ErrorCallback
                0x0000000008008678       0x10 ./Drivers/STM32G0xx_HAL_Driver/Src/stm32g0xx_hal_i2c.o
                0x0000000008008678                HAL_I2C_ErrorCallback
 .text.HAL_I2C_AbortCpltCallback
                0x0000000008008688       0x10 ./Drivers/STM32G0xx_HAL_Driver/Src/stm32g0xx_hal_i2c.o
                0x0000000008008688                HAL_I2C_AbortCpltCallback
 .text.I2C_Slave_ISR_IT
                0x0000000008008698      0x228 ./Drivers/STM32G0xx_HAL_Driver/Src/stm32g0xx_hal_i2c.o
 .text.I2C_ITAddrCplt
                0x00000000080088c0      0x148 ./Drivers/STM32G0xx_HAL_Driver/Src/stm32g0xx_hal_i2c.o
 .text.I2C_ITSlaveSeqCplt
                0x0000000008008a08       0xcc ./Drivers/STM32G0xx_HAL_Driver/Src/stm32g0xx_hal_i2c.o
 .text.I2C_ITSlaveCplt
                0x0000000008008ad4      0x248 ./Drivers/STM32G0xx_HAL_Driver/Src/stm32g0xx_hal_i2c.o
 .text.I2C_ITListenCplt
                0x0000000008008d1c       0xb4 ./Drivers/STM32G0xx_HAL_Driver/Src/stm32g0xx_hal_i2c.o
 .text.I2C_ITError
                0x0000000008008dd0      0x1c4 ./Drivers/STM32G0xx_HAL_Driver/Src/stm32g0xx_hal_i2c.o
 .text.I2C_TreatErrorCallback
                0x0000000008008f94       0x52 ./Drivers/STM32G0xx_HAL_Driver/Src/stm32g0xx_hal_i2c.o
 .text.I2C_Flush_TXDR
                0x0000000008008fe6       0x44 ./Drivers/STM32G0xx_HAL_Driver/Src/stm32g0xx_hal_i2c.o
 .text.I2C_DMAAbort
                0x000000000800902a       0x3e ./Drivers/STM32G0xx_HAL_Driver/Src/stm32g0xx_hal_i2c.o
 .text.I2C_WaitOnFlagUntilTimeout
                0x0000000008009068       0x7e ./Drivers/STM32G0xx_HAL_Driver/Src/stm32g0xx_hal_i2c.o
 .text.I2C_WaitOnTXISFlagUntilTimeout
                0x00000000080090e6       0x7e ./Drivers/STM32G0xx_HAL_Driver/Src/stm32g0xx_hal_i2c.o
 .text.I2C_WaitOnSTOPFlagUntilTimeout
                0x0000000008009164       0x78 ./Drivers/STM32G0xx_HAL_Driver/Src/stm32g0xx_hal_i2c.o
 .text.I2C_IsErrorOccurred
                0x00000000080091dc      0x200 ./Drivers/STM32G0xx_HAL_Driver/Src/stm32g0xx_hal_i2c.o
 .text.I2C_TransferConfig
                0x00000000080093dc       0x74 ./Drivers/STM32G0xx_HAL_Driver/Src/stm32g0xx_hal_i2c.o
 .text.I2C_Disable_IRQ
                0x0000000008009450       0xc6 ./Drivers/STM32G0xx_HAL_Driver/Src/stm32g0xx_hal_i2c.o
 *fill*         0x0000000008009516        0x2 
 .text.HAL_I2CEx_ConfigAnalogFilter
                0x0000000008009518       0x98 ./Drivers/STM32G0xx_HAL_Driver/Src/stm32g0xx_hal_i2c_ex.o
                0x0000000008009518                HAL_I2CEx_ConfigAnalogFilter
 .text.HAL_I2CEx_ConfigDigitalFilter
                0x00000000080095b0       0x98 ./Drivers/STM32G0xx_HAL_Driver/Src/stm32g0xx_hal_i2c_ex.o
                0x00000000080095b0                HAL_I2CEx_ConfigDigitalFilter
 .text.HAL_I2S_Init
                0x0000000008009648      0x1ec ./Drivers/STM32G0xx_HAL_Driver/Src/stm32g0xx_hal_i2s.o
                0x0000000008009648                HAL_I2S_Init
 .text.HAL_I2S_Transmit_DMA
                0x0000000008009834      0x158 ./Drivers/STM32G0xx_HAL_Driver/Src/stm32g0xx_hal_i2s.o
                0x0000000008009834                HAL_I2S_Transmit_DMA
 .text.HAL_I2S_IRQHandler
                0x000000000800998c       0xd6 ./Drivers/STM32G0xx_HAL_Driver/Src/stm32g0xx_hal_i2s.o
                0x000000000800998c                HAL_I2S_IRQHandler
 .text.HAL_I2S_RxCpltCallback
                0x0000000008009a62       0x10 ./Drivers/STM32G0xx_HAL_Driver/Src/stm32g0xx_hal_i2s.o
                0x0000000008009a62                HAL_I2S_RxCpltCallback
 .text.HAL_I2S_ErrorCallback
                0x0000000008009a72       0x10 ./Drivers/STM32G0xx_HAL_Driver/Src/stm32g0xx_hal_i2s.o
                0x0000000008009a72                HAL_I2S_ErrorCallback
 .text.I2S_DMATxCplt
                0x0000000008009a82       0x44 ./Drivers/STM32G0xx_HAL_Driver/Src/stm32g0xx_hal_i2s.o
 .text.I2S_DMATxHalfCplt
                0x0000000008009ac6       0x1e ./Drivers/STM32G0xx_HAL_Driver/Src/stm32g0xx_hal_i2s.o
 .text.I2S_DMAError
                0x0000000008009ae4       0x4e ./Drivers/STM32G0xx_HAL_Driver/Src/stm32g0xx_hal_i2s.o
 .text.I2S_Transmit_IT
                0x0000000008009b32       0x5e ./Drivers/STM32G0xx_HAL_Driver/Src/stm32g0xx_hal_i2s.o
 .text.I2S_Receive_IT
                0x0000000008009b90       0x60 ./Drivers/STM32G0xx_HAL_Driver/Src/stm32g0xx_hal_i2s.o
 .text.HAL_PWREx_ControlVoltageScaling
                0x0000000008009bf0       0x80 ./Drivers/STM32G0xx_HAL_Driver/Src/stm32g0xx_hal_pwr_ex.o
                0x0000000008009bf0                HAL_PWREx_ControlVoltageScaling
 .text.LL_RCC_GetAPB1Prescaler
                0x0000000008009c70       0x18 ./Drivers/STM32G0xx_HAL_Driver/Src/stm32g0xx_hal_rcc.o
 .text.HAL_RCC_OscConfig
                0x0000000008009c88      0x634 ./Drivers/STM32G0xx_HAL_Driver/Src/stm32g0xx_hal_rcc.o
                0x0000000008009c88                HAL_RCC_OscConfig
 .text.HAL_RCC_ClockConfig
                0x000000000800a2bc      0x210 ./Drivers/STM32G0xx_HAL_Driver/Src/stm32g0xx_hal_rcc.o
                0x000000000800a2bc                HAL_RCC_ClockConfig
 .text.HAL_RCC_GetSysClockFreq
                0x000000000800a4cc      0x104 ./Drivers/STM32G0xx_HAL_Driver/Src/stm32g0xx_hal_rcc.o
                0x000000000800a4cc                HAL_RCC_GetSysClockFreq
 .text.HAL_RCC_GetHCLKFreq
                0x000000000800a5d0       0x14 ./Drivers/STM32G0xx_HAL_Driver/Src/stm32g0xx_hal_rcc.o
                0x000000000800a5d0                HAL_RCC_GetHCLKFreq
 .text.HAL_RCC_GetPCLK1Freq
                0x000000000800a5e4       0x2c ./Drivers/STM32G0xx_HAL_Driver/Src/stm32g0xx_hal_rcc.o
                0x000000000800a5e4                HAL_RCC_GetPCLK1Freq
 .text.HAL_RCCEx_PeriphCLKConfig
                0x000000000800a610      0x370 ./Drivers/STM32G0xx_HAL_Driver/Src/stm32g0xx_hal_rcc_ex.o
                0x000000000800a610                HAL_RCCEx_PeriphCLKConfig
 .text.HAL_RCCEx_GetPeriphCLKFreq
                0x000000000800a980      0x690 ./Drivers/STM32G0xx_HAL_Driver/Src/stm32g0xx_hal_rcc_ex.o
                0x000000000800a980                HAL_RCCEx_GetPeriphCLKFreq
 .text.HAL_SPI_Init
                0x000000000800b010      0x170 ./Drivers/STM32G0xx_HAL_Driver/Src/stm32g0xx_hal_spi.o
                0x000000000800b010                HAL_SPI_Init
 .text.HAL_SPI_Transmit
                0x000000000800b180      0x2b0 ./Drivers/STM32G0xx_HAL_Driver/Src/stm32g0xx_hal_spi.o
                0x000000000800b180                HAL_SPI_Transmit
 .text.HAL_SPI_Receive
                0x000000000800b430      0x298 ./Drivers/STM32G0xx_HAL_Driver/Src/stm32g0xx_hal_spi.o
                0x000000000800b430                HAL_SPI_Receive
 .text.HAL_SPI_TransmitReceive
                0x000000000800b6c8      0x3a4 ./Drivers/STM32G0xx_HAL_Driver/Src/stm32g0xx_hal_spi.o
                0x000000000800b6c8                HAL_SPI_TransmitReceive
 .text.HAL_SPI_IRQHandler
                0x000000000800ba6c      0x1fc ./Drivers/STM32G0xx_HAL_Driver/Src/stm32g0xx_hal_spi.o
                0x000000000800ba6c                HAL_SPI_IRQHandler
 .text.HAL_SPI_ErrorCallback
                0x000000000800bc68       0x10 ./Drivers/STM32G0xx_HAL_Driver/Src/stm32g0xx_hal_spi.o
                0x000000000800bc68                HAL_SPI_ErrorCallback
 .text.SPI_DMAAbortOnError
                0x000000000800bc78       0x2c ./Drivers/STM32G0xx_HAL_Driver/Src/stm32g0xx_hal_spi.o
 .text.SPI_WaitFlagStateUntilTimeout
                0x000000000800bca4      0x11c ./Drivers/STM32G0xx_HAL_Driver/Src/stm32g0xx_hal_spi.o
 .text.SPI_WaitFifoStateUntilTimeout
                0x000000000800bdc0      0x144 ./Drivers/STM32G0xx_HAL_Driver/Src/stm32g0xx_hal_spi.o
 .text.SPI_EndRxTransaction
                0x000000000800bf04       0xbc ./Drivers/STM32G0xx_HAL_Driver/Src/stm32g0xx_hal_spi.o
 .text.SPI_EndRxTxTransaction
                0x000000000800bfc0       0x8c ./Drivers/STM32G0xx_HAL_Driver/Src/stm32g0xx_hal_spi.o
 .text.HAL_TIM_Base_Init
                0x000000000800c04c       0xb0 ./Drivers/STM32G0xx_HAL_Driver/Src/stm32g0xx_hal_tim.o
                0x000000000800c04c                HAL_TIM_Base_Init
 .text.HAL_TIM_PWM_Init
                0x000000000800c0fc       0xb0 ./Drivers/STM32G0xx_HAL_Driver/Src/stm32g0xx_hal_tim.o
                0x000000000800c0fc                HAL_TIM_PWM_Init
 .text.HAL_TIM_PWM_MspInit
                0x000000000800c1ac       0x10 ./Drivers/STM32G0xx_HAL_Driver/Src/stm32g0xx_hal_tim.o
                0x000000000800c1ac                HAL_TIM_PWM_MspInit
 .text.HAL_TIM_PWM_Start
                0x000000000800c1bc      0x1d4 ./Drivers/STM32G0xx_HAL_Driver/Src/stm32g0xx_hal_tim.o
                0x000000000800c1bc                HAL_TIM_PWM_Start
 .text.HAL_TIM_PWM_ConfigChannel
                0x000000000800c390      0x200 ./Drivers/STM32G0xx_HAL_Driver/Src/stm32g0xx_hal_tim.o
                0x000000000800c390                HAL_TIM_PWM_ConfigChannel
 .text.HAL_TIM_ConfigClockSource
                0x000000000800c590      0x1ac ./Drivers/STM32G0xx_HAL_Driver/Src/stm32g0xx_hal_tim.o
                0x000000000800c590                HAL_TIM_ConfigClockSource
 .text.TIM_Base_SetConfig
                0x000000000800c73c      0x100 ./Drivers/STM32G0xx_HAL_Driver/Src/stm32g0xx_hal_tim.o
                0x000000000800c73c                TIM_Base_SetConfig
 .text.TIM_OC1_SetConfig
                0x000000000800c83c      0x114 ./Drivers/STM32G0xx_HAL_Driver/Src/stm32g0xx_hal_tim.o
 .text.TIM_OC2_SetConfig
                0x000000000800c950      0x108 ./Drivers/STM32G0xx_HAL_Driver/Src/stm32g0xx_hal_tim.o
                0x000000000800c950                TIM_OC2_SetConfig
 .text.TIM_OC3_SetConfig
                0x000000000800ca58      0x110 ./Drivers/STM32G0xx_HAL_Driver/Src/stm32g0xx_hal_tim.o
 .text.TIM_OC4_SetConfig
                0x000000000800cb68       0xd4 ./Drivers/STM32G0xx_HAL_Driver/Src/stm32g0xx_hal_tim.o
 .text.TIM_OC5_SetConfig
                0x000000000800cc3c       0xc0 ./Drivers/STM32G0xx_HAL_Driver/Src/stm32g0xx_hal_tim.o
 .text.TIM_OC6_SetConfig
                0x000000000800ccfc       0xc8 ./Drivers/STM32G0xx_HAL_Driver/Src/stm32g0xx_hal_tim.o
 .text.TIM_TI1_ConfigInputStage
                0x000000000800cdc4       0x5c ./Drivers/STM32G0xx_HAL_Driver/Src/stm32g0xx_hal_tim.o
 .text.TIM_TI2_ConfigInputStage
                0x000000000800ce20       0x64 ./Drivers/STM32G0xx_HAL_Driver/Src/stm32g0xx_hal_tim.o
 .text.TIM_ITRx_SetConfig
                0x000000000800ce84       0x38 ./Drivers/STM32G0xx_HAL_Driver/Src/stm32g0xx_hal_tim.o
 .text.TIM_ETR_SetConfig
                0x000000000800cebc       0x40 ./Drivers/STM32G0xx_HAL_Driver/Src/stm32g0xx_hal_tim.o
                0x000000000800cebc                TIM_ETR_SetConfig
 .text.TIM_CCxChannelCmd
                0x000000000800cefc       0x46 ./Drivers/STM32G0xx_HAL_Driver/Src/stm32g0xx_hal_tim.o
                0x000000000800cefc                TIM_CCxChannelCmd
 *fill*         0x000000000800cf42        0x2 
 .text.HAL_TIMEx_MasterConfigSynchronization
                0x000000000800cf44       0xdc ./Drivers/STM32G0xx_HAL_Driver/Src/stm32g0xx_hal_tim_ex.o
                0x000000000800cf44                HAL_TIMEx_MasterConfigSynchronization
 .text.HAL_TIMEx_ConfigBreakDeadTime
                0x000000000800d020      0x14c ./Drivers/STM32G0xx_HAL_Driver/Src/stm32g0xx_hal_tim_ex.o
                0x000000000800d020                HAL_TIMEx_ConfigBreakDeadTime
 .text.HAL_TIMEx_ConfigBreakInput
                0x000000000800d16c      0x156 ./Drivers/STM32G0xx_HAL_Driver/Src/stm32g0xx_hal_tim_ex.o
                0x000000000800d16c                HAL_TIMEx_ConfigBreakInput
 *fill*         0x000000000800d2c2        0x2 
 .text.HAL_USART_Init
                0x000000000800d2c4       0xa0 ./Drivers/STM32G0xx_HAL_Driver/Src/stm32g0xx_hal_usart.o
                0x000000000800d2c4                HAL_USART_Init
 .text.HAL_USART_Transmit
                0x000000000800d364      0x17c ./Drivers/STM32G0xx_HAL_Driver/Src/stm32g0xx_hal_usart.o
                0x000000000800d364                HAL_USART_Transmit
 .text.HAL_USART_IRQHandler
                0x000000000800d4e0      0x304 ./Drivers/STM32G0xx_HAL_Driver/Src/stm32g0xx_hal_usart.o
                0x000000000800d4e0                HAL_USART_IRQHandler
 .text.HAL_USART_TxRxCpltCallback
                0x000000000800d7e4       0x10 ./Drivers/STM32G0xx_HAL_Driver/Src/stm32g0xx_hal_usart.o
                0x000000000800d7e4                HAL_USART_TxRxCpltCallback
 .text.HAL_USART_ErrorCallback
                0x000000000800d7f4       0x10 ./Drivers/STM32G0xx_HAL_Driver/Src/stm32g0xx_hal_usart.o
                0x000000000800d7f4                HAL_USART_ErrorCallback
 .text.USART_EndTransfer
                0x000000000800d804       0x40 ./Drivers/STM32G0xx_HAL_Driver/Src/stm32g0xx_hal_usart.o
 .text.USART_DMAAbortOnError
                0x000000000800d844       0x2a ./Drivers/STM32G0xx_HAL_Driver/Src/stm32g0xx_hal_usart.o
 .text.USART_WaitOnFlagUntilTimeout
                0x000000000800d86e       0x6a ./Drivers/STM32G0xx_HAL_Driver/Src/stm32g0xx_hal_usart.o
 .text.USART_SetConfig
                0x000000000800d8d8      0x538 ./Drivers/STM32G0xx_HAL_Driver/Src/stm32g0xx_hal_usart.o
 .text.USART_CheckIdleState
                0x000000000800de10       0x88 ./Drivers/STM32G0xx_HAL_Driver/Src/stm32g0xx_hal_usart.o
 .text.USART_EndTransmit_IT
                0x000000000800de98       0x86 ./Drivers/STM32G0xx_HAL_Driver/Src/stm32g0xx_hal_usart.o
 .text.HAL_USARTEx_RxFifoFullCallback
                0x000000000800df1e       0x10 ./Drivers/STM32G0xx_HAL_Driver/Src/stm32g0xx_hal_usart_ex.o
                0x000000000800df1e                HAL_USARTEx_RxFifoFullCallback
 .text.HAL_USARTEx_TxFifoEmptyCallback
                0x000000000800df2e       0x10 ./Drivers/STM32G0xx_HAL_Driver/Src/stm32g0xx_hal_usart_ex.o
                0x000000000800df2e                HAL_USARTEx_TxFifoEmptyCallback
 .text.LL_GPIO_SetPinMode
                0x000000000800df3e       0x38 ./Drivers/STM32G0xx_HAL_Driver/Src/stm32g0xx_ll_gpio.o
 .text.LL_GPIO_SetPinOutputType
                0x000000000800df76       0x2a ./Drivers/STM32G0xx_HAL_Driver/Src/stm32g0xx_ll_gpio.o
 .text.LL_GPIO_SetPinSpeed
                0x000000000800dfa0       0x38 ./Drivers/STM32G0xx_HAL_Driver/Src/stm32g0xx_ll_gpio.o
 .text.LL_GPIO_SetPinPull
                0x000000000800dfd8       0x38 ./Drivers/STM32G0xx_HAL_Driver/Src/stm32g0xx_ll_gpio.o
 .text.LL_GPIO_SetAFPin_0_7
                0x000000000800e010       0x46 ./Drivers/STM32G0xx_HAL_Driver/Src/stm32g0xx_ll_gpio.o
 .text.LL_GPIO_SetAFPin_8_15
                0x000000000800e056       0x5a ./Drivers/STM32G0xx_HAL_Driver/Src/stm32g0xx_ll_gpio.o
 .text.LL_GPIO_Init
                0x000000000800e0b0       0xb6 ./Drivers/STM32G0xx_HAL_Driver/Src/stm32g0xx_ll_gpio.o
                0x000000000800e0b0                LL_GPIO_Init
 *fill*         0x000000000800e166        0x2 
 .text.LL_RCC_HSI_IsReady
                0x000000000800e168       0x28 ./Drivers/STM32G0xx_HAL_Driver/Src/stm32g0xx_ll_rcc.o
 .text.LL_RCC_LSE_IsReady
                0x000000000800e190       0x20 ./Drivers/STM32G0xx_HAL_Driver/Src/stm32g0xx_ll_rcc.o
 .text.LL_RCC_GetSysClkSource
                0x000000000800e1b0       0x18 ./Drivers/STM32G0xx_HAL_Driver/Src/stm32g0xx_ll_rcc.o
 .text.LL_RCC_GetAHBPrescaler
                0x000000000800e1c8       0x18 ./Drivers/STM32G0xx_HAL_Driver/Src/stm32g0xx_ll_rcc.o
 .text.LL_RCC_GetAPB1Prescaler
                0x000000000800e1e0       0x18 ./Drivers/STM32G0xx_HAL_Driver/Src/stm32g0xx_ll_rcc.o
 .text.LL_RCC_GetUSARTClockSource
                0x000000000800e1f8       0x24 ./Drivers/STM32G0xx_HAL_Driver/Src/stm32g0xx_ll_rcc.o
 .text.LL_RCC_PLL_GetN
                0x000000000800e21c       0x18 ./Drivers/STM32G0xx_HAL_Driver/Src/stm32g0xx_ll_rcc.o
 .text.LL_RCC_PLL_GetR
                0x000000000800e234       0x18 ./Drivers/STM32G0xx_HAL_Driver/Src/stm32g0xx_ll_rcc.o
 .text.LL_RCC_PLL_GetMainSource
                0x000000000800e24c       0x18 ./Drivers/STM32G0xx_HAL_Driver/Src/stm32g0xx_ll_rcc.o
 .text.LL_RCC_PLL_GetDivider
                0x000000000800e264       0x18 ./Drivers/STM32G0xx_HAL_Driver/Src/stm32g0xx_ll_rcc.o
 .text.LL_RCC_GetSystemClocksFreq
                0x000000000800e27c       0x3a ./Drivers/STM32G0xx_HAL_Driver/Src/stm32g0xx_ll_rcc.o
                0x000000000800e27c                LL_RCC_GetSystemClocksFreq
 *fill*         0x000000000800e2b6        0x2 
 .text.LL_RCC_GetUSARTClockFreq
                0x000000000800e2b8      0x120 ./Drivers/STM32G0xx_HAL_Driver/Src/stm32g0xx_ll_rcc.o
                0x000000000800e2b8                LL_RCC_GetUSARTClockFreq
 .text.RCC_GetSystemClockFreq
                0x000000000800e3d8       0x5c ./Drivers/STM32G0xx_HAL_Driver/Src/stm32g0xx_ll_rcc.o
 .text.RCC_GetHCLKClockFreq
                0x000000000800e434       0x30 ./Drivers/STM32G0xx_HAL_Driver/Src/stm32g0xx_ll_rcc.o
 .text.RCC_GetPCLK1ClockFreq
                0x000000000800e464       0x2c ./Drivers/STM32G0xx_HAL_Driver/Src/stm32g0xx_ll_rcc.o
 .text.RCC_PLL_GetFreqDomain_SYS
                0x000000000800e490       0x74 ./Drivers/STM32G0xx_HAL_Driver/Src/stm32g0xx_ll_rcc.o
 .text.LL_USART_IsEnabled
                0x000000000800e504       0x22 ./Drivers/STM32G0xx_HAL_Driver/Src/stm32g0xx_ll_usart.o
 .text.LL_USART_SetPrescaler
                0x000000000800e526       0x24 ./Drivers/STM32G0xx_HAL_Driver/Src/stm32g0xx_ll_usart.o
 *fill*         0x000000000800e54a        0x2 
 .text.LL_USART_SetStopBitsLength
                0x000000000800e54c       0x28 ./Drivers/STM32G0xx_HAL_Driver/Src/stm32g0xx_ll_usart.o
 .text.LL_USART_SetHWFlowCtrl
                0x000000000800e574       0x28 ./Drivers/STM32G0xx_HAL_Driver/Src/stm32g0xx_ll_usart.o
 .text.LL_USART_SetBaudRate
                0x000000000800e59c       0xb4 ./Drivers/STM32G0xx_HAL_Driver/Src/stm32g0xx_ll_usart.o
 .text.LL_USART_Init
                0x000000000800e650      0x11c ./Drivers/STM32G0xx_HAL_Driver/Src/stm32g0xx_ll_usart.o
                0x000000000800e650                LL_USART_Init
 .text.__libc_init_array
                0x000000000800e76c       0x48 c:/st/stm32cubeide_1.8.0/stm32cubeide/plugins/com.st.stm32cube.ide.mcu.externaltools.gnu-tools-for-stm32.10.3-2021.10.win32_1.0.0.202111181127/tools/bin/../lib/gcc/arm-none-eabi/10.3.1/../../../../arm-none-eabi/lib/thumb/v6-m/nofp\libc_nano.a(lib_a-init.o)
                0x000000000800e76c                __libc_init_array
 .text.memset   0x000000000800e7b4       0x10 c:/st/stm32cubeide_1.8.0/stm32cubeide/plugins/com.st.stm32cube.ide.mcu.externaltools.gnu-tools-for-stm32.10.3-2021.10.win32_1.0.0.202111181127/tools/bin/../lib/gcc/arm-none-eabi/10.3.1/../../../../arm-none-eabi/lib/thumb/v6-m/nofp\libc_nano.a(lib_a-memset.o)
                0x000000000800e7b4                memset
 .text.sin      0x000000000800e7c4       0x8c c:/st/stm32cubeide_1.8.0/stm32cubeide/plugins/com.st.stm32cube.ide.mcu.externaltools.gnu-tools-for-stm32.10.3-2021.10.win32_1.0.0.202111181127/tools/bin/../lib/gcc/arm-none-eabi/10.3.1/../../../../arm-none-eabi/lib/thumb/v6-m/nofp\libm.a(lib_a-s_sin.o)
                0x000000000800e7c4                sin
 .text.__ieee754_rem_pio2
                0x000000000800e850      0x3e0 c:/st/stm32cubeide_1.8.0/stm32cubeide/plugins/com.st.stm32cube.ide.mcu.externaltools.gnu-tools-for-stm32.10.3-2021.10.win32_1.0.0.202111181127/tools/bin/../lib/gcc/arm-none-eabi/10.3.1/../../../../arm-none-eabi/lib/thumb/v6-m/nofp\libm.a(lib_a-e_rem_pio2.o)
                0x000000000800e850                __ieee754_rem_pio2
 .text.__kernel_cos
                0x000000000800ec30      0x180 c:/st/stm32cubeide_1.8.0/stm32cubeide/plugins/com.st.stm32cube.ide.mcu.externaltools.gnu-tools-for-stm32.10.3-2021.10.win32_1.0.0.202111181127/tools/bin/../lib/gcc/arm-none-eabi/10.3.1/../../../../arm-none-eabi/lib/thumb/v6-m/nofp\libm.a(lib_a-k_cos.o)
                0x000000000800ec30                __kernel_cos
 .text.__kernel_rem_pio2
                0x000000000800edb0      0x6d4 c:/st/stm32cubeide_1.8.0/stm32cubeide/plugins/com.st.stm32cube.ide.mcu.externaltools.gnu-tools-for-stm32.10.3-2021.10.win32_1.0.0.202111181127/tools/bin/../lib/gcc/arm-none-eabi/10.3.1/../../../../arm-none-eabi/lib/thumb/v6-m/nofp\libm.a(lib_a-k_rem_pio2.o)
                0x000000000800edb0                __kernel_rem_pio2
 .text.__kernel_sin
                0x000000000800f484      0x158 c:/st/stm32cubeide_1.8.0/stm32cubeide/plugins/com.st.stm32cube.ide.mcu.externaltools.gnu-tools-for-stm32.10.3-2021.10.win32_1.0.0.202111181127/tools/bin/../lib/gcc/arm-none-eabi/10.3.1/../../../../arm-none-eabi/lib/thumb/v6-m/nofp\libm.a(lib_a-k_sin.o)
                0x000000000800f484                __kernel_sin
 .text.fabs     0x000000000800f5dc        0x6 c:/st/stm32cubeide_1.8.0/stm32cubeide/plugins/com.st.stm32cube.ide.mcu.externaltools.gnu-tools-for-stm32.10.3-2021.10.win32_1.0.0.202111181127/tools/bin/../lib/gcc/arm-none-eabi/10.3.1/../../../../arm-none-eabi/lib/thumb/v6-m/nofp\libm.a(lib_a-s_fabs.o)
                0x000000000800f5dc                fabs
 *fill*         0x000000000800f5e2        0x2 
 .text.floor    0x000000000800f5e4      0x114 c:/st/stm32cubeide_1.8.0/stm32cubeide/plugins/com.st.stm32cube.ide.mcu.externaltools.gnu-tools-for-stm32.10.3-2021.10.win32_1.0.0.202111181127/tools/bin/../lib/gcc/arm-none-eabi/10.3.1/../../../../arm-none-eabi/lib/thumb/v6-m/nofp\libm.a(lib_a-s_floor.o)
                0x000000000800f5e4                floor
 .text.scalbn   0x000000000800f6f8       0xe8 c:/st/stm32cubeide_1.8.0/stm32cubeide/plugins/com.st.stm32cube.ide.mcu.externaltools.gnu-tools-for-stm32.10.3-2021.10.win32_1.0.0.202111181127/tools/bin/../lib/gcc/arm-none-eabi/10.3.1/../../../../arm-none-eabi/lib/thumb/v6-m/nofp\libm.a(lib_a-s_scalbn.o)
                0x000000000800f6f8                scalbn
 *(.glue_7)
 .glue_7        0x000000000800f7e0        0x0 linker stubs
 *(.glue_7t)
 .glue_7t       0x000000000800f7e0        0x0 linker stubs
 *(.eh_frame)
 .eh_frame      0x000000000800f7e0        0x0 c:/st/stm32cubeide_1.8.0/stm32cubeide/plugins/com.st.stm32cube.ide.mcu.externaltools.gnu-tools-for-stm32.10.3-2021.10.win32_1.0.0.202111181127/tools/bin/../lib/gcc/arm-none-eabi/10.3.1/thumb/v6-m/nofp/crtbegin.o
 *(.init)
 .init          0x000000000800f7e0        0x4 c:/st/stm32cubeide_1.8.0/stm32cubeide/plugins/com.st.stm32cube.ide.mcu.externaltools.gnu-tools-for-stm32.10.3-2021.10.win32_1.0.0.202111181127/tools/bin/../lib/gcc/arm-none-eabi/10.3.1/thumb/v6-m/nofp/crti.o
                0x000000000800f7e0                _init
 .init          0x000000000800f7e4        0x8 c:/st/stm32cubeide_1.8.0/stm32cubeide/plugins/com.st.stm32cube.ide.mcu.externaltools.gnu-tools-for-stm32.10.3-2021.10.win32_1.0.0.202111181127/tools/bin/../lib/gcc/arm-none-eabi/10.3.1/thumb/v6-m/nofp/crtn.o
 *(.fini)
 .fini          0x000000000800f7ec        0x4 c:/st/stm32cubeide_1.8.0/stm32cubeide/plugins/com.st.stm32cube.ide.mcu.externaltools.gnu-tools-for-stm32.10.3-2021.10.win32_1.0.0.202111181127/tools/bin/../lib/gcc/arm-none-eabi/10.3.1/thumb/v6-m/nofp/crti.o
                0x000000000800f7ec                _fini
 .fini          0x000000000800f7f0        0x8 c:/st/stm32cubeide_1.8.0/stm32cubeide/plugins/com.st.stm32cube.ide.mcu.externaltools.gnu-tools-for-stm32.10.3-2021.10.win32_1.0.0.202111181127/tools/bin/../lib/gcc/arm-none-eabi/10.3.1/thumb/v6-m/nofp/crtn.o
                0x000000000800f7f8                . = ALIGN (0x4)
                0x000000000800f7f8                _etext = .

.vfp11_veneer   0x000000000800f7f8        0x0
 .vfp11_veneer  0x000000000800f7f8        0x0 linker stubs

.v4_bx          0x000000000800f7f8        0x0
 .v4_bx         0x000000000800f7f8        0x0 linker stubs

.iplt           0x000000000800f7f8        0x0
 .iplt          0x000000000800f7f8        0x0 c:/st/stm32cubeide_1.8.0/stm32cubeide/plugins/com.st.stm32cube.ide.mcu.externaltools.gnu-tools-for-stm32.10.3-2021.10.win32_1.0.0.202111181127/tools/bin/../lib/gcc/arm-none-eabi/10.3.1/thumb/v6-m/nofp/crtbegin.o

.rodata         0x000000000800f7f8     0x9940
                0x000000000800f7f8                . = ALIGN (0x4)
 *(.rodata)
 .rodata        0x000000000800f7f8        0x1 ./Core/Src/main.o
 *fill*         0x000000000800f7f9        0x3 
 .rodata        0x000000000800f7fc       0x40 c:/st/stm32cubeide_1.8.0/stm32cubeide/plugins/com.st.stm32cube.ide.mcu.externaltools.gnu-tools-for-stm32.10.3-2021.10.win32_1.0.0.202111181127/tools/bin/../lib/gcc/arm-none-eabi/10.3.1/thumb/v6-m/nofp\libgcc.a(divdf3.o)
 .rodata        0x000000000800f83c       0x40 c:/st/stm32cubeide_1.8.0/stm32cubeide/plugins/com.st.stm32cube.ide.mcu.externaltools.gnu-tools-for-stm32.10.3-2021.10.win32_1.0.0.202111181127/tools/bin/../lib/gcc/arm-none-eabi/10.3.1/thumb/v6-m/nofp\libgcc.a(muldf3.o)
 *(.rodata*)
 .rodata.F1     0x000000000800f87c     0x3100 ./Core/Src/main.o
 .rodata.F2     0x000000000801297c     0x3f00 ./Core/Src/main.o
 .rodata.F3     0x000000000801687c     0x2600 ./Core/Src/main.o
 .rodata.AHBPrescTable
                0x0000000008018e7c       0x40 ./Core/Src/system_stm32g0xx.o
                0x0000000008018e7c                AHBPrescTable
 .rodata.APBPrescTable
                0x0000000008018ebc       0x20 ./Core/Src/system_stm32g0xx.o
                0x0000000008018ebc                APBPrescTable
 .rodata.HAL_TIM_PWM_ConfigChannel
                0x0000000008018edc       0x54 ./Drivers/STM32G0xx_HAL_Driver/Src/stm32g0xx_hal_tim.o
 .rodata.USART_PRESCALER_TAB
                0x0000000008018f30       0x30 ./Drivers/STM32G0xx_HAL_Driver/Src/stm32g0xx_ll_usart.o
 .rodata.npio2_hw
                0x0000000008018f60       0x80 c:/st/stm32cubeide_1.8.0/stm32cubeide/plugins/com.st.stm32cube.ide.mcu.externaltools.gnu-tools-for-stm32.10.3-2021.10.win32_1.0.0.202111181127/tools/bin/../lib/gcc/arm-none-eabi/10.3.1/../../../../arm-none-eabi/lib/thumb/v6-m/nofp\libm.a(lib_a-e_rem_pio2.o)
 .rodata.two_over_pi
                0x0000000008018fe0      0x108 c:/st/stm32cubeide_1.8.0/stm32cubeide/plugins/com.st.stm32cube.ide.mcu.externaltools.gnu-tools-for-stm32.10.3-2021.10.win32_1.0.0.202111181127/tools/bin/../lib/gcc/arm-none-eabi/10.3.1/../../../../arm-none-eabi/lib/thumb/v6-m/nofp\libm.a(lib_a-e_rem_pio2.o)
 .rodata.PIo2   0x00000000080190e8       0x40 c:/st/stm32cubeide_1.8.0/stm32cubeide/plugins/com.st.stm32cube.ide.mcu.externaltools.gnu-tools-for-stm32.10.3-2021.10.win32_1.0.0.202111181127/tools/bin/../lib/gcc/arm-none-eabi/10.3.1/../../../../arm-none-eabi/lib/thumb/v6-m/nofp\libm.a(lib_a-k_rem_pio2.o)
 .rodata.init_jk
                0x0000000008019128       0x10 c:/st/stm32cubeide_1.8.0/stm32cubeide/plugins/com.st.stm32cube.ide.mcu.externaltools.gnu-tools-for-stm32.10.3-2021.10.win32_1.0.0.202111181127/tools/bin/../lib/gcc/arm-none-eabi/10.3.1/../../../../arm-none-eabi/lib/thumb/v6-m/nofp\libm.a(lib_a-k_rem_pio2.o)
                0x0000000008019138                . = ALIGN (0x4)

.rel.dyn        0x0000000008019138        0x0
 .rel.iplt      0x0000000008019138        0x0 c:/st/stm32cubeide_1.8.0/stm32cubeide/plugins/com.st.stm32cube.ide.mcu.externaltools.gnu-tools-for-stm32.10.3-2021.10.win32_1.0.0.202111181127/tools/bin/../lib/gcc/arm-none-eabi/10.3.1/thumb/v6-m/nofp/crtbegin.o

.ARM.extab      0x0000000008019138        0x0
                0x0000000008019138                . = ALIGN (0x4)
 *(.ARM.extab* .gnu.linkonce.armextab.*)
                0x0000000008019138                . = ALIGN (0x4)

.ARM            0x0000000008019138        0x0
                0x0000000008019138                . = ALIGN (0x4)
                0x0000000008019138                __exidx_start = .
 *(.ARM.exidx*)
                0x0000000008019138                __exidx_end = .
                0x0000000008019138                . = ALIGN (0x4)

.preinit_array  0x0000000008019138        0x0
                0x0000000008019138                . = ALIGN (0x4)
                0x0000000008019138                PROVIDE (__preinit_array_start = .)
 *(.preinit_array*)
                0x0000000008019138                PROVIDE (__preinit_array_end = .)
                0x0000000008019138                . = ALIGN (0x4)

.init_array     0x0000000008019138        0x4
                0x0000000008019138                . = ALIGN (0x4)
                0x0000000008019138                PROVIDE (__init_array_start = .)
 *(SORT_BY_NAME(.init_array.*))
 *(.init_array*)
 .init_array    0x0000000008019138        0x4 c:/st/stm32cubeide_1.8.0/stm32cubeide/plugins/com.st.stm32cube.ide.mcu.externaltools.gnu-tools-for-stm32.10.3-2021.10.win32_1.0.0.202111181127/tools/bin/../lib/gcc/arm-none-eabi/10.3.1/thumb/v6-m/nofp/crtbegin.o
                0x000000000801913c                PROVIDE (__init_array_end = .)
                0x000000000801913c                . = ALIGN (0x4)

.fini_array     0x000000000801913c        0x4
                0x000000000801913c                . = ALIGN (0x4)
                [!provide]                        PROVIDE (__fini_array_start = .)
 *(SORT_BY_NAME(.fini_array.*))
 *(.fini_array*)
 .fini_array    0x000000000801913c        0x4 c:/st/stm32cubeide_1.8.0/stm32cubeide/plugins/com.st.stm32cube.ide.mcu.externaltools.gnu-tools-for-stm32.10.3-2021.10.win32_1.0.0.202111181127/tools/bin/../lib/gcc/arm-none-eabi/10.3.1/thumb/v6-m/nofp/crtbegin.o
                [!provide]                        PROVIDE (__fini_array_end = .)
                0x0000000008019140                . = ALIGN (0x4)
                0x0000000008019140                _sidata = LOADADDR (.data)

.data           0x0000000020000000       0x74 load address 0x0000000008019140
                0x0000000020000000                . = ALIGN (0x4)
                0x0000000020000000                _sdata = .
 *(.data)
 *(.data*)
 .data.PCB_type
                0x0000000020000000       0x11 ./Core/Src/main.o
                0x0000000020000000                PCB_type
 *fill*         0x0000000020000011        0x3 
 .data.PCB_rev  0x0000000020000014        0x8 ./Core/Src/main.o
                0x0000000020000014                PCB_rev
 .data.currentConsumption
                0x000000002000001c        0x1 ./Core/Src/main.o
                0x000000002000001c                currentConsumption
 *fill*         0x000000002000001d        0x3 
 .data.EmitterSN
                0x0000000020000020       0x10 ./Core/Src/main.o
                0x0000000020000020                EmitterSN
 .data.aim      0x0000000020000030       0x31 ./Core/Src/main.o
                0x0000000020000030                aim
 *fill*         0x0000000020000061        0x1 
 .data.nsamples
                0x0000000020000062        0x2 ./Core/Src/main.o
                0x0000000020000062                nsamples
 .data.bufLen   0x0000000020000064        0x2 ./Core/Src/main.o
                0x0000000020000064                bufLen
 *fill*         0x0000000020000066        0x2 
 .data.SystemCoreClock
                0x0000000020000068        0x4 ./Core/Src/system_stm32g0xx.o
                0x0000000020000068                SystemCoreClock
 .data.uwTickPrio
                0x000000002000006c        0x4 ./Drivers/STM32G0xx_HAL_Driver/Src/stm32g0xx_hal.o
                0x000000002000006c                uwTickPrio
 .data.uwTickFreq
                0x0000000020000070        0x1 ./Drivers/STM32G0xx_HAL_Driver/Src/stm32g0xx_hal.o
                0x0000000020000070                uwTickFreq
                0x0000000020000074                . = ALIGN (0x4)
 *fill*         0x0000000020000071        0x3 
                0x0000000020000074                _edata = .

.igot.plt       0x0000000020000074        0x0 load address 0x00000000080191b4
 .igot.plt      0x0000000020000074        0x0 c:/st/stm32cubeide_1.8.0/stm32cubeide/plugins/com.st.stm32cube.ide.mcu.externaltools.gnu-tools-for-stm32.10.3-2021.10.win32_1.0.0.202111181127/tools/bin/../lib/gcc/arm-none-eabi/10.3.1/thumb/v6-m/nofp/crtbegin.o
                0x0000000020000074                . = ALIGN (0x4)

.bss            0x0000000020000074     0x32c4 load address 0x00000000080191b4
                0x0000000020000074                _sbss = .
                0x0000000020000074                __bss_start__ = _sbss
 *(.bss)
 .bss           0x0000000020000074       0x1c c:/st/stm32cubeide_1.8.0/stm32cubeide/plugins/com.st.stm32cube.ide.mcu.externaltools.gnu-tools-for-stm32.10.3-2021.10.win32_1.0.0.202111181127/tools/bin/../lib/gcc/arm-none-eabi/10.3.1/thumb/v6-m/nofp/crtbegin.o
 *(.bss*)
 .bss.hcomp1    0x0000000020000090       0x30 ./Core/Src/main.o
                0x0000000020000090                hcomp1
 .bss.hi2c1     0x00000000200000c0       0x54 ./Core/Src/main.o
                0x00000000200000c0                hi2c1
 .bss.hi2s1     0x0000000020000114       0x3c ./Core/Src/main.o
                0x0000000020000114                hi2s1
 .bss.hdma_spi1_tx
                0x0000000020000150       0x5c ./Core/Src/main.o
                0x0000000020000150                hdma_spi1_tx
 .bss.hspi2     0x00000000200001ac       0x64 ./Core/Src/main.o
                0x00000000200001ac                hspi2
 .bss.htim1     0x0000000020000210       0x4c ./Core/Src/main.o
                0x0000000020000210                htim1
 .bss.husart3   0x000000002000025c       0x60 ./Core/Src/main.o
                0x000000002000025c                husart3
 .bss.isReceiverDisabled
                0x00000000200002bc        0x1 ./Core/Src/main.o
                0x00000000200002bc                isReceiverDisabled
 .bss.picNum    0x00000000200002bd        0x1 ./Core/Src/main.o
                0x00000000200002bd                picNum
 .bss.soundNum  0x00000000200002be        0x1 ./Core/Src/main.o
                0x00000000200002be                soundNum
 .bss.volume    0x00000000200002bf        0x1 ./Core/Src/main.o
                0x00000000200002bf                volume
 .bss.contrast  0x00000000200002c0        0x1 ./Core/Src/main.o
                0x00000000200002c0                contrast
 .bss.currentUARTspeed
                0x00000000200002c1        0x1 ./Core/Src/main.o
                0x00000000200002c1                currentUARTspeed
 .bss.strLen    0x00000000200002c2        0x1 ./Core/Src/main.o
                0x00000000200002c2                strLen
 *fill*         0x00000000200002c3        0x1 
 .bss.imX       0x00000000200002c4        0x4 ./Core/Src/main.o
                0x00000000200002c4                imX
 .bss.imY       0x00000000200002c8        0x4 ./Core/Src/main.o
                0x00000000200002c8                imY
 .bss.uartSpeed
                0x00000000200002cc        0x4 ./Core/Src/main.o
                0x00000000200002cc                uartSpeed
 .bss.dataASCII
                0x00000000200002d0       0x12 ./Core/Src/main.o
                0x00000000200002d0                dataASCII
 *fill*         0x00000000200002e2        0x2 
 .bss.MEM_ID    0x00000000200002e4        0x4 ./Core/Src/main.o
                0x00000000200002e4                MEM_ID
 .bss.cmd       0x00000000200002e8       0x19 ./Core/Src/main.o
                0x00000000200002e8                cmd
 *fill*         0x0000000020000301        0x3 
 .bss.ans       0x0000000020000304       0x14 ./Core/Src/main.o
                0x0000000020000304                ans
 .bss.ByteReceived
                0x0000000020000318        0x1 ./Core/Src/main.o
                0x0000000020000318                ByteReceived
 .bss.firstByteReceived
                0x0000000020000319        0x1 ./Core/Src/main.o
                0x0000000020000319                firstByteReceived
 .bss.dt1       0x000000002000031a        0x2 ./Core/Src/main.o
                0x000000002000031a                dt1
 .bss.ind       0x000000002000031c        0x2 ./Core/Src/main.o
                0x000000002000031c                ind
 .bss.cmd2Execute
                0x000000002000031e        0x1 ./Core/Src/main.o
                0x000000002000031e                cmd2Execute
 .bss.bf4me     0x000000002000031f        0x1 ./Core/Src/main.o
                0x000000002000031f                bf4me
 .bss.inputCS   0x0000000020000320        0x1 ./Core/Src/main.o
                0x0000000020000320                inputCS
 .bss.decY      0x0000000020000321        0x1 ./Core/Src/main.o
                0x0000000020000321                decY
 .bss.fontInfo  0x0000000020000322        0x1 ./Core/Src/main.o
                0x0000000020000322                fontInfo
 .bss.color     0x0000000020000323        0x1 ./Core/Src/main.o
                0x0000000020000323                color
 .bss.len       0x0000000020000324        0x4 ./Core/Src/main.o
                0x0000000020000324                len
 .bss.signal    0x0000000020000328     0x2000 ./Core/Src/main.o
                0x0000000020000328                signal
 .bss.curBuf    0x0000000020002328        0x4 ./Core/Src/main.o
                0x0000000020002328                curBuf
 .bss.bufCount  0x000000002000232c        0x4 ./Core/Src/main.o
                0x000000002000232c                bufCount
 .bss.soundBuf  0x0000000020002330     0x1000 ./Core/Src/main.o
                0x0000000020002330                soundBuf
 .bss.half_of_buf
                0x0000000020003330        0x1 ./Core/Src/main.o
                0x0000000020003330                half_of_buf
 .bss.isSoundOver
                0x0000000020003331        0x1 ./Core/Src/main.o
                0x0000000020003331                isSoundOver
 *fill*         0x0000000020003332        0x2 
 .bss.uwTick    0x0000000020003334        0x4 ./Drivers/STM32G0xx_HAL_Driver/Src/stm32g0xx_hal.o
                0x0000000020003334                uwTick
 *(COMMON)
                0x0000000020003338                . = ALIGN (0x4)
                0x0000000020003338                _ebss = .
                0x0000000020003338                __bss_end__ = _ebss

._user_heap_stack
                0x0000000020003338      0x600 load address 0x00000000080191b4
                0x0000000020003338                . = ALIGN (0x8)
                [!provide]                        PROVIDE (end = .)
                [!provide]                        PROVIDE (_end = .)
                0x0000000020003538                . = (. + _Min_Heap_Size)
 *fill*         0x0000000020003338      0x200 
                0x0000000020003938                . = (. + _Min_Stack_Size)
 *fill*         0x0000000020003538      0x400 
                0x0000000020003938                . = ALIGN (0x8)

/DISCARD/
 libc.a(*)
 libm.a(*)
 libgcc.a(*)

.ARM.attributes
                0x0000000000000000       0x28
 *(.ARM.attributes)
 .ARM.attributes
                0x0000000000000000       0x1e c:/st/stm32cubeide_1.8.0/stm32cubeide/plugins/com.st.stm32cube.ide.mcu.externaltools.gnu-tools-for-stm32.10.3-2021.10.win32_1.0.0.202111181127/tools/bin/../lib/gcc/arm-none-eabi/10.3.1/thumb/v6-m/nofp/crti.o
 .ARM.attributes
                0x000000000000001e       0x2c c:/st/stm32cubeide_1.8.0/stm32cubeide/plugins/com.st.stm32cube.ide.mcu.externaltools.gnu-tools-for-stm32.10.3-2021.10.win32_1.0.0.202111181127/tools/bin/../lib/gcc/arm-none-eabi/10.3.1/thumb/v6-m/nofp/crtbegin.o
 .ARM.attributes
                0x000000000000004a       0x2c ./Core/Src/main.o
 .ARM.attributes
                0x0000000000000076       0x2c ./Core/Src/stm32g0xx_hal_msp.o
 .ARM.attributes
                0x00000000000000a2       0x2c ./Core/Src/stm32g0xx_it.o
 .ARM.attributes
                0x00000000000000ce       0x2c ./Core/Src/system_stm32g0xx.o
 .ARM.attributes
                0x00000000000000fa       0x22 ./Core/Startup/startup_stm32g071kbtx.o
 .ARM.attributes
                0x000000000000011c       0x2c ./Drivers/STM32G0xx_HAL_Driver/Src/stm32g0xx_hal.o
 .ARM.attributes
                0x0000000000000148       0x2c ./Drivers/STM32G0xx_HAL_Driver/Src/stm32g0xx_hal_comp.o
 .ARM.attributes
                0x0000000000000174       0x2c ./Drivers/STM32G0xx_HAL_Driver/Src/stm32g0xx_hal_cortex.o
 .ARM.attributes
                0x00000000000001a0       0x2c ./Drivers/STM32G0xx_HAL_Driver/Src/stm32g0xx_hal_dma.o
 .ARM.attributes
                0x00000000000001cc       0x2c ./Drivers/STM32G0xx_HAL_Driver/Src/stm32g0xx_hal_gpio.o
 .ARM.attributes
                0x00000000000001f8       0x2c ./Drivers/STM32G0xx_HAL_Driver/Src/stm32g0xx_hal_i2c.o
 .ARM.attributes
                0x0000000000000224       0x2c ./Drivers/STM32G0xx_HAL_Driver/Src/stm32g0xx_hal_i2c_ex.o
 .ARM.attributes
                0x0000000000000250       0x2c ./Drivers/STM32G0xx_HAL_Driver/Src/stm32g0xx_hal_i2s.o
 .ARM.attributes
                0x000000000000027c       0x2c ./Drivers/STM32G0xx_HAL_Driver/Src/stm32g0xx_hal_pwr_ex.o
 .ARM.attributes
                0x00000000000002a8       0x2c ./Drivers/STM32G0xx_HAL_Driver/Src/stm32g0xx_hal_rcc.o
 .ARM.attributes
                0x00000000000002d4       0x2c ./Drivers/STM32G0xx_HAL_Driver/Src/stm32g0xx_hal_rcc_ex.o
 .ARM.attributes
                0x0000000000000300       0x2c ./Drivers/STM32G0xx_HAL_Driver/Src/stm32g0xx_hal_spi.o
 .ARM.attributes
                0x000000000000032c       0x2c ./Drivers/STM32G0xx_HAL_Driver/Src/stm32g0xx_hal_tim.o
 .ARM.attributes
                0x0000000000000358       0x2c ./Drivers/STM32G0xx_HAL_Driver/Src/stm32g0xx_hal_tim_ex.o
 .ARM.attributes
                0x0000000000000384       0x2c ./Drivers/STM32G0xx_HAL_Driver/Src/stm32g0xx_hal_usart.o
 .ARM.attributes
                0x00000000000003b0       0x2c ./Drivers/STM32G0xx_HAL_Driver/Src/stm32g0xx_hal_usart_ex.o
 .ARM.attributes
                0x00000000000003dc       0x2c ./Drivers/STM32G0xx_HAL_Driver/Src/stm32g0xx_ll_gpio.o
 .ARM.attributes
                0x0000000000000408       0x2c ./Drivers/STM32G0xx_HAL_Driver/Src/stm32g0xx_ll_rcc.o
 .ARM.attributes
                0x0000000000000434       0x2c ./Drivers/STM32G0xx_HAL_Driver/Src/stm32g0xx_ll_usart.o
 .ARM.attributes
                0x0000000000000460       0x2c c:/st/stm32cubeide_1.8.0/stm32cubeide/plugins/com.st.stm32cube.ide.mcu.externaltools.gnu-tools-for-stm32.10.3-2021.10.win32_1.0.0.202111181127/tools/bin/../lib/gcc/arm-none-eabi/10.3.1/../../../../arm-none-eabi/lib/thumb/v6-m/nofp\libc_nano.a(lib_a-init.o)
 .ARM.attributes
                0x000000000000048c       0x2c c:/st/stm32cubeide_1.8.0/stm32cubeide/plugins/com.st.stm32cube.ide.mcu.externaltools.gnu-tools-for-stm32.10.3-2021.10.win32_1.0.0.202111181127/tools/bin/../lib/gcc/arm-none-eabi/10.3.1/../../../../arm-none-eabi/lib/thumb/v6-m/nofp\libc_nano.a(lib_a-memset.o)
 .ARM.attributes
                0x00000000000004b8       0x2c c:/st/stm32cubeide_1.8.0/stm32cubeide/plugins/com.st.stm32cube.ide.mcu.externaltools.gnu-tools-for-stm32.10.3-2021.10.win32_1.0.0.202111181127/tools/bin/../lib/gcc/arm-none-eabi/10.3.1/../../../../arm-none-eabi/lib/thumb/v6-m/nofp\libm.a(lib_a-s_sin.o)
 .ARM.attributes
                0x00000000000004e4       0x2c c:/st/stm32cubeide_1.8.0/stm32cubeide/plugins/com.st.stm32cube.ide.mcu.externaltools.gnu-tools-for-stm32.10.3-2021.10.win32_1.0.0.202111181127/tools/bin/../lib/gcc/arm-none-eabi/10.3.1/../../../../arm-none-eabi/lib/thumb/v6-m/nofp\libm.a(lib_a-e_rem_pio2.o)
 .ARM.attributes
                0x0000000000000510       0x2c c:/st/stm32cubeide_1.8.0/stm32cubeide/plugins/com.st.stm32cube.ide.mcu.externaltools.gnu-tools-for-stm32.10.3-2021.10.win32_1.0.0.202111181127/tools/bin/../lib/gcc/arm-none-eabi/10.3.1/../../../../arm-none-eabi/lib/thumb/v6-m/nofp\libm.a(lib_a-k_cos.o)
 .ARM.attributes
                0x000000000000053c       0x2c c:/st/stm32cubeide_1.8.0/stm32cubeide/plugins/com.st.stm32cube.ide.mcu.externaltools.gnu-tools-for-stm32.10.3-2021.10.win32_1.0.0.202111181127/tools/bin/../lib/gcc/arm-none-eabi/10.3.1/../../../../arm-none-eabi/lib/thumb/v6-m/nofp\libm.a(lib_a-k_rem_pio2.o)
 .ARM.attributes
                0x0000000000000568       0x2c c:/st/stm32cubeide_1.8.0/stm32cubeide/plugins/com.st.stm32cube.ide.mcu.externaltools.gnu-tools-for-stm32.10.3-2021.10.win32_1.0.0.202111181127/tools/bin/../lib/gcc/arm-none-eabi/10.3.1/../../../../arm-none-eabi/lib/thumb/v6-m/nofp\libm.a(lib_a-k_sin.o)
 .ARM.attributes
                0x0000000000000594       0x2c c:/st/stm32cubeide_1.8.0/stm32cubeide/plugins/com.st.stm32cube.ide.mcu.externaltools.gnu-tools-for-stm32.10.3-2021.10.win32_1.0.0.202111181127/tools/bin/../lib/gcc/arm-none-eabi/10.3.1/../../../../arm-none-eabi/lib/thumb/v6-m/nofp\libm.a(lib_a-s_fabs.o)
 .ARM.attributes
                0x00000000000005c0       0x2c c:/st/stm32cubeide_1.8.0/stm32cubeide/plugins/com.st.stm32cube.ide.mcu.externaltools.gnu-tools-for-stm32.10.3-2021.10.win32_1.0.0.202111181127/tools/bin/../lib/gcc/arm-none-eabi/10.3.1/../../../../arm-none-eabi/lib/thumb/v6-m/nofp\libm.a(lib_a-s_floor.o)
 .ARM.attributes
                0x00000000000005ec       0x2c c:/st/stm32cubeide_1.8.0/stm32cubeide/plugins/com.st.stm32cube.ide.mcu.externaltools.gnu-tools-for-stm32.10.3-2021.10.win32_1.0.0.202111181127/tools/bin/../lib/gcc/arm-none-eabi/10.3.1/../../../../arm-none-eabi/lib/thumb/v6-m/nofp\libm.a(lib_a-s_scalbn.o)
 .ARM.attributes
                0x0000000000000618       0x1e c:/st/stm32cubeide_1.8.0/stm32cubeide/plugins/com.st.stm32cube.ide.mcu.externaltools.gnu-tools-for-stm32.10.3-2021.10.win32_1.0.0.202111181127/tools/bin/../lib/gcc/arm-none-eabi/10.3.1/thumb/v6-m/nofp\libgcc.a(_udivsi3.o)
 .ARM.attributes
                0x0000000000000636       0x1e c:/st/stm32cubeide_1.8.0/stm32cubeide/plugins/com.st.stm32cube.ide.mcu.externaltools.gnu-tools-for-stm32.10.3-2021.10.win32_1.0.0.202111181127/tools/bin/../lib/gcc/arm-none-eabi/10.3.1/thumb/v6-m/nofp\libgcc.a(_divsi3.o)
 .ARM.attributes
                0x0000000000000654       0x1e c:/st/stm32cubeide_1.8.0/stm32cubeide/plugins/com.st.stm32cube.ide.mcu.externaltools.gnu-tools-for-stm32.10.3-2021.10.win32_1.0.0.202111181127/tools/bin/../lib/gcc/arm-none-eabi/10.3.1/thumb/v6-m/nofp\libgcc.a(_dvmd_tls.o)
 .ARM.attributes
                0x0000000000000672       0x1e c:/st/stm32cubeide_1.8.0/stm32cubeide/plugins/com.st.stm32cube.ide.mcu.externaltools.gnu-tools-for-stm32.10.3-2021.10.win32_1.0.0.202111181127/tools/bin/../lib/gcc/arm-none-eabi/10.3.1/thumb/v6-m/nofp\libgcc.a(_arm_cmpdf2.o)
 .ARM.attributes
                0x0000000000000690       0x2c c:/st/stm32cubeide_1.8.0/stm32cubeide/plugins/com.st.stm32cube.ide.mcu.externaltools.gnu-tools-for-stm32.10.3-2021.10.win32_1.0.0.202111181127/tools/bin/../lib/gcc/arm-none-eabi/10.3.1/thumb/v6-m/nofp\libgcc.a(adddf3.o)
 .ARM.attributes
                0x00000000000006bc       0x2c c:/st/stm32cubeide_1.8.0/stm32cubeide/plugins/com.st.stm32cube.ide.mcu.externaltools.gnu-tools-for-stm32.10.3-2021.10.win32_1.0.0.202111181127/tools/bin/../lib/gcc/arm-none-eabi/10.3.1/thumb/v6-m/nofp\libgcc.a(divdf3.o)
 .ARM.attributes
                0x00000000000006e8       0x2c c:/st/stm32cubeide_1.8.0/stm32cubeide/plugins/com.st.stm32cube.ide.mcu.externaltools.gnu-tools-for-stm32.10.3-2021.10.win32_1.0.0.202111181127/tools/bin/../lib/gcc/arm-none-eabi/10.3.1/thumb/v6-m/nofp\libgcc.a(eqdf2.o)
 .ARM.attributes
                0x0000000000000714       0x2c c:/st/stm32cubeide_1.8.0/stm32cubeide/plugins/com.st.stm32cube.ide.mcu.externaltools.gnu-tools-for-stm32.10.3-2021.10.win32_1.0.0.202111181127/tools/bin/../lib/gcc/arm-none-eabi/10.3.1/thumb/v6-m/nofp\libgcc.a(gedf2.o)
 .ARM.attributes
                0x0000000000000740       0x2c c:/st/stm32cubeide_1.8.0/stm32cubeide/plugins/com.st.stm32cube.ide.mcu.externaltools.gnu-tools-for-stm32.10.3-2021.10.win32_1.0.0.202111181127/tools/bin/../lib/gcc/arm-none-eabi/10.3.1/thumb/v6-m/nofp\libgcc.a(ledf2.o)
 .ARM.attributes
                0x000000000000076c       0x2c c:/st/stm32cubeide_1.8.0/stm32cubeide/plugins/com.st.stm32cube.ide.mcu.externaltools.gnu-tools-for-stm32.10.3-2021.10.win32_1.0.0.202111181127/tools/bin/../lib/gcc/arm-none-eabi/10.3.1/thumb/v6-m/nofp\libgcc.a(muldf3.o)
 .ARM.attributes
                0x0000000000000798       0x2c c:/st/stm32cubeide_1.8.0/stm32cubeide/plugins/com.st.stm32cube.ide.mcu.externaltools.gnu-tools-for-stm32.10.3-2021.10.win32_1.0.0.202111181127/tools/bin/../lib/gcc/arm-none-eabi/10.3.1/thumb/v6-m/nofp\libgcc.a(subdf3.o)
 .ARM.attributes
                0x00000000000007c4       0x2c c:/st/stm32cubeide_1.8.0/stm32cubeide/plugins/com.st.stm32cube.ide.mcu.externaltools.gnu-tools-for-stm32.10.3-2021.10.win32_1.0.0.202111181127/tools/bin/../lib/gcc/arm-none-eabi/10.3.1/thumb/v6-m/nofp\libgcc.a(fixdfsi.o)
 .ARM.attributes
                0x00000000000007f0       0x2c c:/st/stm32cubeide_1.8.0/stm32cubeide/plugins/com.st.stm32cube.ide.mcu.externaltools.gnu-tools-for-stm32.10.3-2021.10.win32_1.0.0.202111181127/tools/bin/../lib/gcc/arm-none-eabi/10.3.1/thumb/v6-m/nofp\libgcc.a(floatsidf.o)
 .ARM.attributes
                0x000000000000081c       0x2c c:/st/stm32cubeide_1.8.0/stm32cubeide/plugins/com.st.stm32cube.ide.mcu.externaltools.gnu-tools-for-stm32.10.3-2021.10.win32_1.0.0.202111181127/tools/bin/../lib/gcc/arm-none-eabi/10.3.1/thumb/v6-m/nofp\libgcc.a(floatunsidf.o)
 .ARM.attributes
                0x0000000000000848       0x1e c:/st/stm32cubeide_1.8.0/stm32cubeide/plugins/com.st.stm32cube.ide.mcu.externaltools.gnu-tools-for-stm32.10.3-2021.10.win32_1.0.0.202111181127/tools/bin/../lib/gcc/arm-none-eabi/10.3.1/thumb/v6-m/nofp\libgcc.a(_clzsi2.o)
 .ARM.attributes
                0x0000000000000866       0x1e c:/st/stm32cubeide_1.8.0/stm32cubeide/plugins/com.st.stm32cube.ide.mcu.externaltools.gnu-tools-for-stm32.10.3-2021.10.win32_1.0.0.202111181127/tools/bin/../lib/gcc/arm-none-eabi/10.3.1/thumb/v6-m/nofp/crtn.o
OUTPUT(IND_X.elf elf32-littlearm)
LOAD linker stubs
LOAD c:/st/stm32cubeide_1.8.0/stm32cubeide/plugins/com.st.stm32cube.ide.mcu.externaltools.gnu-tools-for-stm32.10.3-2021.10.win32_1.0.0.202111181127/tools/bin/../lib/gcc/arm-none-eabi/10.3.1/../../../../arm-none-eabi/lib/thumb/v6-m/nofp\libc.a
LOAD c:/st/stm32cubeide_1.8.0/stm32cubeide/plugins/com.st.stm32cube.ide.mcu.externaltools.gnu-tools-for-stm32.10.3-2021.10.win32_1.0.0.202111181127/tools/bin/../lib/gcc/arm-none-eabi/10.3.1/../../../../arm-none-eabi/lib/thumb/v6-m/nofp\libm.a
LOAD c:/st/stm32cubeide_1.8.0/stm32cubeide/plugins/com.st.stm32cube.ide.mcu.externaltools.gnu-tools-for-stm32.10.3-2021.10.win32_1.0.0.202111181127/tools/bin/../lib/gcc/arm-none-eabi/10.3.1/thumb/v6-m/nofp\libgcc.a

.debug_info     0x0000000000000000    0x192ba
 .debug_info    0x0000000000000000     0x427a ./Core/Src/main.o
 .debug_info    0x000000000000427a     0x1ce7 ./Core/Src/stm32g0xx_hal_msp.o
 .debug_info    0x0000000000005f61     0x10fa ./Core/Src/stm32g0xx_it.o
 .debug_info    0x000000000000705b      0x34d ./Core/Src/system_stm32g0xx.o
 .debug_info    0x00000000000073a8       0x22 ./Core/Startup/startup_stm32g071kbtx.o
 .debug_info    0x00000000000073ca      0xa85 ./Drivers/STM32G0xx_HAL_Driver/Src/stm32g0xx_hal.o
 .debug_info    0x0000000000007e4f      0x8bf ./Drivers/STM32G0xx_HAL_Driver/Src/stm32g0xx_hal_comp.o
 .debug_info    0x000000000000870e      0x90d ./Drivers/STM32G0xx_HAL_Driver/Src/stm32g0xx_hal_cortex.o
 .debug_info    0x000000000000901b      0x8d6 ./Drivers/STM32G0xx_HAL_Driver/Src/stm32g0xx_hal_dma.o
 .debug_info    0x00000000000098f1      0x61f ./Drivers/STM32G0xx_HAL_Driver/Src/stm32g0xx_hal_gpio.o
 .debug_info    0x0000000000009f10     0x236b ./Drivers/STM32G0xx_HAL_Driver/Src/stm32g0xx_hal_i2c.o
 .debug_info    0x000000000000c27b      0xa8d ./Drivers/STM32G0xx_HAL_Driver/Src/stm32g0xx_hal_i2c_ex.o
 .debug_info    0x000000000000cd08      0xe87 ./Drivers/STM32G0xx_HAL_Driver/Src/stm32g0xx_hal_i2s.o
 .debug_info    0x000000000000db8f      0x801 ./Drivers/STM32G0xx_HAL_Driver/Src/stm32g0xx_hal_pwr_ex.o
 .debug_info    0x000000000000e390      0xb6a ./Drivers/STM32G0xx_HAL_Driver/Src/stm32g0xx_hal_rcc.o
 .debug_info    0x000000000000eefa      0x82b ./Drivers/STM32G0xx_HAL_Driver/Src/stm32g0xx_hal_rcc_ex.o
 .debug_info    0x000000000000f725     0x1887 ./Drivers/STM32G0xx_HAL_Driver/Src/stm32g0xx_hal_spi.o
 .debug_info    0x0000000000010fac     0x2e23 ./Drivers/STM32G0xx_HAL_Driver/Src/stm32g0xx_hal_tim.o
 .debug_info    0x0000000000013dcf     0x1a27 ./Drivers/STM32G0xx_HAL_Driver/Src/stm32g0xx_hal_tim_ex.o
 .debug_info    0x00000000000157f6     0x1836 ./Drivers/STM32G0xx_HAL_Driver/Src/stm32g0xx_hal_usart.o
 .debug_info    0x000000000001702c      0x9d8 ./Drivers/STM32G0xx_HAL_Driver/Src/stm32g0xx_hal_usart_ex.o
 .debug_info    0x0000000000017a04      0x64f ./Drivers/STM32G0xx_HAL_Driver/Src/stm32g0xx_ll_gpio.o
 .debug_info    0x0000000000018053      0xa54 ./Drivers/STM32G0xx_HAL_Driver/Src/stm32g0xx_ll_rcc.o
 .debug_info    0x0000000000018aa7      0x813 ./Drivers/STM32G0xx_HAL_Driver/Src/stm32g0xx_ll_usart.o

.debug_abbrev   0x0000000000000000     0x3581
 .debug_abbrev  0x0000000000000000      0x4d2 ./Core/Src/main.o
 .debug_abbrev  0x00000000000004d2      0x26e ./Core/Src/stm32g0xx_hal_msp.o
 .debug_abbrev  0x0000000000000740      0x23e ./Core/Src/stm32g0xx_it.o
 .debug_abbrev  0x000000000000097e      0x116 ./Core/Src/system_stm32g0xx.o
 .debug_abbrev  0x0000000000000a94       0x12 ./Core/Startup/startup_stm32g071kbtx.o
 .debug_abbrev  0x0000000000000aa6      0x2a9 ./Drivers/STM32G0xx_HAL_Driver/Src/stm32g0xx_hal.o
 .debug_abbrev  0x0000000000000d4f      0x218 ./Drivers/STM32G0xx_HAL_Driver/Src/stm32g0xx_hal_comp.o
 .debug_abbrev  0x0000000000000f67      0x29f ./Drivers/STM32G0xx_HAL_Driver/Src/stm32g0xx_hal_cortex.o
 .debug_abbrev  0x0000000000001206      0x21b ./Drivers/STM32G0xx_HAL_Driver/Src/stm32g0xx_hal_dma.o
 .debug_abbrev  0x0000000000001421      0x1b9 ./Drivers/STM32G0xx_HAL_Driver/Src/stm32g0xx_hal_gpio.o
 .debug_abbrev  0x00000000000015da      0x27e ./Drivers/STM32G0xx_HAL_Driver/Src/stm32g0xx_hal_i2c.o
 .debug_abbrev  0x0000000000001858      0x1d7 ./Drivers/STM32G0xx_HAL_Driver/Src/stm32g0xx_hal_i2c_ex.o
 .debug_abbrev  0x0000000000001a2f      0x26d ./Drivers/STM32G0xx_HAL_Driver/Src/stm32g0xx_hal_i2s.o
 .debug_abbrev  0x0000000000001c9c      0x232 ./Drivers/STM32G0xx_HAL_Driver/Src/stm32g0xx_hal_pwr_ex.o
 .debug_abbrev  0x0000000000001ece      0x2a3 ./Drivers/STM32G0xx_HAL_Driver/Src/stm32g0xx_hal_rcc.o
 .debug_abbrev  0x0000000000002171      0x21a ./Drivers/STM32G0xx_HAL_Driver/Src/stm32g0xx_hal_rcc_ex.o
 .debug_abbrev  0x000000000000238b      0x27e ./Drivers/STM32G0xx_HAL_Driver/Src/stm32g0xx_hal_spi.o
 .debug_abbrev  0x0000000000002609      0x286 ./Drivers/STM32G0xx_HAL_Driver/Src/stm32g0xx_hal_tim.o
 .debug_abbrev  0x000000000000288f      0x292 ./Drivers/STM32G0xx_HAL_Driver/Src/stm32g0xx_hal_tim_ex.o
 .debug_abbrev  0x0000000000002b21      0x288 ./Drivers/STM32G0xx_HAL_Driver/Src/stm32g0xx_hal_usart.o
 .debug_abbrev  0x0000000000002da9      0x208 ./Drivers/STM32G0xx_HAL_Driver/Src/stm32g0xx_hal_usart_ex.o
 .debug_abbrev  0x0000000000002fb1      0x1a2 ./Drivers/STM32G0xx_HAL_Driver/Src/stm32g0xx_ll_gpio.o
 .debug_abbrev  0x0000000000003153      0x230 ./Drivers/STM32G0xx_HAL_Driver/Src/stm32g0xx_ll_rcc.o
 .debug_abbrev  0x0000000000003383      0x1fe ./Drivers/STM32G0xx_HAL_Driver/Src/stm32g0xx_ll_usart.o

.debug_aranges  0x0000000000000000     0x1928
 .debug_aranges
                0x0000000000000000      0x258 ./Core/Src/main.o
 .debug_aranges
                0x0000000000000258       0x88 ./Core/Src/stm32g0xx_hal_msp.o
 .debug_aranges
                0x00000000000002e0       0x98 ./Core/Src/stm32g0xx_it.o
 .debug_aranges
                0x0000000000000378       0x28 ./Core/Src/system_stm32g0xx.o
 .debug_aranges
                0x00000000000003a0       0x28 ./Core/Startup/startup_stm32g071kbtx.o
 .debug_aranges
                0x00000000000003c8      0x120 ./Drivers/STM32G0xx_HAL_Driver/Src/stm32g0xx_hal.o
 .debug_aranges
                0x00000000000004e8       0xd8 ./Drivers/STM32G0xx_HAL_Driver/Src/stm32g0xx_hal_comp.o
 .debug_aranges
                0x00000000000005c0       0xd8 ./Drivers/STM32G0xx_HAL_Driver/Src/stm32g0xx_hal_cortex.o
 .debug_aranges
                0x0000000000000698       0x90 ./Drivers/STM32G0xx_HAL_Driver/Src/stm32g0xx_hal_dma.o
 .debug_aranges
                0x0000000000000728       0x60 ./Drivers/STM32G0xx_HAL_Driver/Src/stm32g0xx_hal_gpio.o
 .debug_aranges
                0x0000000000000788      0x2a0 ./Drivers/STM32G0xx_HAL_Driver/Src/stm32g0xx_hal_i2c.o
 .debug_aranges
                0x0000000000000a28       0x48 ./Drivers/STM32G0xx_HAL_Driver/Src/stm32g0xx_hal_i2c_ex.o
 .debug_aranges
                0x0000000000000a70      0x100 ./Drivers/STM32G0xx_HAL_Driver/Src/stm32g0xx_hal_i2s.o
 .debug_aranges
                0x0000000000000b70       0xf0 ./Drivers/STM32G0xx_HAL_Driver/Src/stm32g0xx_hal_pwr_ex.o
 .debug_aranges
                0x0000000000000c60       0xa0 ./Drivers/STM32G0xx_HAL_Driver/Src/stm32g0xx_hal_rcc.o
 .debug_aranges
                0x0000000000000d00       0x40 ./Drivers/STM32G0xx_HAL_Driver/Src/stm32g0xx_hal_rcc_ex.o
 .debug_aranges
                0x0000000000000d40      0x1d8 ./Drivers/STM32G0xx_HAL_Driver/Src/stm32g0xx_hal_spi.o
 .debug_aranges
                0x0000000000000f18      0x3e0 ./Drivers/STM32G0xx_HAL_Driver/Src/stm32g0xx_hal_tim.o
 .debug_aranges
                0x00000000000012f8      0x198 ./Drivers/STM32G0xx_HAL_Driver/Src/stm32g0xx_hal_tim_ex.o
 .debug_aranges
                0x0000000000001490      0x1a0 ./Drivers/STM32G0xx_HAL_Driver/Src/stm32g0xx_hal_usart.o
 .debug_aranges
                0x0000000000001630       0x68 ./Drivers/STM32G0xx_HAL_Driver/Src/stm32g0xx_hal_usart_ex.o
 .debug_aranges
                0x0000000000001698       0x70 ./Drivers/STM32G0xx_HAL_Driver/Src/stm32g0xx_ll_gpio.o
 .debug_aranges
                0x0000000000001708      0x198 ./Drivers/STM32G0xx_HAL_Driver/Src/stm32g0xx_ll_rcc.o
 .debug_aranges
                0x00000000000018a0       0x88 ./Drivers/STM32G0xx_HAL_Driver/Src/stm32g0xx_ll_usart.o

.debug_ranges   0x0000000000000000     0x17b0
 .debug_ranges  0x0000000000000000      0x248 ./Core/Src/main.o
 .debug_ranges  0x0000000000000248       0x78 ./Core/Src/stm32g0xx_hal_msp.o
 .debug_ranges  0x00000000000002c0       0x88 ./Core/Src/stm32g0xx_it.o
 .debug_ranges  0x0000000000000348       0x18 ./Core/Src/system_stm32g0xx.o
 .debug_ranges  0x0000000000000360       0x20 ./Core/Startup/startup_stm32g071kbtx.o
 .debug_ranges  0x0000000000000380      0x110 ./Drivers/STM32G0xx_HAL_Driver/Src/stm32g0xx_hal.o
 .debug_ranges  0x0000000000000490       0xc8 ./Drivers/STM32G0xx_HAL_Driver/Src/stm32g0xx_hal_comp.o
 .debug_ranges  0x0000000000000558       0xc8 ./Drivers/STM32G0xx_HAL_Driver/Src/stm32g0xx_hal_cortex.o
 .debug_ranges  0x0000000000000620       0x80 ./Drivers/STM32G0xx_HAL_Driver/Src/stm32g0xx_hal_dma.o
 .debug_ranges  0x00000000000006a0       0x50 ./Drivers/STM32G0xx_HAL_Driver/Src/stm32g0xx_hal_gpio.o
 .debug_ranges  0x00000000000006f0      0x290 ./Drivers/STM32G0xx_HAL_Driver/Src/stm32g0xx_hal_i2c.o
 .debug_ranges  0x0000000000000980       0x38 ./Drivers/STM32G0xx_HAL_Driver/Src/stm32g0xx_hal_i2c_ex.o
 .debug_ranges  0x00000000000009b8       0xf0 ./Drivers/STM32G0xx_HAL_Driver/Src/stm32g0xx_hal_i2s.o
 .debug_ranges  0x0000000000000aa8       0xe0 ./Drivers/STM32G0xx_HAL_Driver/Src/stm32g0xx_hal_pwr_ex.o
 .debug_ranges  0x0000000000000b88       0x90 ./Drivers/STM32G0xx_HAL_Driver/Src/stm32g0xx_hal_rcc.o
 .debug_ranges  0x0000000000000c18       0x30 ./Drivers/STM32G0xx_HAL_Driver/Src/stm32g0xx_hal_rcc_ex.o
 .debug_ranges  0x0000000000000c48      0x1c8 ./Drivers/STM32G0xx_HAL_Driver/Src/stm32g0xx_hal_spi.o
 .debug_ranges  0x0000000000000e10      0x3d0 ./Drivers/STM32G0xx_HAL_Driver/Src/stm32g0xx_hal_tim.o
 .debug_ranges  0x00000000000011e0      0x188 ./Drivers/STM32G0xx_HAL_Driver/Src/stm32g0xx_hal_tim_ex.o
 .debug_ranges  0x0000000000001368      0x190 ./Drivers/STM32G0xx_HAL_Driver/Src/stm32g0xx_hal_usart.o
 .debug_ranges  0x00000000000014f8       0x58 ./Drivers/STM32G0xx_HAL_Driver/Src/stm32g0xx_hal_usart_ex.o
 .debug_ranges  0x0000000000001550       0x60 ./Drivers/STM32G0xx_HAL_Driver/Src/stm32g0xx_ll_gpio.o
 .debug_ranges  0x00000000000015b0      0x188 ./Drivers/STM32G0xx_HAL_Driver/Src/stm32g0xx_ll_rcc.o
 .debug_ranges  0x0000000000001738       0x78 ./Drivers/STM32G0xx_HAL_Driver/Src/stm32g0xx_ll_usart.o

.debug_macro    0x0000000000000000    0x1ca48
 .debug_macro   0x0000000000000000      0x689 ./Core/Src/main.o
 .debug_macro   0x0000000000000689      0xa54 ./Core/Src/main.o
 .debug_macro   0x00000000000010dd      0x135 ./Core/Src/main.o
 .debug_macro   0x0000000000001212       0x2e ./Core/Src/main.o
 .debug_macro   0x0000000000001240       0x28 ./Core/Src/main.o
 .debug_macro   0x0000000000001268       0x22 ./Core/Src/main.o
 .debug_macro   0x000000000000128a       0x8e ./Core/Src/main.o
 .debug_macro   0x0000000000001318       0x51 ./Core/Src/main.o
 .debug_macro   0x0000000000001369      0x103 ./Core/Src/main.o
 .debug_macro   0x000000000000146c       0x6a ./Core/Src/main.o
 .debug_macro   0x00000000000014d6      0x1df ./Core/Src/main.o
 .debug_macro   0x00000000000016b5       0x1c ./Core/Src/main.o
 .debug_macro   0x00000000000016d1       0x22 ./Core/Src/main.o
 .debug_macro   0x00000000000016f3       0xd1 ./Core/Src/main.o
 .debug_macro   0x00000000000017c4      0x4da ./Core/Src/main.o
 .debug_macro   0x0000000000001c9e      0x11f ./Core/Src/main.o
 .debug_macro   0x0000000000001dbd     0xc730 ./Core/Src/main.o
 .debug_macro   0x000000000000e4ed       0x66 ./Core/Src/main.o
 .debug_macro   0x000000000000e553     0x34fd ./Core/Src/main.o
 .debug_macro   0x0000000000011a50      0x174 ./Core/Src/main.o
 .debug_macro   0x0000000000011bc4       0x5c ./Core/Src/main.o
 .debug_macro   0x0000000000011c20      0x57a ./Core/Src/main.o
 .debug_macro   0x000000000001219a     0x10d5 ./Core/Src/main.o
 .debug_macro   0x000000000001326f      0x264 ./Core/Src/main.o
 .debug_macro   0x00000000000134d3      0x1cf ./Core/Src/main.o
 .debug_macro   0x00000000000136a2      0x1d8 ./Core/Src/main.o
 .debug_macro   0x000000000001387a      0x426 ./Core/Src/main.o
 .debug_macro   0x0000000000013ca0      0x287 ./Core/Src/main.o
 .debug_macro   0x0000000000013f27      0x3a7 ./Core/Src/main.o
 .debug_macro   0x00000000000142ce      0x1b2 ./Core/Src/main.o
 .debug_macro   0x0000000000014480       0x43 ./Core/Src/main.o