Archive member included to satisfy reference by file (symbol)

c:/st/stm32cubeide_1.2.0/stm32cubeide/plugins/com.st.stm32cube.ide.mcu.externaltools.gnu-tools-for-stm32.9-2020-q2-update.win32_1.5.0.202011040924/tools/bin/../lib/gcc/arm-none-eabi/9.3.1/../../../../arm-none-eabi/lib/thumb/v6-m/nofp\libc_nano.a(lib_a-errno.o)
                              Core/Src/syscalls.o (__errno)
c:/st/stm32cubeide_1.2.0/stm32cubeide/plugins/com.st.stm32cube.ide.mcu.externaltools.gnu-tools-for-stm32.9-2020-q2-update.win32_1.5.0.202011040924/tools/bin/../lib/gcc/arm-none-eabi/9.3.1/../../../../arm-none-eabi/lib/thumb/v6-m/nofp\libc_nano.a(lib_a-exit.o)
                              c:/st/stm32cubeide_1.2.0/stm32cubeide/plugins/com.st.stm32cube.ide.mcu.externaltools.gnu-tools-for-stm32.9-2020-q2-update.win32_1.5.0.202011040924/tools/bin/../lib/gcc/arm-none-eabi/9.3.1/../../../../arm-none-eabi/lib/thumb/v6-m/nofp/crt0.o (exit)
c:/st/stm32cubeide_1.2.0/stm32cubeide/plugins/com.st.stm32cube.ide.mcu.externaltools.gnu-tools-for-stm32.9-2020-q2-update.win32_1.5.0.202011040924/tools/bin/../lib/gcc/arm-none-eabi/9.3.1/../../../../arm-none-eabi/lib/thumb/v6-m/nofp\libc_nano.a(lib_a-impure.o)
                              c:/st/stm32cubeide_1.2.0/stm32cubeide/plugins/com.st.stm32cube.ide.mcu.externaltools.gnu-tools-for-stm32.9-2020-q2-update.win32_1.5.0.202011040924/tools/bin/../lib/gcc/arm-none-eabi/9.3.1/../../../../arm-none-eabi/lib/thumb/v6-m/nofp\libc_nano.a(lib_a-exit.o) (_global_impure_ptr)
c:/st/stm32cubeide_1.2.0/stm32cubeide/plugins/com.st.stm32cube.ide.mcu.externaltools.gnu-tools-for-stm32.9-2020-q2-update.win32_1.5.0.202011040924/tools/bin/../lib/gcc/arm-none-eabi/9.3.1/../../../../arm-none-eabi/lib/thumb/v6-m/nofp\libc_nano.a(lib_a-init.o)
                              c:/st/stm32cubeide_1.2.0/stm32cubeide/plugins/com.st.stm32cube.ide.mcu.externaltools.gnu-tools-for-stm32.9-2020-q2-update.win32_1.5.0.202011040924/tools/bin/../lib/gcc/arm-none-eabi/9.3.1/../../../../arm-none-eabi/lib/thumb/v6-m/nofp/crt0.o (__libc_init_array)
c:/st/stm32cubeide_1.2.0/stm32cubeide/plugins/com.st.stm32cube.ide.mcu.externaltools.gnu-tools-for-stm32.9-2020-q2-update.win32_1.5.0.202011040924/tools/bin/../lib/gcc/arm-none-eabi/9.3.1/../../../../arm-none-eabi/lib/thumb/v6-m/nofp\libc_nano.a(lib_a-memset.o)
                              c:/st/stm32cubeide_1.2.0/stm32cubeide/plugins/com.st.stm32cube.ide.mcu.externaltools.gnu-tools-for-stm32.9-2020-q2-update.win32_1.5.0.202011040924/tools/bin/../lib/gcc/arm-none-eabi/9.3.1/../../../../arm-none-eabi/lib/thumb/v6-m/nofp/crt0.o (memset)
c:/st/stm32cubeide_1.2.0/stm32cubeide/plugins/com.st.stm32cube.ide.mcu.externaltools.gnu-tools-for-stm32.9-2020-q2-update.win32_1.5.0.202011040924/tools/bin/../lib/gcc/arm-none-eabi/9.3.1/../../../../arm-none-eabi/lib/thumb/v6-m/nofp\libm.a(lib_a-s_sin.o)
                              Core/Src/main.o (sin)
c:/st/stm32cubeide_1.2.0/stm32cubeide/plugins/com.st.stm32cube.ide.mcu.externaltools.gnu-tools-for-stm32.9-2020-q2-update.win32_1.5.0.202011040924/tools/bin/../lib/gcc/arm-none-eabi/9.3.1/../../../../arm-none-eabi/lib/thumb/v6-m/nofp\libm.a(lib_a-e_rem_pio2.o)
                              c:/st/stm32cubeide_1.2.0/stm32cubeide/plugins/com.st.stm32cube.ide.mcu.externaltools.gnu-tools-for-stm32.9-2020-q2-update.win32_1.5.0.202011040924/tools/bin/../lib/gcc/arm-none-eabi/9.3.1/../../../../arm-none-eabi/lib/thumb/v6-m/nofp\libm.a(lib_a-s_sin.o) (__ieee754_rem_pio2)
c:/st/stm32cubeide_1.2.0/stm32cubeide/plugins/com.st.stm32cube.ide.mcu.externaltools.gnu-tools-for-stm32.9-2020-q2-update.win32_1.5.0.202011040924/tools/bin/../lib/gcc/arm-none-eabi/9.3.1/../../../../arm-none-eabi/lib/thumb/v6-m/nofp\libm.a(lib_a-k_cos.o)
                              c:/st/stm32cubeide_1.2.0/stm32cubeide/plugins/com.st.stm32cube.ide.mcu.externaltools.gnu-tools-for-stm32.9-2020-q2-update.win32_1.5.0.202011040924/tools/bin/../lib/gcc/arm-none-eabi/9.3.1/../../../../arm-none-eabi/lib/thumb/v6-m/nofp\libm.a(lib_a-s_sin.o) (__kernel_cos)
c:/st/stm32cubeide_1.2.0/stm32cubeide/plugins/com.st.stm32cube.ide.mcu.externaltools.gnu-tools-for-stm32.9-2020-q2-update.win32_1.5.0.202011040924/tools/bin/../lib/gcc/arm-none-eabi/9.3.1/../../../../arm-none-eabi/lib/thumb/v6-m/nofp\libm.a(lib_a-k_rem_pio2.o)
                              c:/st/stm32cubeide_1.2.0/stm32cubeide/plugins/com.st.stm32cube.ide.mcu.externaltools.gnu-tools-for-stm32.9-2020-q2-update.win32_1.5.0.202011040924/tools/bin/../lib/gcc/arm-none-eabi/9.3.1/../../../../arm-none-eabi/lib/thumb/v6-m/nofp\libm.a(lib_a-e_rem_pio2.o) (__kernel_rem_pio2)
c:/st/stm32cubeide_1.2.0/stm32cubeide/plugins/com.st.stm32cube.ide.mcu.externaltools.gnu-tools-for-stm32.9-2020-q2-update.win32_1.5.0.202011040924/tools/bin/../lib/gcc/arm-none-eabi/9.3.1/../../../../arm-none-eabi/lib/thumb/v6-m/nofp\libm.a(lib_a-k_sin.o)
[...]
Memory Configuration

Name             Origin             Length             Attributes
RAM              0x0000000020000000 0x0000000000009000 xrw
FLASH            0x0000000008000000 0x0000000000020000 xr
*default*        0x0000000000000000 0xffffffffffffffff

Linker script and memory map

LOAD c:/st/stm32cubeide_1.2.0/stm32cubeide/plugins/com.st.stm32cube.ide.mcu.externaltools.gnu-tools-for-stm32.9-2020-q2-update.win32_1.5.0.202011040924/tools/bin/../lib/gcc/arm-none-eabi/9.3.1/thumb/v6-m/nofp/crti.o
LOAD c:/st/stm32cubeide_1.2.0/stm32cubeide/plugins/com.st.stm32cube.ide.mcu.externaltools.gnu-tools-for-stm32.9-2020-q2-update.win32_1.5.0.202011040924/tools/bin/../lib/gcc/arm-none-eabi/9.3.1/thumb/v6-m/nofp/crtbegin.o
LOAD c:/st/stm32cubeide_1.2.0/stm32cubeide/plugins/com.st.stm32cube.ide.mcu.externaltools.gnu-tools-for-stm32.9-2020-q2-update.win32_1.5.0.202011040924/tools/bin/../lib/gcc/arm-none-eabi/9.3.1/../../../../arm-none-eabi/lib/thumb/v6-m/nofp/crt0.o
LOAD Core/Src/main.o
LOAD Core/Src/stm32g0xx_hal_msp.o
LOAD Core/Src/stm32g0xx_it.o
LOAD Core/Src/syscalls.o
LOAD Core/Src/sysmem.o
LOAD Core/Src/system_stm32g0xx.o
LOAD Core/Startup/startup_stm32g071kbtx.o
LOAD Drivers/STM32G0xx_HAL_Driver/Src/stm32g0xx_hal.o
LOAD Drivers/STM32G0xx_HAL_Driver/Src/stm32g0xx_hal_comp.o
LOAD Drivers/STM32G0xx_HAL_Driver/Src/stm32g0xx_hal_cortex.o
LOAD Drivers/STM32G0xx_HAL_Driver/Src/stm32g0xx_hal_dma.o
LOAD Drivers/STM32G0xx_HAL_Driver/Src/stm32g0xx_hal_dma_ex.o
LOAD Drivers/STM32G0xx_HAL_Driver/Src/stm32g0xx_hal_exti.o
LOAD Drivers/STM32G0xx_HAL_Driver/Src/stm32g0xx_hal_flash.o
LOAD Drivers/STM32G0xx_HAL_Driver/Src/stm32g0xx_hal_flash_ex.o
LOAD Drivers/STM32G0xx_HAL_Driver/Src/stm32g0xx_hal_gpio.o
LOAD Drivers/STM32G0xx_HAL_Driver/Src/stm32g0xx_hal_i2c.o
LOAD Drivers/STM32G0xx_HAL_Driver/Src/stm32g0xx_hal_i2c_ex.o
LOAD Drivers/STM32G0xx_HAL_Driver/Src/stm32g0xx_hal_i2s.o
LOAD Drivers/STM32G0xx_HAL_Driver/Src/stm32g0xx_hal_pwr.o
LOAD Drivers/STM32G0xx_HAL_Driver/Src/stm32g0xx_hal_pwr_ex.o
LOAD Drivers/STM32G0xx_HAL_Driver/Src/stm32g0xx_hal_rcc.o
LOAD Drivers/STM32G0xx_HAL_Driver/Src/stm32g0xx_hal_rcc_ex.o
LOAD Drivers/STM32G0xx_HAL_Driver/Src/stm32g0xx_hal_spi.o
LOAD Drivers/STM32G0xx_HAL_Driver/Src/stm32g0xx_hal_spi_ex.o
LOAD Drivers/STM32G0xx_HAL_Driver/Src/stm32g0xx_hal_tim.o
LOAD Drivers/STM32G0xx_HAL_Driver/Src/stm32g0xx_hal_tim_ex.o
LOAD Drivers/STM32G0xx_HAL_Driver/Src/stm32g0xx_hal_usart.o
LOAD Drivers/STM32G0xx_HAL_Driver/Src/stm32g0xx_hal_usart_ex.o
LOAD Drivers/STM32G0xx_HAL_Driver/Src/stm32g0xx_ll_dma.o
LOAD Drivers/STM32G0xx_HAL_Driver/Src/stm32g0xx_ll_exti.o
LOAD Drivers/STM32G0xx_HAL_Driver/Src/stm32g0xx_ll_gpio.o
LOAD Drivers/STM32G0xx_HAL_Driver/Src/stm32g0xx_ll_rcc.o
LOAD Drivers/STM32G0xx_HAL_Driver/Src/stm32g0xx_ll_usart.o
LOAD Drivers/STM32G0xx_HAL_Driver/Src/stm32g0xx_ll_utils.o
START GROUP
LOAD c:/st/stm32cubeide_1.2.0/stm32cubeide/plugins/com.st.stm32cube.ide.mcu.externaltools.gnu-tools-for-stm32.9-2020-q2-update.win32_1.5.0.202011040924/tools/bin/../lib/gcc/arm-none-eabi/9.3.1/../../../../arm-none-eabi/lib/thumb/v6-m/nofp\libc_nano.a
LOAD c:/st/stm32cubeide_1.2.0/stm32cubeide/plugins/com.st.stm32cube.ide.mcu.externaltools.gnu-tools-for-stm32.9-2020-q2-update.win32_1.5.0.202011040924/tools/bin/../lib/gcc/arm-none-eabi/9.3.1/../../../../arm-none-eabi/lib/thumb/v6-m/nofp\libm.a
END GROUP
START GROUP
LOAD c:/st/stm32cubeide_1.2.0/stm32cubeide/plugins/com.st.stm32cube.ide.mcu.externaltools.gnu-tools-for-stm32.9-2020-q2-update.win32_1.5.0.202011040924/tools/bin/../lib/gcc/arm-none-eabi/9.3.1/thumb/v6-m/nofp\libgcc.a
LOAD c:/st/stm32cubeide_1.2.0/stm32cubeide/plugins/com.st.stm32cube.ide.mcu.externaltools.gnu-tools-for-stm32.9-2020-q2-update.win32_1.5.0.202011040924/tools/bin/../lib/gcc/arm-none-eabi/9.3.1/../../../../arm-none-eabi/lib/thumb/v6-m/nofp\libc_nano.a
END GROUP
START GROUP
LOAD c:/st/stm32cubeide_1.2.0/stm32cubeide/plugins/com.st.stm32cube.ide.mcu.externaltools.gnu-tools-for-stm32.9-2020-q2-update.win32_1.5.0.202011040924/tools/bin/../lib/gcc/arm-none-eabi/9.3.1/thumb/v6-m/nofp\libgcc.a
LOAD c:/st/stm32cubeide_1.2.0/stm32cubeide/plugins/com.st.stm32cube.ide.mcu.externaltools.gnu-tools-for-stm32.9-2020-q2-update.win32_1.5.0.202011040924/tools/bin/../lib/gcc/arm-none-eabi/9.3.1/../../../../arm-none-eabi/lib/thumb/v6-m/nofp\libc_nano.a
LOAD c:/st/stm32cubeide_1.2.0/stm32cubeide/plugins/com.st.stm32cube.ide.mcu.externaltools.gnu-tools-for-stm32.9-2020-q2-update.win32_1.5.0.202011040924/tools/bin/../lib/gcc/arm-none-eabi/9.3.1/../../../../arm-none-eabi/lib/thumb/v6-m/nofp\libnosys.a
END GROUP
START GROUP
LOAD c:/st/stm32cubeide_1.2.0/stm32cubeide/plugins/com.st.stm32cube.ide.mcu.externaltools.gnu-tools-for-stm32.9-2020-q2-update.win32_1.5.0.202011040924/tools/bin/../lib/gcc/arm-none-eabi/9.3.1/thumb/v6-m/nofp\libgcc.a
LOAD c:/st/stm32cubeide_1.2.0/stm32cubeide/plugins/com.st.stm32cube.ide.mcu.externaltools.gnu-tools-for-stm32.9-2020-q2-update.win32_1.5.0.202011040924/tools/bin/../lib/gcc/arm-none-eabi/9.3.1/../../../../arm-none-eabi/lib/thumb/v6-m/nofp\libc_nano.a
LOAD c:/st/stm32cubeide_1.2.0/stm32cubeide/plugins/com.st.stm32cube.ide.mcu.externaltools.gnu-tools-for-stm32.9-2020-q2-update.win32_1.5.0.202011040924/tools/bin/../lib/gcc/arm-none-eabi/9.3.1/../../../../arm-none-eabi/lib/thumb/v6-m/nofp\libnosys.a
END GROUP
LOAD c:/st/stm32cubeide_1.2.0/stm32cubeide/plugins/com.st.stm32cube.ide.mcu.externaltools.gnu-tools-for-stm32.9-2020-q2-update.win32_1.5.0.202011040924/tools/bin/../lib/gcc/arm-none-eabi/9.3.1/thumb/v6-m/nofp/crtend.o
LOAD c:/st/stm32cubeide_1.2.0/stm32cubeide/plugins/com.st.stm32cube.ide.mcu.externaltools.gnu-tools-for-stm32.9-2020-q2-update.win32_1.5.0.202011040924/tools/bin/../lib/gcc/arm-none-eabi/9.3.1/thumb/v6-m/nofp/crtn.o
                0x0000000020009000                _estack = (ORIGIN (RAM) + LENGTH (RAM))
                0x0000000000000200                _Min_Heap_Size = 0x200
                0x0000000000000400                _Min_Stack_Size = 0x400

.isr_vector     0x0000000008000000       0xbc
                0x0000000008000000                . = ALIGN (0x4)
 *(.isr_vector)
 .isr_vector    0x0000000008000000       0xbc Core/Startup/startup_stm32g071kbtx.o
                0x0000000008000000                g_pfnVectors
                0x00000000080000bc                . = ALIGN (0x4)

.text           0x00000000080000bc     0xe97c
                0x00000000080000bc                . = ALIGN (0x4)
 *(.text)
 .text          0x00000000080000bc       0x48 c:/st/stm32cubeide_1.2.0/stm32cubeide/plugins/com.st.stm32cube.ide.mcu.externaltools.gnu-tools-for-stm32.9-2020-q2-update.win32_1.5.0.202011040924/tools/bin/../lib/gcc/arm-none-eabi/9.3.1/thumb/v6-m/nofp/crtbegin.o
 .text          0x0000000008000104      0x114 c:/st/stm32cubeide_1.2.0/stm32cubeide/plugins/com.st.stm32cube.ide.mcu.externaltools.gnu-tools-for-stm32.9-2020-q2-update.win32_1.5.0.202011040924/tools/bin/../lib/gcc/arm-none-eabi/9.3.1/thumb/v6-m/nofp\libgcc.a(_udivsi3.o)
                0x0000000008000104                __aeabi_uidiv
                0x0000000008000104                __udivsi3
                0x0000000008000210                __aeabi_uidivmod
 .text          0x0000000008000218      0x1d4 c:/st/stm32cubeide_1.2.0/stm32cubeide/plugins/com.st.stm32cube.ide.mcu.externaltools.gnu-tools-for-stm32.9-2020-q2-update.win32_1.5.0.202011040924/tools/bin/../lib/gcc/arm-none-eabi/9.3.1/thumb/v6-m/nofp\libgcc.a(_divsi3.o)
                0x0000000008000218                __divsi3
                0x0000000008000218                __aeabi_idiv
                0x00000000080003e4                __aeabi_idivmod
 .text          0x00000000080003ec        0x4 c:/st/stm32cubeide_1.2.0/stm32cubeide/plugins/com.st.stm32cube.ide.mcu.externaltools.gnu-tools-for-stm32.9-2020-q2-update.win32_1.5.0.202011040924/tools/bin/../lib/gcc/arm-none-eabi/9.3.1/thumb/v6-m/nofp\libgcc.a(_dvmd_tls.o)
                0x00000000080003ec                __aeabi_idiv0
                0x00000000080003ec                __aeabi_ldiv0
 .text          0x00000000080003f0       0x7c c:/st/stm32cubeide_1.2.0/stm32cubeide/plugins/com.st.stm32cube.ide.mcu.externaltools.gnu-tools-for-stm32.9-2020-q2-update.win32_1.5.0.202011040924/tools/bin/../lib/gcc/arm-none-eabi/9.3.1/thumb/v6-m/nofp\libgcc.a(_arm_cmpdf2.o)
                0x00000000080003f0                __aeabi_cdrcmple
                0x0000000008000400                __aeabi_cdcmple
                0x0000000008000400                __aeabi_cdcmpeq
                0x0000000008000410                __aeabi_dcmpeq
                0x000000000800041c                __aeabi_dcmplt
                0x0000000008000430                __aeabi_dcmple
                0x0000000008000444                __aeabi_dcmpgt
                0x0000000008000458                __aeabi_dcmpge
 .text          0x000000000800046c       0x3c c:/st/stm32cubeide_1.2.0/stm32cubeide/plugins/com.st.stm32cube.ide.mcu.externaltools.gnu-tools-for-stm32.9-2020-q2-update.win32_1.5.0.202011040924/tools/bin/../lib/gcc/arm-none-eabi/9.3.1/thumb/v6-m/nofp\libgcc.a(_fixunsdfsi.o)
                0x000000000800046c                __aeabi_d2uiz
                0x000000000800046c                __fixunsdfsi
 .text          0x00000000080004a8      0x6d4 c:/st/stm32cubeide_1.2.0/stm32cubeide/plugins/com.st.stm32cube.ide.mcu.externaltools.gnu-tools-for-stm32.9-2020-q2-update.win32_1.5.0.202011040924/tools/bin/../lib/gcc/arm-none-eabi/9.3.1/thumb/v6-m/nofp\libgcc.a(adddf3.o)
                0x00000000080004a8                __aeabi_dadd
 .text          0x0000000008000b7c      0x5d0 c:/st/stm32cubeide_1.2.0/stm32cubeide/plugins/com.st.stm32cube.ide.mcu.externaltools.gnu-tools-for-stm32.9-2020-q2-update.win32_1.5.0.202011040924/tools/bin/../lib/gcc/arm-none-eabi/9.3.1/thumb/v6-m/nofp\libgcc.a(divdf3.o)
                0x0000000008000b7c                __aeabi_ddiv
 .text          0x000000000800114c       0x78 c:/st/stm32cubeide_1.2.0/stm32cubeide/plugins/com.st.stm32cube.ide.mcu.externaltools.gnu-tools-for-stm32.9-2020-q2-update.win32_1.5.0.202011040924/tools/bin/../lib/gcc/arm-none-eabi/9.3.1/thumb/v6-m/nofp\libgcc.a(eqdf2.o)
                0x000000000800114c                __nedf2
                0x000000000800114c                __eqdf2
 .text          0x00000000080011c4       0xe4 c:/st/stm32cubeide_1.2.0/stm32cubeide/plugins/com.st.stm32cube.ide.mcu.externaltools.gnu-tools-for-stm32.9-2020-q2-update.win32_1.5.0.202011040924/tools/bin/../lib/gcc/arm-none-eabi/9.3.1/thumb/v6-m/nofp\libgcc.a(gedf2.o)
                0x00000000080011c4                __gedf2
                0x00000000080011c4                __gtdf2
 .text          0x00000000080012a8       0xe0 c:/st/stm32cubeide_1.2.0/stm32cubeide/plugins/com.st.stm32cube.ide.mcu.externaltools.gnu-tools-for-stm32.9-2020-q2-update.win32_1.5.0.202011040924/tools/bin/../lib/gcc/arm-none-eabi/9.3.1/thumb/v6-m/nofp\libgcc.a(ledf2.o)
                0x00000000080012a8                __ledf2
                0x00000000080012a8                __ltdf2
 .text          0x0000000008001388      0x4d8 c:/st/stm32cubeide_1.2.0/stm32cubeide/plugins/com.st.stm32cube.ide.mcu.externaltools.gnu-tools-for-stm32.9-2020-q2-update.win32_1.5.0.202011040924/tools/bin/../lib/gcc/arm-none-eabi/9.3.1/thumb/v6-m/nofp\libgcc.a(muldf3.o)
                0x0000000008001388                __aeabi_dmul
 .text          0x0000000008001860      0x724 c:/st/stm32cubeide_1.2.0/stm32cubeide/plugins/com.st.stm32cube.ide.mcu.externaltools.gnu-tools-for-stm32.9-2020-q2-update.win32_1.5.0.202011040924/tools/bin/../lib/gcc/arm-none-eabi/9.3.1/thumb/v6-m/nofp\libgcc.a(subdf3.o)
                0x0000000008001860                __aeabi_dsub
 .text          0x0000000008001f84       0x6c c:/st/stm32cubeide_1.2.0/stm32cubeide/plugins/com.st.stm32cube.ide.mcu.externaltools.gnu-tools-for-stm32.9-2020-q2-update.win32_1.5.0.202011040924/tools/bin/../lib/gcc/arm-none-eabi/9.3.1/thumb/v6-m/nofp\libgcc.a(fixdfsi.o)
                0x0000000008001f84                __aeabi_d2iz
 .text          0x0000000008001ff0       0x60 c:/st/stm32cubeide_1.2.0/stm32cubeide/plugins/com.st.stm32cube.ide.mcu.externaltools.gnu-tools-for-stm32.9-2020-q2-update.win32_1.5.0.202011040924/tools/bin/../lib/gcc/arm-none-eabi/9.3.1/thumb/v6-m/nofp\libgcc.a(floatsidf.o)
                0x0000000008001ff0                __aeabi_i2d
 .text          0x0000000008002050       0x4c c:/st/stm32cubeide_1.2.0/stm32cubeide/plugins/com.st.stm32cube.ide.mcu.externaltools.gnu-tools-for-stm32.9-2020-q2-update.win32_1.5.0.202011040924/tools/bin/../lib/gcc/arm-none-eabi/9.3.1/thumb/v6-m/nofp\libgcc.a(floatunsidf.o)
                0x0000000008002050                __aeabi_ui2d
 .text          0x000000000800209c       0x3c c:/st/stm32cubeide_1.2.0/stm32cubeide/plugins/com.st.stm32cube.ide.mcu.externaltools.gnu-tools-for-stm32.9-2020-q2-update.win32_1.5.0.202011040924/tools/bin/../lib/gcc/arm-none-eabi/9.3.1/thumb/v6-m/nofp\libgcc.a(_clzsi2.o)
                0x000000000800209c                __clzsi2
 *(.text*)
 .text.__NVIC_EnableIRQ
                0x00000000080020d8       0x34 Core/Src/main.o
 .text.__NVIC_SetPriority
                0x000000000800210c       0xdc Core/Src/main.o
 .text.LL_USART_Enable
                0x00000000080021e8       0x1c Core/Src/main.o
 .text.LL_USART_DisableFIFO
                0x0000000008002204       0x20 Core/Src/main.o
 .text.LL_USART_SetTXFIFOThreshold
                0x0000000008002224       0x24 Core/Src/main.o
 .text.LL_USART_SetRXFIFOThreshold
                0x0000000008002248       0x28 Core/Src/main.o
 .text.LL_USART_ConfigAsyncMode
                0x0000000008002270       0x30 Core/Src/main.o
 .text.LL_USART_IsActiveFlag_TEACK
                0x00000000080022a0       0x28 Core/Src/main.o
 .text.LL_USART_IsActiveFlag_REACK
                0x00000000080022c8       0x28 Core/Src/main.o
 .text.LL_USART_EnableIT_RXNE_RXFNE
                0x00000000080022f0       0x1c Core/Src/main.o
 .text.LL_USART_EnableIT_ERROR
                0x000000000800230c       0x1c Core/Src/main.o
 .text.LL_USART_ReceiveData9
                0x0000000008002328       0x1c Core/Src/main.o
 .text.LL_SYSCFG_EnableFastModePlus
                0x0000000008002344       0x20 Core/Src/main.o
 .text.LL_GPIO_SetOutputPin
                0x0000000008002364       0x18 Core/Src/main.o
 .text.LL_GPIO_ResetOutputPin
                0x000000000800237c       0x18 Core/Src/main.o
 .text.LL_APB1_GRP1_EnableClock
                0x0000000008002394       0x2c Core/Src/main.o
 .text.LL_IOP_GRP1_EnableClock
                0x00000000080023c0       0x2c Core/Src/main.o
 .text.main     0x00000000080023ec      0x160 Core/Src/main.o
                0x00000000080023ec                main
 .text.SystemClock_Config
                0x000000000800254c      0x100 Core/Src/main.o
                0x000000000800254c                SystemClock_Config
 .text.MX_COMP1_Init
                0x000000000800264c       0x64 Core/Src/main.o
 .text.MX_I2C1_Init
                0x00000000080026b0       0x80 Core/Src/main.o
 .text.MX_I2S1_Init
                0x0000000008002730       0x54 Core/Src/main.o
 .text.MX_SPI2_Init
                0x0000000008002784       0x88 Core/Src/main.o
 .text.MX_TIM1_Init
                0x000000000800280c      0x1f4 Core/Src/main.o
 .text.MX_USART2_UART_Init
                0x0000000008002a00      0x13c Core/Src/main.o
 .text.MX_USART3_Init
                0x0000000008002b3c       0x84 Core/Src/main.o
 .text.MX_DMA_Init
                0x0000000008002bc0       0x5c Core/Src/main.o
 .text.MX_GPIO_Init
                0x0000000008002c1c      0x2b4 Core/Src/main.o
 .text.USART2_RX_Callback
                0x0000000008002ed0       0x78 Core/Src/main.o
                0x0000000008002ed0                USART2_RX_Callback
 .text.HAL_SPI_RxHalfCpltCallback
                0x0000000008002f48       0x9c Core/Src/main.o
                0x0000000008002f48                HAL_SPI_RxHalfCpltCallback
 .text.HAL_SPI_RxCpltCallback
                0x0000000008002fe4       0x30 Core/Src/main.o
                0x0000000008002fe4                HAL_SPI_RxCpltCallback
 .text.HAL_USART_TxCpltCallback
                0x0000000008003014       0x4c Core/Src/main.o
                0x0000000008003014                HAL_USART_TxCpltCallback
 .text.HAL_I2S_TxHalfCpltCallback
                0x0000000008003060       0xe4 Core/Src/main.o
                0x0000000008003060                HAL_I2S_TxHalfCpltCallback
 .text.cmdReceive
                0x0000000008003144       0xd8 Core/Src/main.o
                0x0000000008003144                cmdReceive
 .text.USART_AS_SPI_sendCMD
                0x000000000800321c       0x24 Core/Src/main.o
                0x000000000800321c                USART_AS_SPI_sendCMD
 .text.weoInit  0x0000000008003240       0xd8 Core/Src/main.o
                0x0000000008003240                weoInit
 .text.weoClear
                0x0000000008003318       0xc8 Core/Src/main.o
                0x0000000008003318                weoClear
 .text.weoDrawRectangleFilled
                0x00000000080033e0      0x1c8 Core/Src/main.o
                0x00000000080033e0                weoDrawRectangleFilled
 .text.weoDrawRectangleInit
                0x00000000080035a8      0x10e Core/Src/main.o
                0x00000000080035a8                weoDrawRectangleInit
 *fill*         0x00000000080036b6        0x2 
 .text.I2C_SOUND_ChangePage
                0x00000000080036b8       0x3c Core/Src/main.o
                0x00000000080036b8                I2C_SOUND_ChangePage
 .text.WriteReg_I2C_SOUND
                0x00000000080036f4       0x44 Core/Src/main.o
                0x00000000080036f4                WriteReg_I2C_SOUND
 .text.soundSetup
                0x0000000008003738      0x114 Core/Src/main.o
                0x0000000008003738                soundSetup
 .text.answer2CPU
                0x000000000800384c      0x888 Core/Src/main.o
                0x000000000800384c                answer2CPU
 .text.MEM_Reset
                0x00000000080040d4       0xbc Core/Src/main.o
                0x00000000080040d4                MEM_Reset
 .text.weoShowFullScreenDMA
                0x0000000008004190      0x13c Core/Src/main.o
                0x0000000008004190                weoShowFullScreenDMA
 .text.weoShowSmallImage
                0x00000000080042cc      0x328 Core/Src/main.o
                0x00000000080042cc                weoShowSmallImage
 .text.MEM_GetID
                0x00000000080045f4       0xc4 Core/Src/main.o
                0x00000000080045f4                MEM_GetID
 .text.Scount   0x00000000080046b8        0xc Core/Src/main.o
                0x00000000080046b8                Scount
 .text.cmdExecute
                0x00000000080046c4      0x200 Core/Src/main.o
                0x00000000080046c4                cmdExecute
 .text.printASCIIarray
                0x00000000080048c4      0x24c Core/Src/main.o
                0x00000000080048c4                printASCIIarray
 .text.squeak_single
                0x0000000008004b10      0x120 Core/Src/main.o
                0x0000000008004b10                squeak_single
 .text.squeak_long
                0x0000000008004c30      0x188 Core/Src/main.o
                0x0000000008004c30                squeak_long
 .text.squeak_double
                0x0000000008004db8      0x134 Core/Src/main.o
                0x0000000008004db8                squeak_double
 .text.squeak_triple
                0x0000000008004eec      0x148 Core/Src/main.o
                0x0000000008004eec                squeak_triple
 .text.Error_Handler
                0x0000000008005034        0xa Core/Src/main.o
                0x0000000008005034                Error_Handler
 *fill*         0x000000000800503e        0x2 
 .text.HAL_MspInit
                0x0000000008005040       0x50 Core/Src/stm32g0xx_hal_msp.o
                0x0000000008005040                HAL_MspInit
 .text.HAL_COMP_MspInit
                0x0000000008005090       0x6c Core/Src/stm32g0xx_hal_msp.o
                0x0000000008005090                HAL_COMP_MspInit
 .text.HAL_I2C_MspInit
                0x00000000080050fc       0xa8 Core/Src/stm32g0xx_hal_msp.o
                0x00000000080050fc                HAL_I2C_MspInit
 .text.HAL_I2S_MspInit
                0x00000000080051a4      0x150 Core/Src/stm32g0xx_hal_msp.o
                0x00000000080051a4                HAL_I2S_MspInit
 .text.HAL_SPI_MspInit
                0x00000000080052f4      0x18c Core/Src/stm32g0xx_hal_msp.o
                0x00000000080052f4                HAL_SPI_MspInit
 .text.HAL_TIM_Base_MspInit
                0x0000000008005480       0x40 Core/Src/stm32g0xx_hal_msp.o
                0x0000000008005480                HAL_TIM_Base_MspInit
 .text.HAL_TIM_MspPostInit
                0x00000000080054c0       0x7c Core/Src/stm32g0xx_hal_msp.o
                0x00000000080054c0                HAL_TIM_MspPostInit
 .text.HAL_USART_MspInit
                0x000000000800553c      0x148 Core/Src/stm32g0xx_hal_msp.o
                0x000000000800553c                HAL_USART_MspInit
 .text.LL_USART_IsActiveFlag_FE
                0x0000000008005684       0x22 Core/Src/stm32g0xx_it.o
 .text.LL_USART_IsActiveFlag_NE
                0x00000000080056a6       0x22 Core/Src/stm32g0xx_it.o
 .text.LL_USART_IsActiveFlag_ORE
                0x00000000080056c8       0x22 Core/Src/stm32g0xx_it.o
 .text.LL_USART_IsActiveFlag_RXNE_RXFNE
                0x00000000080056ea       0x22 Core/Src/stm32g0xx_it.o
 .text.LL_USART_IsEnabledIT_RXNE_RXFNE
                0x000000000800570c       0x22 Core/Src/stm32g0xx_it.o
 .text.NMI_Handler
                0x000000000800572e        0xa Core/Src/stm32g0xx_it.o
                0x000000000800572e                NMI_Handler
 .text.HardFault_Handler
                0x0000000008005738        0x6 Core/Src/stm32g0xx_it.o
                0x0000000008005738                HardFault_Handler
 .text.SVC_Handler
                0x000000000800573e        0xa Core/Src/stm32g0xx_it.o
                0x000000000800573e                SVC_Handler
 .text.PendSV_Handler
                0x0000000008005748        0xa Core/Src/stm32g0xx_it.o
                0x0000000008005748                PendSV_Handler
 .text.SysTick_Handler
                0x0000000008005752        0xe Core/Src/stm32g0xx_it.o
                0x0000000008005752                SysTick_Handler
 .text.DMA1_Channel1_IRQHandler
                0x0000000008005760       0x18 Core/Src/stm32g0xx_it.o
                0x0000000008005760                DMA1_Channel1_IRQHandler
 .text.DMA1_Channel2_3_IRQHandler
                0x0000000008005778       0x24 Core/Src/stm32g0xx_it.o
                0x0000000008005778                DMA1_Channel2_3_IRQHandler
 .text.DMA1_Ch4_7_DMAMUX1_OVR_IRQHandler
                0x000000000800579c       0x18 Core/Src/stm32g0xx_it.o
                0x000000000800579c                DMA1_Ch4_7_DMAMUX1_OVR_IRQHandler
 .text.I2C1_IRQHandler
                0x00000000080057b4       0x30 Core/Src/stm32g0xx_it.o
                0x00000000080057b4                I2C1_IRQHandler
 .text.SPI1_IRQHandler
                0x00000000080057e4       0x18 Core/Src/stm32g0xx_it.o
                0x00000000080057e4                SPI1_IRQHandler
 .text.SPI2_IRQHandler
                0x00000000080057fc       0x18 Core/Src/stm32g0xx_it.o
                0x00000000080057fc                SPI2_IRQHandler
 .text.USART2_IRQHandler
                0x0000000008005814       0xa0 Core/Src/stm32g0xx_it.o
                0x0000000008005814                USART2_IRQHandler
 .text.USART3_4_LPUART1_IRQHandler
                0x00000000080058b4       0x18 Core/Src/stm32g0xx_it.o
                0x00000000080058b4                USART3_4_LPUART1_IRQHandler
 .text.SystemInit
                0x00000000080058cc       0x18 Core/Src/system_stm32g0xx.o
                0x00000000080058cc                SystemInit
 .text.Reset_Handler
                0x00000000080058e4       0x50 Core/Startup/startup_stm32g071kbtx.o
                0x00000000080058e4                Reset_Handler
 .text.Default_Handler
                0x0000000008005934        0x2 Core/Startup/startup_stm32g071kbtx.o
                0x0000000008005934                TIM1_CC_IRQHandler
                0x0000000008005934                ADC1_COMP_IRQHandler
                0x0000000008005934                PVD_IRQHandler
                0x0000000008005934                TIM7_LPTIM2_IRQHandler
                0x0000000008005934                RTC_TAMP_IRQHandler
                0x0000000008005934                EXTI2_3_IRQHandler
                0x0000000008005934                I2C2_IRQHandler
                0x0000000008005934                TIM17_IRQHandler
                0x0000000008005934                TIM16_IRQHandler
                0x0000000008005934                TIM3_IRQHandler
                0x0000000008005934                EXTI4_15_IRQHandler
                0x0000000008005934                RCC_IRQHandler
                0x0000000008005934                Default_Handler
                0x0000000008005934                CEC_IRQHandler
                0x0000000008005934                TIM14_IRQHandler
                0x0000000008005934                TIM15_IRQHandler
                0x0000000008005934                EXTI0_1_IRQHandler
                0x0000000008005934                TIM6_DAC_LPTIM1_IRQHandler
                0x0000000008005934                WWDG_IRQHandler
                0x0000000008005934                TIM2_IRQHandler
                0x0000000008005934                UCPD1_2_IRQHandler
                0x0000000008005934                FLASH_IRQHandler
                0x0000000008005934                USART1_IRQHandler
                0x0000000008005934                TIM1_BRK_UP_TRG_COM_IRQHandler
 *fill*         0x0000000008005936        0x2 
 .text.HAL_Init
                0x0000000008005938       0x40 Drivers/STM32G0xx_HAL_Driver/Src/stm32g0xx_hal.o
                0x0000000008005938                HAL_Init
 .text.HAL_InitTick
                0x0000000008005978       0x94 Drivers/STM32G0xx_HAL_Driver/Src/stm32g0xx_hal.o
                0x0000000008005978                HAL_InitTick
 .text.HAL_IncTick
                0x0000000008005a0c       0x24 Drivers/STM32G0xx_HAL_Driver/Src/stm32g0xx_hal.o
                0x0000000008005a0c                HAL_IncTick
 .text.HAL_GetTick
                0x0000000008005a30       0x14 Drivers/STM32G0xx_HAL_Driver/Src/stm32g0xx_hal.o
                0x0000000008005a30                HAL_GetTick
 .text.HAL_Delay
                0x0000000008005a44       0x48 Drivers/STM32G0xx_HAL_Driver/Src/stm32g0xx_hal.o
                0x0000000008005a44                HAL_Delay
 .text.HAL_SYSCFG_StrobeDBattpinsConfig
                0x0000000008005a8c       0x2c Drivers/STM32G0xx_HAL_Driver/Src/stm32g0xx_hal.o
                0x0000000008005a8c                HAL_SYSCFG_StrobeDBattpinsConfig
 .text.LL_EXTI_EnableIT_0_31
                0x0000000008005ab8       0x24 Drivers/STM32G0xx_HAL_Driver/Src/stm32g0xx_hal_comp.o
 .text.LL_EXTI_DisableIT_0_31
                0x0000000008005adc       0x28 Drivers/STM32G0xx_HAL_Driver/Src/stm32g0xx_hal_comp.o
 .text.LL_EXTI_EnableEvent_0_31
                0x0000000008005b04       0x24 Drivers/STM32G0xx_HAL_Driver/Src/stm32g0xx_hal_comp.o
 .text.LL_EXTI_DisableEvent_0_31
                0x0000000008005b28       0x28 Drivers/STM32G0xx_HAL_Driver/Src/stm32g0xx_hal_comp.o
 .text.LL_EXTI_EnableRisingTrig_0_31
                0x0000000008005b50       0x20 Drivers/STM32G0xx_HAL_Driver/Src/stm32g0xx_hal_comp.o
 .text.LL_EXTI_DisableRisingTrig_0_31
                0x0000000008005b70       0x24 Drivers/STM32G0xx_HAL_Driver/Src/stm32g0xx_hal_comp.o
 .text.LL_EXTI_EnableFallingTrig_0_31
                0x0000000008005b94       0x20 Drivers/STM32G0xx_HAL_Driver/Src/stm32g0xx_hal_comp.o
 .text.LL_EXTI_DisableFallingTrig_0_31
                0x0000000008005bb4       0x24 Drivers/STM32G0xx_HAL_Driver/Src/stm32g0xx_hal_comp.o
 .text.LL_EXTI_ClearFallingFlag_0_31
                0x0000000008005bd8       0x1c Drivers/STM32G0xx_HAL_Driver/Src/stm32g0xx_hal_comp.o
 .text.LL_EXTI_ClearRisingFlag_0_31
                0x0000000008005bf4       0x1c Drivers/STM32G0xx_HAL_Driver/Src/stm32g0xx_hal_comp.o
 .text.HAL_COMP_Init
                0x0000000008005c10      0x2c4 Drivers/STM32G0xx_HAL_Driver/Src/stm32g0xx_hal_comp.o
                0x0000000008005c10                HAL_COMP_Init
 .text.HAL_COMP_Start
                0x0000000008005ed4       0xa4 Drivers/STM32G0xx_HAL_Driver/Src/stm32g0xx_hal_comp.o
                0x0000000008005ed4                HAL_COMP_Start
 .text.__NVIC_EnableIRQ
                0x0000000008005f78       0x34 Drivers/STM32G0xx_HAL_Driver/Src/stm32g0xx_hal_cortex.o
 .text.__NVIC_SetPriority
                0x0000000008005fac       0xdc Drivers/STM32G0xx_HAL_Driver/Src/stm32g0xx_hal_cortex.o
 .text.SysTick_Config
                0x0000000008006088       0x48 Drivers/STM32G0xx_HAL_Driver/Src/stm32g0xx_hal_cortex.o
 .text.HAL_NVIC_SetPriority
                0x00000000080060d0       0x2a Drivers/STM32G0xx_HAL_Driver/Src/stm32g0xx_hal_cortex.o
                0x00000000080060d0                HAL_NVIC_SetPriority
 .text.HAL_NVIC_EnableIRQ
                0x00000000080060fa       0x20 Drivers/STM32G0xx_HAL_Driver/Src/stm32g0xx_hal_cortex.o
                0x00000000080060fa                HAL_NVIC_EnableIRQ
 .text.HAL_SYSTICK_Config
                0x000000000800611a       0x1a Drivers/STM32G0xx_HAL_Driver/Src/stm32g0xx_hal_cortex.o
                0x000000000800611a                HAL_SYSTICK_Config
 .text.HAL_DMA_Init
                0x0000000008006134      0x114 Drivers/STM32G0xx_HAL_Driver/Src/stm32g0xx_hal_dma.o
                0x0000000008006134                HAL_DMA_Init
 .text.HAL_DMA_Start_IT
                0x0000000008006248      0x10c Drivers/STM32G0xx_HAL_Driver/Src/stm32g0xx_hal_dma.o
                0x0000000008006248                HAL_DMA_Start_IT
 .text.HAL_DMA_Abort_IT
                0x0000000008006354       0xd4 Drivers/STM32G0xx_HAL_Driver/Src/stm32g0xx_hal_dma.o
                0x0000000008006354                HAL_DMA_Abort_IT
 .text.HAL_DMA_IRQHandler
                0x0000000008006428      0x164 Drivers/STM32G0xx_HAL_Driver/Src/stm32g0xx_hal_dma.o
                0x0000000008006428                HAL_DMA_IRQHandler
 .text.HAL_DMA_GetState
                0x000000000800658c       0x18 Drivers/STM32G0xx_HAL_Driver/Src/stm32g0xx_hal_dma.o
                0x000000000800658c                HAL_DMA_GetState
 .text.DMA_SetConfig
                0x00000000080065a4       0x80 Drivers/STM32G0xx_HAL_Driver/Src/stm32g0xx_hal_dma.o
 .text.DMA_CalcDMAMUXChannelBaseAndMask
                0x0000000008006624       0x58 Drivers/STM32G0xx_HAL_Driver/Src/stm32g0xx_hal_dma.o
 .text.DMA_CalcDMAMUXRequestGenBaseAndMask
                0x000000000800667c       0x48 Drivers/STM32G0xx_HAL_Driver/Src/stm32g0xx_hal_dma.o
 .text.HAL_GPIO_Init
                0x00000000080066c4      0x2c8 Drivers/STM32G0xx_HAL_Driver/Src/stm32g0xx_hal_gpio.o
                0x00000000080066c4                HAL_GPIO_Init
 .text.HAL_I2C_Init
                0x000000000800698c      0x12c Drivers/STM32G0xx_HAL_Driver/Src/stm32g0xx_hal_i2c.o
                0x000000000800698c                HAL_I2C_Init
 .text.HAL_I2C_Master_Transmit
                0x0000000008006ab8      0x210 Drivers/STM32G0xx_HAL_Driver/Src/stm32g0xx_hal_i2c.o
                0x0000000008006ab8                HAL_I2C_Master_Transmit
 .text.HAL_I2C_EV_IRQHandler
                0x0000000008006cc8       0x34 Drivers/STM32G0xx_HAL_Driver/Src/stm32g0xx_hal_i2c.o
                0x0000000008006cc8                HAL_I2C_EV_IRQHandler
 .text.HAL_I2C_ER_IRQHandler
                0x0000000008006cfc       0xc4 Drivers/STM32G0xx_HAL_Driver/Src/stm32g0xx_hal_i2c.o
                0x0000000008006cfc                HAL_I2C_ER_IRQHandler
 .text.HAL_I2C_SlaveTxCpltCallback
                0x0000000008006dc0       0x10 Drivers/STM32G0xx_HAL_Driver/Src/stm32g0xx_hal_i2c.o
                0x0000000008006dc0                HAL_I2C_SlaveTxCpltCallback
 .text.HAL_I2C_SlaveRxCpltCallback
                0x0000000008006dd0       0x10 Drivers/STM32G0xx_HAL_Driver/Src/stm32g0xx_hal_i2c.o
                0x0000000008006dd0                HAL_I2C_SlaveRxCpltCallback
 .text.HAL_I2C_AddrCallback
                0x0000000008006de0       0x20 Drivers/STM32G0xx_HAL_Driver/Src/stm32g0xx_hal_i2c.o
                0x0000000008006de0                HAL_I2C_AddrCallback
 .text.HAL_I2C_ListenCpltCallback
                0x0000000008006e00       0x10 Drivers/STM32G0xx_HAL_Driver/Src/stm32g0xx_hal_i2c.o
                0x0000000008006e00                HAL_I2C_ListenCpltCallback
 .text.HAL_I2C_ErrorCallback
                0x0000000008006e10       0x10 Drivers/STM32G0xx_HAL_Driver/Src/stm32g0xx_hal_i2c.o
                0x0000000008006e10                HAL_I2C_ErrorCallback
 .text.HAL_I2C_AbortCpltCallback
                0x0000000008006e20       0x10 Drivers/STM32G0xx_HAL_Driver/Src/stm32g0xx_hal_i2c.o
                0x0000000008006e20                HAL_I2C_AbortCpltCallback
 .text.I2C_Slave_ISR_IT
                0x0000000008006e30      0x228 Drivers/STM32G0xx_HAL_Driver/Src/stm32g0xx_hal_i2c.o
 .text.I2C_ITAddrCplt
                0x0000000008007058      0x148 Drivers/STM32G0xx_HAL_Driver/Src/stm32g0xx_hal_i2c.o
 .text.I2C_ITSlaveSeqCplt
                0x00000000080071a0       0xcc Drivers/STM32G0xx_HAL_Driver/Src/stm32g0xx_hal_i2c.o
 .text.I2C_ITSlaveCplt
                0x000000000800726c      0x248 Drivers/STM32G0xx_HAL_Driver/Src/stm32g0xx_hal_i2c.o
 .text.I2C_ITListenCplt
                0x00000000080074b4       0xb4 Drivers/STM32G0xx_HAL_Driver/Src/stm32g0xx_hal_i2c.o
 .text.I2C_ITError
                0x0000000008007568      0x1c4 Drivers/STM32G0xx_HAL_Driver/Src/stm32g0xx_hal_i2c.o
 .text.I2C_TreatErrorCallback
                0x000000000800772c       0x52 Drivers/STM32G0xx_HAL_Driver/Src/stm32g0xx_hal_i2c.o
 .text.I2C_Flush_TXDR
                0x000000000800777e       0x44 Drivers/STM32G0xx_HAL_Driver/Src/stm32g0xx_hal_i2c.o
 .text.I2C_DMAAbort
                0x00000000080077c2       0x3e Drivers/STM32G0xx_HAL_Driver/Src/stm32g0xx_hal_i2c.o
 .text.I2C_WaitOnFlagUntilTimeout
                0x0000000008007800       0x7e Drivers/STM32G0xx_HAL_Driver/Src/stm32g0xx_hal_i2c.o
 .text.I2C_WaitOnTXISFlagUntilTimeout
                0x000000000800787e       0x7e Drivers/STM32G0xx_HAL_Driver/Src/stm32g0xx_hal_i2c.o
 .text.I2C_WaitOnSTOPFlagUntilTimeout
                0x00000000080078fc       0x78 Drivers/STM32G0xx_HAL_Driver/Src/stm32g0xx_hal_i2c.o
 .text.I2C_IsAcknowledgeFailed
                0x0000000008007974       0xcc Drivers/STM32G0xx_HAL_Driver/Src/stm32g0xx_hal_i2c.o
 .text.I2C_TransferConfig
                0x0000000008007a40       0x6c Drivers/STM32G0xx_HAL_Driver/Src/stm32g0xx_hal_i2c.o
 .text.I2C_Disable_IRQ
                0x0000000008007aac       0xc6 Drivers/STM32G0xx_HAL_Driver/Src/stm32g0xx_hal_i2c.o
 *fill*         0x0000000008007b72        0x2 
 .text.HAL_I2CEx_ConfigAnalogFilter
                0x0000000008007b74       0x98 Drivers/STM32G0xx_HAL_Driver/Src/stm32g0xx_hal_i2c_ex.o
                0x0000000008007b74                HAL_I2CEx_ConfigAnalogFilter
 .text.HAL_I2CEx_ConfigDigitalFilter
                0x0000000008007c0c       0x98 Drivers/STM32G0xx_HAL_Driver/Src/stm32g0xx_hal_i2c_ex.o
                0x0000000008007c0c                HAL_I2CEx_ConfigDigitalFilter
 .text.HAL_I2S_Init
                0x0000000008007ca4      0x1ec Drivers/STM32G0xx_HAL_Driver/Src/stm32g0xx_hal_i2s.o
                0x0000000008007ca4                HAL_I2S_Init
 .text.HAL_I2S_Transmit
                0x0000000008007e90      0x1f0 Drivers/STM32G0xx_HAL_Driver/Src/stm32g0xx_hal_i2s.o
                0x0000000008007e90                HAL_I2S_Transmit
 .text.HAL_I2S_Transmit_DMA
                0x0000000008008080      0x158 Drivers/STM32G0xx_HAL_Driver/Src/stm32g0xx_hal_i2s.o
                0x0000000008008080                HAL_I2S_Transmit_DMA
 .text.HAL_I2S_IRQHandler
                0x00000000080081d8       0xd6 Drivers/STM32G0xx_HAL_Driver/Src/stm32g0xx_hal_i2s.o
                0x00000000080081d8                HAL_I2S_IRQHandler
 .text.HAL_I2S_TxCpltCallback
                0x00000000080082ae       0x10 Drivers/STM32G0xx_HAL_Driver/Src/stm32g0xx_hal_i2s.o
                0x00000000080082ae                HAL_I2S_TxCpltCallback
 .text.HAL_I2S_RxCpltCallback
                0x00000000080082be       0x10 Drivers/STM32G0xx_HAL_Driver/Src/stm32g0xx_hal_i2s.o
                0x00000000080082be                HAL_I2S_RxCpltCallback
 .text.HAL_I2S_ErrorCallback
                0x00000000080082ce       0x10 Drivers/STM32G0xx_HAL_Driver/Src/stm32g0xx_hal_i2s.o
                0x00000000080082ce                HAL_I2S_ErrorCallback
 .text.I2S_DMATxCplt
                0x00000000080082de       0x44 Drivers/STM32G0xx_HAL_Driver/Src/stm32g0xx_hal_i2s.o
 .text.I2S_DMATxHalfCplt
                0x0000000008008322       0x1e Drivers/STM32G0xx_HAL_Driver/Src/stm32g0xx_hal_i2s.o
 .text.I2S_DMAError
                0x0000000008008340       0x4e Drivers/STM32G0xx_HAL_Driver/Src/stm32g0xx_hal_i2s.o
 .text.I2S_Transmit_IT
                0x000000000800838e       0x5e Drivers/STM32G0xx_HAL_Driver/Src/stm32g0xx_hal_i2s.o
 .text.I2S_Receive_IT
                0x00000000080083ec       0x60 Drivers/STM32G0xx_HAL_Driver/Src/stm32g0xx_hal_i2s.o
 .text.I2S_WaitFlagStateUntilTimeout
                0x000000000800844c       0x72 Drivers/STM32G0xx_HAL_Driver/Src/stm32g0xx_hal_i2s.o
 *fill*         0x00000000080084be        0x2 
 .text.HAL_PWREx_ControlVoltageScaling
                0x00000000080084c0       0x80 Drivers/STM32G0xx_HAL_Driver/Src/stm32g0xx_hal_pwr_ex.o
                0x00000000080084c0                HAL_PWREx_ControlVoltageScaling
 .text.LL_RCC_GetAPB1Prescaler
                0x0000000008008540       0x18 Drivers/STM32G0xx_HAL_Driver/Src/stm32g0xx_hal_rcc.o
 .text.HAL_RCC_OscConfig
                0x0000000008008558      0x640 Drivers/STM32G0xx_HAL_Driver/Src/stm32g0xx_hal_rcc.o
                0x0000000008008558                HAL_RCC_OscConfig
 .text.HAL_RCC_ClockConfig
                0x0000000008008b98      0x210 Drivers/STM32G0xx_HAL_Driver/Src/stm32g0xx_hal_rcc.o
                0x0000000008008b98                HAL_RCC_ClockConfig
 .text.HAL_RCC_GetSysClockFreq
                0x0000000008008da8      0x104 Drivers/STM32G0xx_HAL_Driver/Src/stm32g0xx_hal_rcc.o
                0x0000000008008da8                HAL_RCC_GetSysClockFreq
 .text.HAL_RCC_GetHCLKFreq
                0x0000000008008eac       0x14 Drivers/STM32G0xx_HAL_Driver/Src/stm32g0xx_hal_rcc.o
                0x0000000008008eac                HAL_RCC_GetHCLKFreq
 .text.HAL_RCC_GetPCLK1Freq
                0x0000000008008ec0       0x2c Drivers/STM32G0xx_HAL_Driver/Src/stm32g0xx_hal_rcc.o
                0x0000000008008ec0                HAL_RCC_GetPCLK1Freq
 .text.HAL_RCCEx_PeriphCLKConfig
                0x0000000008008eec      0x370 Drivers/STM32G0xx_HAL_Driver/Src/stm32g0xx_hal_rcc_ex.o
                0x0000000008008eec                HAL_RCCEx_PeriphCLKConfig
 .text.HAL_RCCEx_GetPeriphCLKFreq
                0x000000000800925c      0x690 Drivers/STM32G0xx_HAL_Driver/Src/stm32g0xx_hal_rcc_ex.o
                0x000000000800925c                HAL_RCCEx_GetPeriphCLKFreq
 .text.HAL_SPI_Init
                0x00000000080098ec      0x170 Drivers/STM32G0xx_HAL_Driver/Src/stm32g0xx_hal_spi.o
                0x00000000080098ec                HAL_SPI_Init
 .text.HAL_SPI_Transmit
                0x0000000008009a5c      0x2b0 Drivers/STM32G0xx_HAL_Driver/Src/stm32g0xx_hal_spi.o
                0x0000000008009a5c                HAL_SPI_Transmit
 .text.HAL_SPI_Receive
                0x0000000008009d0c      0x298 Drivers/STM32G0xx_HAL_Driver/Src/stm32g0xx_hal_spi.o
                0x0000000008009d0c                HAL_SPI_Receive
 .text.HAL_SPI_TransmitReceive
                0x0000000008009fa4      0x3a4 Drivers/STM32G0xx_HAL_Driver/Src/stm32g0xx_hal_spi.o
                0x0000000008009fa4                HAL_SPI_TransmitReceive
 .text.HAL_SPI_Receive_DMA
                0x000000000800a348      0x27c Drivers/STM32G0xx_HAL_Driver/Src/stm32g0xx_hal_spi.o
                0x000000000800a348                HAL_SPI_Receive_DMA
 .text.HAL_SPI_TransmitReceive_DMA
                0x000000000800a5c4      0x364 Drivers/STM32G0xx_HAL_Driver/Src/stm32g0xx_hal_spi.o
                0x000000000800a5c4                HAL_SPI_TransmitReceive_DMA
 .text.HAL_SPI_IRQHandler
                0x000000000800a928      0x1fc Drivers/STM32G0xx_HAL_Driver/Src/stm32g0xx_hal_spi.o
                0x000000000800a928                HAL_SPI_IRQHandler
 .text.HAL_SPI_TxRxCpltCallback
                0x000000000800ab24       0x10 Drivers/STM32G0xx_HAL_Driver/Src/stm32g0xx_hal_spi.o
                0x000000000800ab24                HAL_SPI_TxRxCpltCallback
 .text.HAL_SPI_TxRxHalfCpltCallback
                0x000000000800ab34       0x10 Drivers/STM32G0xx_HAL_Driver/Src/stm32g0xx_hal_spi.o
                0x000000000800ab34                HAL_SPI_TxRxHalfCpltCallback
 .text.HAL_SPI_ErrorCallback
                0x000000000800ab44       0x10 Drivers/STM32G0xx_HAL_Driver/Src/stm32g0xx_hal_spi.o
                0x000000000800ab44                HAL_SPI_ErrorCallback
 .text.SPI_DMAReceiveCplt
                0x000000000800ab54       0xb0 Drivers/STM32G0xx_HAL_Driver/Src/stm32g0xx_hal_spi.o
 .text.SPI_DMATransmitReceiveCplt
                0x000000000800ac04       0x96 Drivers/STM32G0xx_HAL_Driver/Src/stm32g0xx_hal_spi.o
 .text.SPI_DMAHalfReceiveCplt
                0x000000000800ac9a       0x1e Drivers/STM32G0xx_HAL_Driver/Src/stm32g0xx_hal_spi.o
 .text.SPI_DMAHalfTransmitReceiveCplt
                0x000000000800acb8       0x1e Drivers/STM32G0xx_HAL_Driver/Src/stm32g0xx_hal_spi.o
 .text.SPI_DMAError
                0x000000000800acd6       0x42 Drivers/STM32G0xx_HAL_Driver/Src/stm32g0xx_hal_spi.o
 .text.SPI_DMAAbortOnError
                0x000000000800ad18       0x2c Drivers/STM32G0xx_HAL_Driver/Src/stm32g0xx_hal_spi.o
 .text.SPI_WaitFlagStateUntilTimeout
                0x000000000800ad44      0x11c Drivers/STM32G0xx_HAL_Driver/Src/stm32g0xx_hal_spi.o
 .text.SPI_WaitFifoStateUntilTimeout
                0x000000000800ae60      0x12c Drivers/STM32G0xx_HAL_Driver/Src/stm32g0xx_hal_spi.o
 .text.SPI_EndRxTransaction
                0x000000000800af8c       0xbc Drivers/STM32G0xx_HAL_Driver/Src/stm32g0xx_hal_spi.o
 .text.SPI_EndRxTxTransaction
                0x000000000800b048       0x8c Drivers/STM32G0xx_HAL_Driver/Src/stm32g0xx_hal_spi.o
 .text.HAL_TIM_Base_Init
                0x000000000800b0d4       0xb0 Drivers/STM32G0xx_HAL_Driver/Src/stm32g0xx_hal_tim.o
                0x000000000800b0d4                HAL_TIM_Base_Init
 .text.HAL_TIM_PWM_Init
                0x000000000800b184       0xb0 Drivers/STM32G0xx_HAL_Driver/Src/stm32g0xx_hal_tim.o
                0x000000000800b184                HAL_TIM_PWM_Init
 .text.HAL_TIM_PWM_MspInit
                0x000000000800b234       0x10 Drivers/STM32G0xx_HAL_Driver/Src/stm32g0xx_hal_tim.o
                0x000000000800b234                HAL_TIM_PWM_MspInit
 .text.HAL_TIM_PWM_Start
                0x000000000800b244      0x1d4 Drivers/STM32G0xx_HAL_Driver/Src/stm32g0xx_hal_tim.o
                0x000000000800b244                HAL_TIM_PWM_Start
 .text.HAL_TIM_PWM_ConfigChannel
                0x000000000800b418      0x1ec Drivers/STM32G0xx_HAL_Driver/Src/stm32g0xx_hal_tim.o
                0x000000000800b418                HAL_TIM_PWM_ConfigChannel
 .text.HAL_TIM_ConfigClockSource
                0x000000000800b604      0x198 Drivers/STM32G0xx_HAL_Driver/Src/stm32g0xx_hal_tim.o
                0x000000000800b604                HAL_TIM_ConfigClockSource
 .text.TIM_Base_SetConfig
                0x000000000800b79c      0x100 Drivers/STM32G0xx_HAL_Driver/Src/stm32g0xx_hal_tim.o
                0x000000000800b79c                TIM_Base_SetConfig
 .text.TIM_OC1_SetConfig
                0x000000000800b89c      0x114 Drivers/STM32G0xx_HAL_Driver/Src/stm32g0xx_hal_tim.o
 .text.TIM_OC2_SetConfig
                0x000000000800b9b0      0x108 Drivers/STM32G0xx_HAL_Driver/Src/stm32g0xx_hal_tim.o
                0x000000000800b9b0                TIM_OC2_SetConfig
 .text.TIM_OC3_SetConfig
                0x000000000800bab8      0x110 Drivers/STM32G0xx_HAL_Driver/Src/stm32g0xx_hal_tim.o
 .text.TIM_OC4_SetConfig
                0x000000000800bbc8       0xd4 Drivers/STM32G0xx_HAL_Driver/Src/stm32g0xx_hal_tim.o
 .text.TIM_OC5_SetConfig
                0x000000000800bc9c       0xc0 Drivers/STM32G0xx_HAL_Driver/Src/stm32g0xx_hal_tim.o
 .text.TIM_OC6_SetConfig
                0x000000000800bd5c       0xc8 Drivers/STM32G0xx_HAL_Driver/Src/stm32g0xx_hal_tim.o
 .text.TIM_TI1_ConfigInputStage
                0x000000000800be24       0x5c Drivers/STM32G0xx_HAL_Driver/Src/stm32g0xx_hal_tim.o
 .text.TIM_TI2_ConfigInputStage
                0x000000000800be80       0x64 Drivers/STM32G0xx_HAL_Driver/Src/stm32g0xx_hal_tim.o
 .text.TIM_ITRx_SetConfig
                0x000000000800bee4       0x38 Drivers/STM32G0xx_HAL_Driver/Src/stm32g0xx_hal_tim.o
 .text.TIM_ETR_SetConfig
                0x000000000800bf1c       0x40 Drivers/STM32G0xx_HAL_Driver/Src/stm32g0xx_hal_tim.o
                0x000000000800bf1c                TIM_ETR_SetConfig
 .text.TIM_CCxChannelCmd
                0x000000000800bf5c       0x46 Drivers/STM32G0xx_HAL_Driver/Src/stm32g0xx_hal_tim.o
                0x000000000800bf5c                TIM_CCxChannelCmd
 *fill*         0x000000000800bfa2        0x2 
 .text.HAL_TIMEx_MasterConfigSynchronization
                0x000000000800bfa4       0xdc Drivers/STM32G0xx_HAL_Driver/Src/stm32g0xx_hal_tim_ex.o
                0x000000000800bfa4                HAL_TIMEx_MasterConfigSynchronization
 .text.HAL_TIMEx_ConfigBreakDeadTime
                0x000000000800c080      0x14c Drivers/STM32G0xx_HAL_Driver/Src/stm32g0xx_hal_tim_ex.o
                0x000000000800c080                HAL_TIMEx_ConfigBreakDeadTime
 .text.HAL_TIMEx_ConfigBreakInput
                0x000000000800c1cc      0x140 Drivers/STM32G0xx_HAL_Driver/Src/stm32g0xx_hal_tim_ex.o
                0x000000000800c1cc                HAL_TIMEx_ConfigBreakInput
 .text.HAL_USART_Init
                0x000000000800c30c       0xa0 Drivers/STM32G0xx_HAL_Driver/Src/stm32g0xx_hal_usart.o
                0x000000000800c30c                HAL_USART_Init
 .text.HAL_USART_Transmit
                0x000000000800c3ac      0x17c Drivers/STM32G0xx_HAL_Driver/Src/stm32g0xx_hal_usart.o
                0x000000000800c3ac                HAL_USART_Transmit
 .text.HAL_USART_Transmit_DMA
                0x000000000800c528      0x138 Drivers/STM32G0xx_HAL_Driver/Src/stm32g0xx_hal_usart.o
                0x000000000800c528                HAL_USART_Transmit_DMA
 .text.HAL_USART_IRQHandler
                0x000000000800c660      0x2dc Drivers/STM32G0xx_HAL_Driver/Src/stm32g0xx_hal_usart.o
                0x000000000800c660                HAL_USART_IRQHandler
 .text.HAL_USART_TxHalfCpltCallback
                0x000000000800c93c       0x10 Drivers/STM32G0xx_HAL_Driver/Src/stm32g0xx_hal_usart.o
                0x000000000800c93c                HAL_USART_TxHalfCpltCallback
 .text.HAL_USART_TxRxCpltCallback
                0x000000000800c94c       0x10 Drivers/STM32G0xx_HAL_Driver/Src/stm32g0xx_hal_usart.o
                0x000000000800c94c                HAL_USART_TxRxCpltCallback
 .text.HAL_USART_ErrorCallback
                0x000000000800c95c       0x10 Drivers/STM32G0xx_HAL_Driver/Src/stm32g0xx_hal_usart.o
                0x000000000800c95c                HAL_USART_ErrorCallback
 .text.USART_EndTransfer
                0x000000000800c96c       0x40 Drivers/STM32G0xx_HAL_Driver/Src/stm32g0xx_hal_usart.o
 .text.USART_DMATransmitCplt
                0x000000000800c9ac       0x6a Drivers/STM32G0xx_HAL_Driver/Src/stm32g0xx_hal_usart.o
 .text.USART_DMATxHalfCplt
                0x000000000800ca16       0x1e Drivers/STM32G0xx_HAL_Driver/Src/stm32g0xx_hal_usart.o
 .text.USART_DMAError
                0x000000000800ca34       0x46 Drivers/STM32G0xx_HAL_Driver/Src/stm32g0xx_hal_usart.o
 .text.USART_DMAAbortOnError
                0x000000000800ca7a       0x2a Drivers/STM32G0xx_HAL_Driver/Src/stm32g0xx_hal_usart.o
 .text.USART_WaitOnFlagUntilTimeout
                0x000000000800caa4       0x6a Drivers/STM32G0xx_HAL_Driver/Src/stm32g0xx_hal_usart.o
 *fill*         0x000000000800cb0e        0x2 
 .text.USART_SetConfig
                0x000000000800cb10      0x538 Drivers/STM32G0xx_HAL_Driver/Src/stm32g0xx_hal_usart.o
 .text.USART_CheckIdleState
                0x000000000800d048       0x88 Drivers/STM32G0xx_HAL_Driver/Src/stm32g0xx_hal_usart.o
 .text.USART_EndTransmit_IT
                0x000000000800d0d0       0x86 Drivers/STM32G0xx_HAL_Driver/Src/stm32g0xx_hal_usart.o
 .text.HAL_USARTEx_RxFifoFullCallback
                0x000000000800d156       0x10 Drivers/STM32G0xx_HAL_Driver/Src/stm32g0xx_hal_usart_ex.o
                0x000000000800d156                HAL_USARTEx_RxFifoFullCallback
 .text.HAL_USARTEx_TxFifoEmptyCallback
                0x000000000800d166       0x10 Drivers/STM32G0xx_HAL_Driver/Src/stm32g0xx_hal_usart_ex.o
                0x000000000800d166                HAL_USARTEx_TxFifoEmptyCallback
 .text.LL_GPIO_SetPinMode
                0x000000000800d176       0x38 Drivers/STM32G0xx_HAL_Driver/Src/stm32g0xx_ll_gpio.o
 .text.LL_GPIO_SetPinOutputType
                0x000000000800d1ae       0x2a Drivers/STM32G0xx_HAL_Driver/Src/stm32g0xx_ll_gpio.o
 .text.LL_GPIO_SetPinSpeed
                0x000000000800d1d8       0x38 Drivers/STM32G0xx_HAL_Driver/Src/stm32g0xx_ll_gpio.o
 .text.LL_GPIO_SetPinPull
                0x000000000800d210       0x38 Drivers/STM32G0xx_HAL_Driver/Src/stm32g0xx_ll_gpio.o
 .text.LL_GPIO_SetAFPin_0_7
                0x000000000800d248       0x46 Drivers/STM32G0xx_HAL_Driver/Src/stm32g0xx_ll_gpio.o
 .text.LL_GPIO_SetAFPin_8_15
                0x000000000800d28e       0x5a Drivers/STM32G0xx_HAL_Driver/Src/stm32g0xx_ll_gpio.o
 .text.LL_GPIO_Init
                0x000000000800d2e8       0xb6 Drivers/STM32G0xx_HAL_Driver/Src/stm32g0xx_ll_gpio.o
                0x000000000800d2e8                LL_GPIO_Init
 *fill*         0x000000000800d39e        0x2 
 .text.LL_RCC_HSI_IsReady
                0x000000000800d3a0       0x28 Drivers/STM32G0xx_HAL_Driver/Src/stm32g0xx_ll_rcc.o
 .text.LL_RCC_LSE_IsReady
                0x000000000800d3c8       0x20 Drivers/STM32G0xx_HAL_Driver/Src/stm32g0xx_ll_rcc.o
 .text.LL_RCC_GetSysClkSource
                0x000000000800d3e8       0x18 Drivers/STM32G0xx_HAL_Driver/Src/stm32g0xx_ll_rcc.o
 .text.LL_RCC_GetAHBPrescaler
                0x000000000800d400       0x18 Drivers/STM32G0xx_HAL_Driver/Src/stm32g0xx_ll_rcc.o
 .text.LL_RCC_GetAPB1Prescaler
                0x000000000800d418       0x18 Drivers/STM32G0xx_HAL_Driver/Src/stm32g0xx_ll_rcc.o
 .text.LL_RCC_GetUSARTClockSource
                0x000000000800d430       0x24 Drivers/STM32G0xx_HAL_Driver/Src/stm32g0xx_ll_rcc.o
 .text.LL_RCC_PLL_GetN
                0x000000000800d454       0x18 Drivers/STM32G0xx_HAL_Driver/Src/stm32g0xx_ll_rcc.o
 .text.LL_RCC_PLL_GetR
                0x000000000800d46c       0x18 Drivers/STM32G0xx_HAL_Driver/Src/stm32g0xx_ll_rcc.o
 .text.LL_RCC_PLL_GetMainSource
                0x000000000800d484       0x18 Drivers/STM32G0xx_HAL_Driver/Src/stm32g0xx_ll_rcc.o
 .text.LL_RCC_PLL_GetDivider
                0x000000000800d49c       0x18 Drivers/STM32G0xx_HAL_Driver/Src/stm32g0xx_ll_rcc.o
 .text.LL_RCC_GetSystemClocksFreq
                0x000000000800d4b4       0x3a Drivers/STM32G0xx_HAL_Driver/Src/stm32g0xx_ll_rcc.o
                0x000000000800d4b4                LL_RCC_GetSystemClocksFreq
 *fill*         0x000000000800d4ee        0x2 
 .text.LL_RCC_GetUSARTClockFreq
                0x000000000800d4f0      0x120 Drivers/STM32G0xx_HAL_Driver/Src/stm32g0xx_ll_rcc.o
                0x000000000800d4f0                LL_RCC_GetUSARTClockFreq
 .text.RCC_GetSystemClockFreq
                0x000000000800d610       0x5c Drivers/STM32G0xx_HAL_Driver/Src/stm32g0xx_ll_rcc.o
                0x000000000800d610                RCC_GetSystemClockFreq
 .text.RCC_GetHCLKClockFreq
                0x000000000800d66c       0x30 Drivers/STM32G0xx_HAL_Driver/Src/stm32g0xx_ll_rcc.o
                0x000000000800d66c                RCC_GetHCLKClockFreq
 .text.RCC_GetPCLK1ClockFreq
                0x000000000800d69c       0x2c Drivers/STM32G0xx_HAL_Driver/Src/stm32g0xx_ll_rcc.o
                0x000000000800d69c                RCC_GetPCLK1ClockFreq
 .text.RCC_PLL_GetFreqDomain_SYS
                0x000000000800d6c8       0x74 Drivers/STM32G0xx_HAL_Driver/Src/stm32g0xx_ll_rcc.o
                0x000000000800d6c8                RCC_PLL_GetFreqDomain_SYS
 .text.LL_USART_IsEnabled
                0x000000000800d73c       0x22 Drivers/STM32G0xx_HAL_Driver/Src/stm32g0xx_ll_usart.o
 .text.LL_USART_SetPrescaler
                0x000000000800d75e       0x24 Drivers/STM32G0xx_HAL_Driver/Src/stm32g0xx_ll_usart.o
 *fill*         0x000000000800d782        0x2 
 .text.LL_USART_SetStopBitsLength
                0x000000000800d784       0x28 Drivers/STM32G0xx_HAL_Driver/Src/stm32g0xx_ll_usart.o
 .text.LL_USART_SetHWFlowCtrl
                0x000000000800d7ac       0x28 Drivers/STM32G0xx_HAL_Driver/Src/stm32g0xx_ll_usart.o
 .text.LL_USART_SetBaudRate
                0x000000000800d7d4       0xac Drivers/STM32G0xx_HAL_Driver/Src/stm32g0xx_ll_usart.o
 .text.LL_USART_Init
                0x000000000800d880      0x11c Drivers/STM32G0xx_HAL_Driver/Src/stm32g0xx_ll_usart.o
                0x000000000800d880                LL_USART_Init
 .text.__libc_init_array
                0x000000000800d99c       0x48 c:/st/stm32cubeide_1.2.0/stm32cubeide/plugins/com.st.stm32cube.ide.mcu.externaltools.gnu-tools-for-stm32.9-2020-q2-update.win32_1.5.0.202011040924/tools/bin/../lib/gcc/arm-none-eabi/9.3.1/../../../../arm-none-eabi/lib/thumb/v6-m/nofp\libc_nano.a(lib_a-init.o)
                0x000000000800d99c                __libc_init_array
 .text.memset   0x000000000800d9e4       0x10 c:/st/stm32cubeide_1.2.0/stm32cubeide/plugins/com.st.stm32cube.ide.mcu.externaltools.gnu-tools-for-stm32.9-2020-q2-update.win32_1.5.0.202011040924/tools/bin/../lib/gcc/arm-none-eabi/9.3.1/../../../../arm-none-eabi/lib/thumb/v6-m/nofp\libc_nano.a(lib_a-memset.o)
                0x000000000800d9e4                memset
 .text.sin      0x000000000800d9f4       0x8c c:/st/stm32cubeide_1.2.0/stm32cubeide/plugins/com.st.stm32cube.ide.mcu.externaltools.gnu-tools-for-stm32.9-2020-q2-update.win32_1.5.0.202011040924/tools/bin/../lib/gcc/arm-none-eabi/9.3.1/../../../../arm-none-eabi/lib/thumb/v6-m/nofp\libm.a(lib_a-s_sin.o)
                0x000000000800d9f4                sin
 .text.__ieee754_rem_pio2
                0x000000000800da80      0x3d8 c:/st/stm32cubeide_1.2.0/stm32cubeide/plugins/com.st.stm32cube.ide.mcu.externaltools.gnu-tools-for-stm32.9-2020-q2-update.win32_1.5.0.202011040924/tools/bin/../lib/gcc/arm-none-eabi/9.3.1/../../../../arm-none-eabi/lib/thumb/v6-m/nofp\libm.a(lib_a-e_rem_pio2.o)
                0x000000000800da80                __ieee754_rem_pio2
 .text.__kernel_cos
                0x000000000800de58      0x180 c:/st/stm32cubeide_1.2.0/stm32cubeide/plugins/com.st.stm32cube.ide.mcu.externaltools.gnu-tools-for-stm32.9-2020-q2-update.win32_1.5.0.202011040924/tools/bin/../lib/gcc/arm-none-eabi/9.3.1/../../../../arm-none-eabi/lib/thumb/v6-m/nofp\libm.a(lib_a-k_cos.o)
                0x000000000800de58                __kernel_cos
 .text.__kernel_rem_pio2
                0x000000000800dfd8      0x6ec c:/st/stm32cubeide_1.2.0/stm32cubeide/plugins/com.st.stm32cube.ide.mcu.externaltools.gnu-tools-for-stm32.9-2020-q2-update.win32_1.5.0.202011040924/tools/bin/../lib/gcc/arm-none-eabi/9.3.1/../../../../arm-none-eabi/lib/thumb/v6-m/nofp\libm.a(lib_a-k_rem_pio2.o)
                0x000000000800dfd8                __kernel_rem_pio2
 .text.__kernel_sin
                0x000000000800e6c4      0x158 c:/st/stm32cubeide_1.2.0/stm32cubeide/plugins/com.st.stm32cube.ide.mcu.externaltools.gnu-tools-for-stm32.9-2020-q2-update.win32_1.5.0.202011040924/tools/bin/../lib/gcc/arm-none-eabi/9.3.1/../../../../arm-none-eabi/lib/thumb/v6-m/nofp\libm.a(lib_a-k_sin.o)
                0x000000000800e6c4                __kernel_sin
 .text.fabs     0x000000000800e81c        0x6 c:/st/stm32cubeide_1.2.0/stm32cubeide/plugins/com.st.stm32cube.ide.mcu.externaltools.gnu-tools-for-stm32.9-2020-q2-update.win32_1.5.0.202011040924/tools/bin/../lib/gcc/arm-none-eabi/9.3.1/../../../../arm-none-eabi/lib/thumb/v6-m/nofp\libm.a(lib_a-s_fabs.o)
                0x000000000800e81c                fabs
 *fill*         0x000000000800e822        0x2 
 .text.floor    0x000000000800e824      0x114 c:/st/stm32cubeide_1.2.0/stm32cubeide/plugins/com.st.stm32cube.ide.mcu.externaltools.gnu-tools-for-stm32.9-2020-q2-update.win32_1.5.0.202011040924/tools/bin/../lib/gcc/arm-none-eabi/9.3.1/../../../../arm-none-eabi/lib/thumb/v6-m/nofp\libm.a(lib_a-s_floor.o)
                0x000000000800e824                floor
 .text.scalbn   0x000000000800e938       0xe8 c:/st/stm32cubeide_1.2.0/stm32cubeide/plugins/com.st.stm32cube.ide.mcu.externaltools.gnu-tools-for-stm32.9-2020-q2-update.win32_1.5.0.202011040924/tools/bin/../lib/gcc/arm-none-eabi/9.3.1/../../../../arm-none-eabi/lib/thumb/v6-m/nofp\libm.a(lib_a-s_scalbn.o)
                0x000000000800e938                scalbn
 *(.glue_7)
 .glue_7        0x000000000800ea20        0x0 linker stubs
 *(.glue_7t)
 .glue_7t       0x000000000800ea20        0x0 linker stubs
 *(.eh_frame)
 .eh_frame      0x000000000800ea20        0x0 c:/st/stm32cubeide_1.2.0/stm32cubeide/plugins/com.st.stm32cube.ide.mcu.externaltools.gnu-tools-for-stm32.9-2020-q2-update.win32_1.5.0.202011040924/tools/bin/../lib/gcc/arm-none-eabi/9.3.1/thumb/v6-m/nofp/crtbegin.o
 *(.init)
 .init          0x000000000800ea20        0x4 c:/st/stm32cubeide_1.2.0/stm32cubeide/plugins/com.st.stm32cube.ide.mcu.externaltools.gnu-tools-for-stm32.9-2020-q2-update.win32_1.5.0.202011040924/tools/bin/../lib/gcc/arm-none-eabi/9.3.1/thumb/v6-m/nofp/crti.o
                0x000000000800ea20                _init
 .init          0x000000000800ea24        0x8 c:/st/stm32cubeide_1.2.0/stm32cubeide/plugins/com.st.stm32cube.ide.mcu.externaltools.gnu-tools-for-stm32.9-2020-q2-update.win32_1.5.0.202011040924/tools/bin/../lib/gcc/arm-none-eabi/9.3.1/thumb/v6-m/nofp/crtn.o
 *(.fini)
 .fini          0x000000000800ea2c        0x4 c:/st/stm32cubeide_1.2.0/stm32cubeide/plugins/com.st.stm32cube.ide.mcu.externaltools.gnu-tools-for-stm32.9-2020-q2-update.win32_1.5.0.202011040924/tools/bin/../lib/gcc/arm-none-eabi/9.3.1/thumb/v6-m/nofp/crti.o
                0x000000000800ea2c                _fini
 .fini          0x000000000800ea30        0x8 c:/st/stm32cubeide_1.2.0/stm32cubeide/plugins/com.st.stm32cube.ide.mcu.externaltools.gnu-tools-for-stm32.9-2020-q2-update.win32_1.5.0.202011040924/tools/bin/../lib/gcc/arm-none-eabi/9.3.1/thumb/v6-m/nofp/crtn.o
                0x000000000800ea38                . = ALIGN (0x4)
                0x000000000800ea38                _etext = .

.vfp11_veneer   0x000000000800ea38        0x0
 .vfp11_veneer  0x000000000800ea38        0x0 linker stubs

.v4_bx          0x000000000800ea38        0x0
 .v4_bx         0x000000000800ea38        0x0 linker stubs

.iplt           0x000000000800ea38        0x0
 .iplt          0x000000000800ea38        0x0 c:/st/stm32cubeide_1.2.0/stm32cubeide/plugins/com.st.stm32cube.ide.mcu.externaltools.gnu-tools-for-stm32.9-2020-q2-update.win32_1.5.0.202011040924/tools/bin/../lib/gcc/arm-none-eabi/9.3.1/thumb/v6-m/nofp/crtbegin.o

.rodata         0x000000000800ea38     0x3440
                0x000000000800ea38                . = ALIGN (0x4)
 *(.rodata)
 .rodata        0x000000000800ea38        0x1 Core/Src/main.o
 *fill*         0x000000000800ea39        0x3 
 .rodata        0x000000000800ea3c       0x40 c:/st/stm32cubeide_1.2.0/stm32cubeide/plugins/com.st.stm32cube.ide.mcu.externaltools.gnu-tools-for-stm32.9-2020-q2-update.win32_1.5.0.202011040924/tools/bin/../lib/gcc/arm-none-eabi/9.3.1/thumb/v6-m/nofp\libgcc.a(divdf3.o)
 .rodata        0x000000000800ea7c       0x40 c:/st/stm32cubeide_1.2.0/stm32cubeide/plugins/com.st.stm32cube.ide.mcu.externaltools.gnu-tools-for-stm32.9-2020-q2-update.win32_1.5.0.202011040924/tools/bin/../lib/gcc/arm-none-eabi/9.3.1/thumb/v6-m/nofp\libgcc.a(muldf3.o)
 *(.rodata*)
 .rodata.FONT_X
                0x000000000800eabc     0x3100 Core/Src/main.o
 .rodata.AHBPrescTable
                0x0000000008011bbc       0x40 Core/Src/system_stm32g0xx.o
                0x0000000008011bbc                AHBPrescTable
 .rodata.APBPrescTable
                0x0000000008011bfc       0x20 Core/Src/system_stm32g0xx.o
                0x0000000008011bfc                APBPrescTable
 .rodata.HAL_TIM_PWM_ConfigChannel
                0x0000000008011c1c       0x54 Drivers/STM32G0xx_HAL_Driver/Src/stm32g0xx_hal_tim.o
 .rodata.USART_PRESCALER_TAB
                0x0000000008011c70       0x30 Drivers/STM32G0xx_HAL_Driver/Src/stm32g0xx_ll_usart.o
 .rodata.npio2_hw
                0x0000000008011ca0       0x80 c:/st/stm32cubeide_1.2.0/stm32cubeide/plugins/com.st.stm32cube.ide.mcu.externaltools.gnu-tools-for-stm32.9-2020-q2-update.win32_1.5.0.202011040924/tools/bin/../lib/gcc/arm-none-eabi/9.3.1/../../../../arm-none-eabi/lib/thumb/v6-m/nofp\libm.a(lib_a-e_rem_pio2.o)
 .rodata.two_over_pi
                0x0000000008011d20      0x108 c:/st/stm32cubeide_1.2.0/stm32cubeide/plugins/com.st.stm32cube.ide.mcu.externaltools.gnu-tools-for-stm32.9-2020-q2-update.win32_1.5.0.202011040924/tools/bin/../lib/gcc/arm-none-eabi/9.3.1/../../../../arm-none-eabi/lib/thumb/v6-m/nofp\libm.a(lib_a-e_rem_pio2.o)
 .rodata.PIo2   0x0000000008011e28       0x40 c:/st/stm32cubeide_1.2.0/stm32cubeide/plugins/com.st.stm32cube.ide.mcu.externaltools.gnu-tools-for-stm32.9-2020-q2-update.win32_1.5.0.202011040924/tools/bin/../lib/gcc/arm-none-eabi/9.3.1/../../../../arm-none-eabi/lib/thumb/v6-m/nofp\libm.a(lib_a-k_rem_pio2.o)
 .rodata.init_jk
                0x0000000008011e68       0x10 c:/st/stm32cubeide_1.2.0/stm32cubeide/plugins/com.st.stm32cube.ide.mcu.externaltools.gnu-tools-for-stm32.9-2020-q2-update.win32_1.5.0.202011040924/tools/bin/../lib/gcc/arm-none-eabi/9.3.1/../../../../arm-none-eabi/lib/thumb/v6-m/nofp\libm.a(lib_a-k_rem_pio2.o)
                0x0000000008011e78                . = ALIGN (0x4)

.rel.dyn        0x0000000008011e78        0x0
 .rel.iplt      0x0000000008011e78        0x0 c:/st/stm32cubeide_1.2.0/stm32cubeide/plugins/com.st.stm32cube.ide.mcu.externaltools.gnu-tools-for-stm32.9-2020-q2-update.win32_1.5.0.202011040924/tools/bin/../lib/gcc/arm-none-eabi/9.3.1/thumb/v6-m/nofp/crtbegin.o

.ARM.extab      0x0000000008011e78        0x0
                0x0000000008011e78                . = ALIGN (0x4)
 *(.ARM.extab* .gnu.linkonce.armextab.*)
                0x0000000008011e78                . = ALIGN (0x4)

.ARM            0x0000000008011e78        0x0
                0x0000000008011e78                . = ALIGN (0x4)
                0x0000000008011e78                __exidx_start = .
 *(.ARM.exidx*)
                0x0000000008011e78                __exidx_end = .
                0x0000000008011e78                . = ALIGN (0x4)

.preinit_array  0x0000000008011e78        0x0
                0x0000000008011e78                . = ALIGN (0x4)
                0x0000000008011e78                PROVIDE (__preinit_array_start = .)
 *(.preinit_array*)
                0x0000000008011e78                PROVIDE (__preinit_array_end = .)
                0x0000000008011e78                . = ALIGN (0x4)

.init_array     0x0000000008011e78        0x4
                0x0000000008011e78                . = ALIGN (0x4)
                0x0000000008011e78                PROVIDE (__init_array_start = .)
 *(SORT_BY_NAME(.init_array.*))
 *(.init_array*)
 .init_array    0x0000000008011e78        0x4 c:/st/stm32cubeide_1.2.0/stm32cubeide/plugins/com.st.stm32cube.ide.mcu.externaltools.gnu-tools-for-stm32.9-2020-q2-update.win32_1.5.0.202011040924/tools/bin/../lib/gcc/arm-none-eabi/9.3.1/thumb/v6-m/nofp/crtbegin.o
                0x0000000008011e7c                PROVIDE (__init_array_end = .)
                0x0000000008011e7c                . = ALIGN (0x4)

.fini_array     0x0000000008011e7c        0x4
                0x0000000008011e7c                . = ALIGN (0x4)
                [!provide]                        PROVIDE (__fini_array_start = .)
 *(SORT_BY_NAME(.fini_array.*))
 *(.fini_array*)
 .fini_array    0x0000000008011e7c        0x4 c:/st/stm32cubeide_1.2.0/stm32cubeide/plugins/com.st.stm32cube.ide.mcu.externaltools.gnu-tools-for-stm32.9-2020-q2-update.win32_1.5.0.202011040924/tools/bin/../lib/gcc/arm-none-eabi/9.3.1/thumb/v6-m/nofp/crtbegin.o
                [!provide]                        PROVIDE (__fini_array_end = .)
                0x0000000008011e80                . = ALIGN (0x4)
                0x0000000008011e80                _sidata = LOADADDR (.data)

.data           0x0000000020000000       0x40 load address 0x0000000008011e80
                0x0000000020000000                . = ALIGN (0x4)
                0x0000000020000000                _sdata = .
 *(.data)
 *(.data*)
 .data.PCB_type
                0x0000000020000000       0x11 Core/Src/main.o
                0x0000000020000000                PCB_type
 *fill*         0x0000000020000011        0x3 
 .data.PCB_rev  0x0000000020000014        0x8 Core/Src/main.o
                0x0000000020000014                PCB_rev
 .data.currentConsumption
                0x000000002000001c        0x1 Core/Src/main.o
                0x000000002000001c                currentConsumption
 *fill*         0x000000002000001d        0x3 
 .data.EmitterSN
                0x0000000020000020       0x10 Core/Src/main.o
                0x0000000020000020                EmitterSN
 .data.X_increment
                0x0000000020000030        0x1 Core/Src/main.o
                0x0000000020000030                X_increment
 .data.ASCII_height
                0x0000000020000031        0x1 Core/Src/main.o
                0x0000000020000031                ASCII_height
 .data.dma_spi_cnt
                0x0000000020000032        0x2 Core/Src/main.o
                0x0000000020000032                dma_spi_cnt
 .data.SystemCoreClock
                0x0000000020000034        0x4 Core/Src/system_stm32g0xx.o
                0x0000000020000034                SystemCoreClock
 .data.uwTickPrio
                0x0000000020000038        0x4 Drivers/STM32G0xx_HAL_Driver/Src/stm32g0xx_hal.o
                0x0000000020000038                uwTickPrio
 .data.uwTickFreq
                0x000000002000003c        0x1 Drivers/STM32G0xx_HAL_Driver/Src/stm32g0xx_hal.o
                0x000000002000003c                uwTickFreq
                0x0000000020000040                . = ALIGN (0x4)
 *fill*         0x000000002000003d        0x3 
                0x0000000020000040                _edata = .

.igot.plt       0x0000000020000040        0x0 load address 0x0000000008011ec0
 .igot.plt      0x0000000020000040        0x0 c:/st/stm32cubeide_1.2.0/stm32cubeide/plugins/com.st.stm32cube.ide.mcu.externaltools.gnu-tools-for-stm32.9-2020-q2-update.win32_1.5.0.202011040924/tools/bin/../lib/gcc/arm-none-eabi/9.3.1/thumb/v6-m/nofp/crtbegin.o
                0x0000000020000040                . = ALIGN (0x4)

.bss            0x0000000020000040     0x24e4 load address 0x0000000008011ec0
                0x0000000020000040                _sbss = .
                0x0000000020000040                __bss_start__ = _sbss
 *(.bss)
 .bss           0x0000000020000040       0x1c c:/st/stm32cubeide_1.2.0/stm32cubeide/plugins/com.st.stm32cube.ide.mcu.externaltools.gnu-tools-for-stm32.9-2020-q2-update.win32_1.5.0.202011040924/tools/bin/../lib/gcc/arm-none-eabi/9.3.1/thumb/v6-m/nofp/crtbegin.o
 *(.bss*)
 .bss.MEM_ID    0x000000002000005c        0x4 Core/Src/main.o
                0x000000002000005c                MEM_ID
 .bss.ByteReceived
                0x0000000020000060        0x1 Core/Src/main.o
                0x0000000020000060                ByteReceived
 .bss.firstByteReceived
                0x0000000020000061        0x1 Core/Src/main.o
                0x0000000020000061                firstByteReceived
 .bss.ind       0x0000000020000062        0x2 Core/Src/main.o
                0x0000000020000062                ind
 .bss.dimmer    0x0000000020000064        0x1 Core/Src/main.o
                0x0000000020000064                dimmer
 .bss.inputCS   0x0000000020000065        0x1 Core/Src/main.o
                0x0000000020000065                inputCS
 *(COMMON)
 *fill*         0x0000000020000066        0x2 
 COMMON         0x0000000020000068     0x24b5 Core/Src/main.o
                0x0000000020000068                info
                0x0000000020000094                tmp
                0x0000000020000098                image_data_Font_0x38
                0x000000002000009c                image_data_Font_0x35
                0x00000000200000a0                dataASCII
                0x00000000200000b0                hspi2
                0x0000000020000114                image_data_Font_0x32
                0x0000000020000118                uartData
                0x000000002000012c                address
                0x0000000020000130                image_data_Font_0x39
                0x0000000020000134                h1
                0x0000000020000138                hi2c1
                0x0000000020000184                I2Cbuf
                0x000000002000018c                tmp_str
                0x0000000020000198                hdma_spi2_rx
                0x00000000200001f4                image_data_Font_0x33
                0x00000000200001f6                yVal
                0x00000000200001f8                volume
                0x00000000200001f9                currentUARTspeed
                0x00000000200001fc                imX
                0x0000000020000200                hdma_usart3_tx
                0x000000002000025c                hcomp1
                0x000000002000028c                ASCII_Y
                0x0000000020000290                imY
                0x0000000020000294                image_data_Font_0x37
                0x0000000020000298                h2
                0x000000002000029c                husart3
                0x00000000200002fc                contrast
                0x0000000020000300                image_data_Font_0x31
                0x0000000020000304                test
                0x0000000020000308                uartSpeed
                0x000000002000030c                ASCIIcode
                0x000000002000030e                xVal
                0x0000000020000310                Image
                0x0000000020000314                aim
                0x0000000020000318                htim1
                0x0000000020000364                image_data_Font_0x30
                0x0000000020000368                curAddr
                0x000000002000036c                image_data_Font_0x36
                0x0000000020000370                my_test1
                0x0000000020000371                picNum
                0x0000000020000372                cmd2Execute
                0x0000000020000374                frame
                0x0000000020000378                hi2s1
                0x00000000200003b4                accelBuff
                0x00000000200003bc                coala
                0x00000000200003bd                strLen
                0x00000000200003c0                ans
                0x00000000200003d4                bf4me
                0x00000000200003d8                str
                0x000000002000043c                image_data_Font_0x34
                0x000000002000043d                numSound
                0x0000000020000440                hdma_spi2_tx
                0x000000002000049c                CommandID
                0x00000000200004a0                hdma_spi1_tx
                0x00000000200004fc                len
                0x00000000200004fe                dt1
                0x0000000020000500                dat2screen
                0x0000000020000504                MEM_Buffer
                0x0000000020002504                cmd
 *fill*         0x000000002000251d        0x3 
 COMMON         0x0000000020002520        0x4 Drivers/STM32G0xx_HAL_Driver/Src/stm32g0xx_hal.o
                0x0000000020002520                uwTick
                0x0000000020002524                . = ALIGN (0x4)
                0x0000000020002524                _ebss = .
                0x0000000020002524                __bss_end__ = _ebss

._user_heap_stack
                0x0000000020002524      0x604 load address 0x0000000008011ec0
                0x0000000020002528                . = ALIGN (0x8)
 *fill*         0x0000000020002524        0x4 
                0x0000000020002528                PROVIDE (end = .)
                [!provide]                        PROVIDE (_end = .)
                0x0000000020002728                . = (. + _Min_Heap_Size)
 *fill*         0x0000000020002528      0x200 
                0x0000000020002b28                . = (. + _Min_Stack_Size)
 *fill*         0x0000000020002728      0x400 
                0x0000000020002b28                . = ALIGN (0x8)

/DISCARD/
 libc.a(*)
 libm.a(*)
 libgcc.a(*)

.ARM.attributes
                0x0000000000000000       0x28
 *(.ARM.attributes)
 .ARM.attributes
                0x0000000000000000       0x1e c:/st/stm32cubeide_1.2.0/stm32cubeide/plugins/com.st.stm32cube.ide.mcu.externaltools.gnu-tools-for-stm32.9-2020-q2-update.win32_1.5.0.202011040924/tools/bin/../lib/gcc/arm-none-eabi/9.3.1/thumb/v6-m/nofp/crti.o
 .ARM.attributes
                0x000000000000001e       0x2c c:/st/stm32cubeide_1.2.0/stm32cubeide/plugins/com.st.stm32cube.ide.mcu.externaltools.gnu-tools-for-stm32.9-2020-q2-update.win32_1.5.0.202011040924/tools/bin/../lib/gcc/arm-none-eabi/9.3.1/thumb/v6-m/nofp/crtbegin.o
 .ARM.attributes
                0x000000000000004a       0x2c Core/Src/main.o
 .ARM.attributes
                0x0000000000000076       0x2c Core/Src/stm32g0xx_hal_msp.o
 .ARM.attributes
                0x00000000000000a2       0x2c Core/Src/stm32g0xx_it.o
 .ARM.attributes
                0x00000000000000ce       0x2c Core/Src/system_stm32g0xx.o
 .ARM.attributes
                0x00000000000000fa       0x22 Core/Startup/startup_stm32g071kbtx.o
 .ARM.attributes
                0x000000000000011c       0x2c Drivers/STM32G0xx_HAL_Driver/Src/stm32g0xx_hal.o
 .ARM.attributes
                0x0000000000000148       0x2c Drivers/STM32G0xx_HAL_Driver/Src/stm32g0xx_hal_comp.o
 .ARM.attributes
                0x0000000000000174       0x2c Drivers/STM32G0xx_HAL_Driver/Src/stm32g0xx_hal_cortex.o
 .ARM.attributes
                0x00000000000001a0       0x2c Drivers/STM32G0xx_HAL_Driver/Src/stm32g0xx_hal_dma.o
 .ARM.attributes
                0x00000000000001cc       0x2c Drivers/STM32G0xx_HAL_Driver/Src/stm32g0xx_hal_gpio.o
 .ARM.attributes
                0x00000000000001f8       0x2c Drivers/STM32G0xx_HAL_Driver/Src/stm32g0xx_hal_i2c.o
 .ARM.attributes
                0x0000000000000224       0x2c Drivers/STM32G0xx_HAL_Driver/Src/stm32g0xx_hal_i2c_ex.o
 .ARM.attributes
                0x0000000000000250       0x2c Drivers/STM32G0xx_HAL_Driver/Src/stm32g0xx_hal_i2s.o
 .ARM.attributes
                0x000000000000027c       0x2c Drivers/STM32G0xx_HAL_Driver/Src/stm32g0xx_hal_pwr_ex.o
 .ARM.attributes
                0x00000000000002a8       0x2c Drivers/STM32G0xx_HAL_Driver/Src/stm32g0xx_hal_rcc.o
 .ARM.attributes
                0x00000000000002d4       0x2c Drivers/STM32G0xx_HAL_Driver/Src/stm32g0xx_hal_rcc_ex.o
 .ARM.attributes
                0x0000000000000300       0x2c Drivers/STM32G0xx_HAL_Driver/Src/stm32g0xx_hal_spi.o
 .ARM.attributes
                0x000000000000032c       0x2c Drivers/STM32G0xx_HAL_Driver/Src/stm32g0xx_hal_tim.o
 .ARM.attributes
                0x0000000000000358       0x2c Drivers/STM32G0xx_HAL_Driver/Src/stm32g0xx_hal_tim_ex.o
 .ARM.attributes
                0x0000000000000384       0x2c Drivers/STM32G0xx_HAL_Driver/Src/stm32g0xx_hal_usart.o
 .ARM.attributes
                0x00000000000003b0       0x2c Drivers/STM32G0xx_HAL_Driver/Src/stm32g0xx_hal_usart_ex.o
 .ARM.attributes
                0x00000000000003dc       0x2c Drivers/STM32G0xx_HAL_Driver/Src/stm32g0xx_ll_gpio.o
 .ARM.attributes
                0x0000000000000408       0x2c Drivers/STM32G0xx_HAL_Driver/Src/stm32g0xx_ll_rcc.o
 .ARM.attributes
                0x0000000000000434       0x2c Drivers/STM32G0xx_HAL_Driver/Src/stm32g0xx_ll_usart.o
 .ARM.attributes
                0x0000000000000460       0x2c c:/st/stm32cubeide_1.2.0/stm32cubeide/plugins/com.st.stm32cube.ide.mcu.externaltools.gnu-tools-for-stm32.9-2020-q2-update.win32_1.5.0.202011040924/tools/bin/../lib/gcc/arm-none-eabi/9.3.1/../../../../arm-none-eabi/lib/thumb/v6-m/nofp\libc_nano.a(lib_a-init.o)
 .ARM.attributes
                0x000000000000048c       0x2c c:/st/stm32cubeide_1.2.0/stm32cubeide/plugins/com.st.stm32cube.ide.mcu.externaltools.gnu-tools-for-stm32.9-2020-q2-update.win32_1.5.0.202011040924/tools/bin/../lib/gcc/arm-none-eabi/9.3.1/../../../../arm-none-eabi/lib/thumb/v6-m/nofp\libc_nano.a(lib_a-memset.o)
 .ARM.attributes
                0x00000000000004b8       0x2c c:/st/stm32cubeide_1.2.0/stm32cubeide/plugins/com.st.stm32cube.ide.mcu.externaltools.gnu-tools-for-stm32.9-2020-q2-update.win32_1.5.0.202011040924/tools/bin/../lib/gcc/arm-none-eabi/9.3.1/../../../../arm-none-eabi/lib/thumb/v6-m/nofp\libm.a(lib_a-s_sin.o)
 .ARM.attributes
                0x00000000000004e4       0x2c c:/st/stm32cubeide_1.2.0/stm32cubeide/plugins/com.st.stm32cube.ide.mcu.externaltools.gnu-tools-for-stm32.9-2020-q2-update.win32_1.5.0.202011040924/tools/bin/../lib/gcc/arm-none-eabi/9.3.1/../../../../arm-none-eabi/lib/thumb/v6-m/nofp\libm.a(lib_a-e_rem_pio2.o)
 .ARM.attributes
                0x0000000000000510       0x2c c:/st/stm32cubeide_1.2.0/stm32cubeide/plugins/com.st.stm32cube.ide.mcu.externaltools.gnu-tools-for-stm32.9-2020-q2-update.win32_1.5.0.202011040924/tools/bin/../lib/gcc/arm-none-eabi/9.3.1/../../../../arm-none-eabi/lib/thumb/v6-m/nofp\libm.a(lib_a-k_cos.o)
 .ARM.attributes
                0x000000000000053c       0x2c c:/st/stm32cubeide_1.2.0/stm32cubeide/plugins/com.st.stm32cube.ide.mcu.externaltools.gnu-tools-for-stm32.9-2020-q2-update.win32_1.5.0.202011040924/tools/bin/../lib/gcc/arm-none-eabi/9.3.1/../../../../arm-none-eabi/lib/thumb/v6-m/nofp\libm.a(lib_a-k_rem_pio2.o)
 .ARM.attributes
                0x0000000000000568       0x2c c:/st/stm32cubeide_1.2.0/stm32cubeide/plugins/com.st.stm32cube.ide.mcu.externaltools.gnu-tools-for-stm32.9-2020-q2-update.win32_1.5.0.202011040924/tools/bin/../lib/gcc/arm-none-eabi/9.3.1/../../../../arm-none-eabi/lib/thumb/v6-m/nofp\libm.a(lib_a-k_sin.o)
 .ARM.attributes
                0x0000000000000594       0x2c c:/st/stm32cubeide_1.2.0/stm32cubeide/plugins/com.st.stm32cube.ide.mcu.externaltools.gnu-tools-for-stm32.9-2020-q2-update.win32_1.5.0.202011040924/tools/bin/../lib/gcc/arm-none-eabi/9.3.1/../../../../arm-none-eabi/lib/thumb/v6-m/nofp\libm.a(lib_a-s_fabs.o)
 .ARM.attributes
                0x00000000000005c0       0x2c c:/st/stm32cubeide_1.2.0/stm32cubeide/plugins/com.st.stm32cube.ide.mcu.externaltools.gnu-tools-for-stm32.9-2020-q2-update.win32_1.5.0.202011040924/tools/bin/../lib/gcc/arm-none-eabi/9.3.1/../../../../arm-none-eabi/lib/thumb/v6-m/nofp\libm.a(lib_a-s_floor.o)
 .ARM.attributes
                0x00000000000005ec       0x2c c:/st/stm32cubeide_1.2.0/stm32cubeide/plugins/com.st.stm32cube.ide.mcu.externaltools.gnu-tools-for-stm32.9-2020-q2-update.win32_1.5.0.202011040924/tools/bin/../lib/gcc/arm-none-eabi/9.3.1/../../../../arm-none-eabi/lib/thumb/v6-m/nofp\libm.a(lib_a-s_scalbn.o)
 .ARM.attributes
                0x0000000000000618       0x1e c:/st/stm32cubeide_1.2.0/stm32cubeide/plugins/com.st.stm32cube.ide.mcu.externaltools.gnu-tools-for-stm32.9-2020-q2-update.win32_1.5.0.202011040924/tools/bin/../lib/gcc/arm-none-eabi/9.3.1/thumb/v6-m/nofp\libgcc.a(_udivsi3.o)
 .ARM.attributes
                0x0000000000000636       0x1e c:/st/stm32cubeide_1.2.0/stm32cubeide/plugins/com.st.stm32cube.ide.mcu.externaltools.gnu-tools-for-stm32.9-2020-q2-update.win32_1.5.0.202011040924/tools/bin/../lib/gcc/arm-none-eabi/9.3.1/thumb/v6-m/nofp\libgcc.a(_divsi3.o)
 .ARM.attributes
                0x0000000000000654       0x1e c:/st/stm32cubeide_1.2.0/stm32cubeide/plugins/com.st.stm32cube.ide.mcu.externaltools.gnu-tools-for-stm32.9-2020-q2-update.win32_1.5.0.202011040924/tools/bin/../lib/gcc/arm-none-eabi/9.3.1/thumb/v6-m/nofp\libgcc.a(_dvmd_tls.o)
 .ARM.attributes
                0x0000000000000672       0x1e c:/st/stm32cubeide_1.2.0/stm32cubeide/plugins/com.st.stm32cube.ide.mcu.externaltools.gnu-tools-for-stm32.9-2020-q2-update.win32_1.5.0.202011040924/tools/bin/../lib/gcc/arm-none-eabi/9.3.1/thumb/v6-m/nofp\libgcc.a(_arm_cmpdf2.o)
 .ARM.attributes
                0x0000000000000690       0x2c c:/st/stm32cubeide_1.2.0/stm32cubeide/plugins/com.st.stm32cube.ide.mcu.externaltools.gnu-tools-for-stm32.9-2020-q2-update.win32_1.5.0.202011040924/tools/bin/../lib/gcc/arm-none-eabi/9.3.1/thumb/v6-m/nofp\libgcc.a(_fixunsdfsi.o)
 .ARM.attributes
                0x00000000000006bc       0x2c c:/st/stm32cubeide_1.2.0/stm32cubeide/plugins/com.st.stm32cube.ide.mcu.externaltools.gnu-tools-for-stm32.9-2020-q2-update.win32_1.5.0.202011040924/tools/bin/../lib/gcc/arm-none-eabi/9.3.1/thumb/v6-m/nofp\libgcc.a(adddf3.o)
 .ARM.attributes
                0x00000000000006e8       0x2c c:/st/stm32cubeide_1.2.0/stm32cubeide/plugins/com.st.stm32cube.ide.mcu.externaltools.gnu-tools-for-stm32.9-2020-q2-update.win32_1.5.0.202011040924/tools/bin/../lib/gcc/arm-none-eabi/9.3.1/thumb/v6-m/nofp\libgcc.a(divdf3.o)
 .ARM.attributes
                0x0000000000000714       0x2c c:/st/stm32cubeide_1.2.0/stm32cubeide/plugins/com.st.stm32cube.ide.mcu.externaltools.gnu-tools-for-stm32.9-2020-q2-update.win32_1.5.0.202011040924/tools/bin/../lib/gcc/arm-none-eabi/9.3.1/thumb/v6-m/nofp\libgcc.a(eqdf2.o)
 .ARM.attributes
                0x0000000000000740       0x2c c:/st/stm32cubeide_1.2.0/stm32cubeide/plugins/com.st.stm32cube.ide.mcu.externaltools.gnu-tools-for-stm32.9-2020-q2-update.win32_1.5.0.202011040924/tools/bin/../lib/gcc/arm-none-eabi/9.3.1/thumb/v6-m/nofp\libgcc.a(gedf2.o)
 .ARM.attributes
                0x000000000000076c       0x2c c:/st/stm32cubeide_1.2.0/stm32cubeide/plugins/com.st.stm32cube.ide.mcu.externaltools.gnu-tools-for-stm32.9-2020-q2-update.win32_1.5.0.202011040924/tools/bin/../lib/gcc/arm-none-eabi/9.3.1/thumb/v6-m/nofp\libgcc.a(ledf2.o)
 .ARM.attributes
                0x0000000000000798       0x2c c:/st/stm32cubeide_1.2.0/stm32cubeide/plugins/com.st.stm32cube.ide.mcu.externaltools.gnu-tools-for-stm32.9-2020-q2-update.win32_1.5.0.202011040924/tools/bin/../lib/gcc/arm-none-eabi/9.3.1/thumb/v6-m/nofp\libgcc.a(muldf3.o)
 .ARM.attributes
                0x00000000000007c4       0x2c c:/st/stm32cubeide_1.2.0/stm32cubeide/plugins/com.st.stm32cube.ide.mcu.externaltools.gnu-tools-for-stm32.9-2020-q2-update.win32_1.5.0.202011040924/tools/bin/../lib/gcc/arm-none-eabi/9.3.1/thumb/v6-m/nofp\libgcc.a(subdf3.o)
 .ARM.attributes
                0x00000000000007f0       0x2c c:/st/stm32cubeide_1.2.0/stm32cubeide/plugins/com.st.stm32cube.ide.mcu.externaltools.gnu-tools-for-stm32.9-2020-q2-update.win32_1.5.0.202011040924/tools/bin/../lib/gcc/arm-none-eabi/9.3.1/thumb/v6-m/nofp\libgcc.a(fixdfsi.o)
 .ARM.attributes
                0x000000000000081c       0x2c c:/st/stm32cubeide_1.2.0/stm32cubeide/plugins/com.st.stm32cube.ide.mcu.externaltools.gnu-tools-for-stm32.9-2020-q2-update.win32_1.5.0.202011040924/tools/bin/../lib/gcc/arm-none-eabi/9.3.1/thumb/v6-m/nofp\libgcc.a(floatsidf.o)
 .ARM.attributes
                0x0000000000000848       0x2c c:/st/stm32cubeide_1.2.0/stm32cubeide/plugins/com.st.stm32cube.ide.mcu.externaltools.gnu-tools-for-stm32.9-2020-q2-update.win32_1.5.0.202011040924/tools/bin/../lib/gcc/arm-none-eabi/9.3.1/thumb/v6-m/nofp\libgcc.a(floatunsidf.o)
 .ARM.attributes
                0x0000000000000874       0x1e c:/st/stm32cubeide_1.2.0/stm32cubeide/plugins/com.st.stm32cube.ide.mcu.externaltools.gnu-tools-for-stm32.9-2020-q2-update.win32_1.5.0.202011040924/tools/bin/../lib/gcc/arm-none-eabi/9.3.1/thumb/v6-m/nofp\libgcc.a(_clzsi2.o)
 .ARM.attributes
                0x0000000000000892       0x1e c:/st/stm32cubeide_1.2.0/stm32cubeide/plugins/com.st.stm32cube.ide.mcu.externaltools.gnu-tools-for-stm32.9-2020-q2-update.win32_1.5.0.202011040924/tools/bin/../lib/gcc/arm-none-eabi/9.3.1/thumb/v6-m/nofp/crtn.o
OUTPUT(IND_X.elf elf32-littlearm)
LOAD linker stubs
LOAD c:/st/stm32cubeide_1.2.0/stm32cubeide/plugins/com.st.stm32cube.ide.mcu.externaltools.gnu-tools-for-stm32.9-2020-q2-update.win32_1.5.0.202011040924/tools/bin/../lib/gcc/arm-none-eabi/9.3.1/../../../../arm-none-eabi/lib/thumb/v6-m/nofp\libc.a
LOAD c:/st/stm32cubeide_1.2.0/stm32cubeide/plugins/com.st.stm32cube.ide.mcu.externaltools.gnu-tools-for-stm32.9-2020-q2-update.win32_1.5.0.202011040924/tools/bin/../lib/gcc/arm-none-eabi/9.3.1/../../../../arm-none-eabi/lib/thumb/v6-m/nofp\libm.a
LOAD c:/st/stm32cubeide_1.2.0/stm32cubeide/plugins/com.st.stm32cube.ide.mcu.externaltools.gnu-tools-for-stm32.9-2020-q2-update.win32_1.5.0.202011040924/tools/bin/../lib/gcc/arm-none-eabi/9.3.1/thumb/v6-m/nofp\libgcc.a

.debug_info     0x0000000000000000    0x1a300
 .debug_info    0x0000000000000000     0x44a9 Core/Src/main.o
 .debug_info    0x00000000000044a9     0x1c29 Core/Src/stm32g0xx_hal_msp.o
 .debug_info    0x00000000000060d2     0x1198 Core/Src/stm32g0xx_it.o
 .debug_info    0x000000000000726a      0x4fc Core/Src/system_stm32g0xx.o
 .debug_info    0x0000000000007766       0x22 Core/Startup/startup_stm32g071kbtx.o
 .debug_info    0x0000000000007788      0xb33 Drivers/STM32G0xx_HAL_Driver/Src/stm32g0xx_hal.o
 .debug_info    0x00000000000082bb      0x9de Drivers/STM32G0xx_HAL_Driver/Src/stm32g0xx_hal_comp.o
 .debug_info    0x0000000000008c99      0xa5f Drivers/STM32G0xx_HAL_Driver/Src/stm32g0xx_hal_cortex.o
 .debug_info    0x00000000000096f8      0x9f3 Drivers/STM32G0xx_HAL_Driver/Src/stm32g0xx_hal_dma.o
 .debug_info    0x000000000000a0eb      0x771 Drivers/STM32G0xx_HAL_Driver/Src/stm32g0xx_hal_gpio.o
 .debug_info    0x000000000000a85c     0x2322 Drivers/STM32G0xx_HAL_Driver/Src/stm32g0xx_hal_i2c.o
 .debug_info    0x000000000000cb7e      0xb9d Drivers/STM32G0xx_HAL_Driver/Src/stm32g0xx_hal_i2c_ex.o
 .debug_info    0x000000000000d71b      0xf50 Drivers/STM32G0xx_HAL_Driver/Src/stm32g0xx_hal_i2s.o
 .debug_info    0x000000000000e66b      0x947 Drivers/STM32G0xx_HAL_Driver/Src/stm32g0xx_hal_pwr_ex.o
 .debug_info    0x000000000000efb2      0xbe7 Drivers/STM32G0xx_HAL_Driver/Src/stm32g0xx_hal_rcc.o
 .debug_info    0x000000000000fb99      0x920 Drivers/STM32G0xx_HAL_Driver/Src/stm32g0xx_hal_rcc_ex.o
 .debug_info    0x00000000000104b9     0x1919 Drivers/STM32G0xx_HAL_Driver/Src/stm32g0xx_hal_spi.o
 .debug_info    0x0000000000011dd2     0x2cec Drivers/STM32G0xx_HAL_Driver/Src/stm32g0xx_hal_tim.o
 .debug_info    0x0000000000014abe     0x18f6 Drivers/STM32G0xx_HAL_Driver/Src/stm32g0xx_hal_tim_ex.o
 .debug_info    0x00000000000163b4     0x1881 Drivers/STM32G0xx_HAL_Driver/Src/stm32g0xx_hal_usart.o
 .debug_info    0x0000000000017c35      0xaf1 Drivers/STM32G0xx_HAL_Driver/Src/stm32g0xx_hal_usart_ex.o
 .debug_info    0x0000000000018726      0x7a1 Drivers/STM32G0xx_HAL_Driver/Src/stm32g0xx_ll_gpio.o
 .debug_info    0x0000000000018ec7      0xb02 Drivers/STM32G0xx_HAL_Driver/Src/stm32g0xx_ll_rcc.o
 .debug_info    0x00000000000199c9      0x937 Drivers/STM32G0xx_HAL_Driver/Src/stm32g0xx_ll_usart.o

.debug_abbrev   0x0000000000000000     0x34d5
 .debug_abbrev  0x0000000000000000      0x461 Core/Src/main.o
 .debug_abbrev  0x0000000000000461      0x22d Core/Src/stm32g0xx_hal_msp.o
 .debug_abbrev  0x000000000000068e      0x22e Core/Src/stm32g0xx_it.o
 .debug_abbrev  0x00000000000008bc      0x165 Core/Src/system_stm32g0xx.o
 .debug_abbrev  0x0000000000000a21       0x12 Core/Startup/startup_stm32g071kbtx.o
 .debug_abbrev  0x0000000000000a33      0x276 Drivers/STM32G0xx_HAL_Driver/Src/stm32g0xx_hal.o
 .debug_abbrev  0x0000000000000ca9      0x22b Drivers/STM32G0xx_HAL_Driver/Src/stm32g0xx_hal_comp.o
 .debug_abbrev  0x0000000000000ed4      0x2c5 Drivers/STM32G0xx_HAL_Driver/Src/stm32g0xx_hal_cortex.o
 .debug_abbrev  0x0000000000001199      0x22c Drivers/STM32G0xx_HAL_Driver/Src/stm32g0xx_hal_dma.o
 .debug_abbrev  0x00000000000013c5      0x1df Drivers/STM32G0xx_HAL_Driver/Src/stm32g0xx_hal_gpio.o
 .debug_abbrev  0x00000000000015a4      0x278 Drivers/STM32G0xx_HAL_Driver/Src/stm32g0xx_hal_i2c.o
 .debug_abbrev  0x000000000000181c      0x1fd Drivers/STM32G0xx_HAL_Driver/Src/stm32g0xx_hal_i2c_ex.o
 .debug_abbrev  0x0000000000001a19      0x267 Drivers/STM32G0xx_HAL_Driver/Src/stm32g0xx_hal_i2s.o
 .debug_abbrev  0x0000000000001c80      0x245 Drivers/STM32G0xx_HAL_Driver/Src/stm32g0xx_hal_pwr_ex.o
 .debug_abbrev  0x0000000000001ec5      0x23d Drivers/STM32G0xx_HAL_Driver/Src/stm32g0xx_hal_rcc.o
 .debug_abbrev  0x0000000000002102      0x1fc Drivers/STM32G0xx_HAL_Driver/Src/stm32g0xx_hal_rcc_ex.o
 .debug_abbrev  0x00000000000022fe      0x265 Drivers/STM32G0xx_HAL_Driver/Src/stm32g0xx_hal_spi.o
 .debug_abbrev  0x0000000000002563      0x280 Drivers/STM32G0xx_HAL_Driver/Src/stm32g0xx_hal_tim.o
 .debug_abbrev  0x00000000000027e3      0x277 Drivers/STM32G0xx_HAL_Driver/Src/stm32g0xx_hal_tim_ex.o
 .debug_abbrev  0x0000000000002a5a      0x26d Drivers/STM32G0xx_HAL_Driver/Src/stm32g0xx_hal_usart.o
 .debug_abbrev  0x0000000000002cc7      0x22e Drivers/STM32G0xx_HAL_Driver/Src/stm32g0xx_hal_usart_ex.o
 .debug_abbrev  0x0000000000002ef5      0x1c8 Drivers/STM32G0xx_HAL_Driver/Src/stm32g0xx_ll_gpio.o
 .debug_abbrev  0x00000000000030bd      0x227 Drivers/STM32G0xx_HAL_Driver/Src/stm32g0xx_ll_rcc.o
 .debug_abbrev  0x00000000000032e4      0x1f1 Drivers/STM32G0xx_HAL_Driver/Src/stm32g0xx_ll_usart.o

.debug_aranges  0x0000000000000000     0x18e8
 .debug_aranges
                0x0000000000000000      0x238 Core/Src/main.o
 .debug_aranges
                0x0000000000000238       0x88 Core/Src/stm32g0xx_hal_msp.o
 .debug_aranges
                0x00000000000002c0       0xa8 Core/Src/stm32g0xx_it.o
 .debug_aranges
                0x0000000000000368       0x28 Core/Src/system_stm32g0xx.o
 .debug_aranges
                0x0000000000000390       0x28 Core/Startup/startup_stm32g071kbtx.o
 .debug_aranges
                0x00000000000003b8      0x120 Drivers/STM32G0xx_HAL_Driver/Src/stm32g0xx_hal.o
 .debug_aranges
                0x00000000000004d8       0xd8 Drivers/STM32G0xx_HAL_Driver/Src/stm32g0xx_hal_comp.o
 .debug_aranges
                0x00000000000005b0       0xd8 Drivers/STM32G0xx_HAL_Driver/Src/stm32g0xx_hal_cortex.o
 .debug_aranges
                0x0000000000000688       0x90 Drivers/STM32G0xx_HAL_Driver/Src/stm32g0xx_hal_dma.o
 .debug_aranges
                0x0000000000000718       0x60 Drivers/STM32G0xx_HAL_Driver/Src/stm32g0xx_hal_gpio.o
 .debug_aranges
                0x0000000000000778      0x290 Drivers/STM32G0xx_HAL_Driver/Src/stm32g0xx_hal_i2c.o
 .debug_aranges
                0x0000000000000a08       0x48 Drivers/STM32G0xx_HAL_Driver/Src/stm32g0xx_hal_i2c_ex.o
 .debug_aranges
                0x0000000000000a50      0x100 Drivers/STM32G0xx_HAL_Driver/Src/stm32g0xx_hal_i2s.o
 .debug_aranges
                0x0000000000000b50       0xf0 Drivers/STM32G0xx_HAL_Driver/Src/stm32g0xx_hal_pwr_ex.o
 .debug_aranges
                0x0000000000000c40       0x98 Drivers/STM32G0xx_HAL_Driver/Src/stm32g0xx_hal_rcc.o
 .debug_aranges
                0x0000000000000cd8       0x40 Drivers/STM32G0xx_HAL_Driver/Src/stm32g0xx_hal_rcc_ex.o
 .debug_aranges
                0x0000000000000d18      0x1d8 Drivers/STM32G0xx_HAL_Driver/Src/stm32g0xx_hal_spi.o
 .debug_aranges
                0x0000000000000ef0      0x3e0 Drivers/STM32G0xx_HAL_Driver/Src/stm32g0xx_hal_tim.o
 .debug_aranges
                0x00000000000012d0      0x198 Drivers/STM32G0xx_HAL_Driver/Src/stm32g0xx_hal_tim_ex.o
 .debug_aranges
                0x0000000000001468      0x1a0 Drivers/STM32G0xx_HAL_Driver/Src/stm32g0xx_hal_usart.o
 .debug_aranges
                0x0000000000001608       0x68 Drivers/STM32G0xx_HAL_Driver/Src/stm32g0xx_hal_usart_ex.o
 .debug_aranges
                0x0000000000001670       0x70 Drivers/STM32G0xx_HAL_Driver/Src/stm32g0xx_ll_gpio.o
 .debug_aranges
                0x00000000000016e0      0x178 Drivers/STM32G0xx_HAL_Driver/Src/stm32g0xx_ll_rcc.o
 .debug_aranges
                0x0000000000001858       0x90 Drivers/STM32G0xx_HAL_Driver/Src/stm32g0xx_ll_usart.o

.debug_ranges   0x0000000000000000     0x1770
 .debug_ranges  0x0000000000000000      0x228 Core/Src/main.o
 .debug_ranges  0x0000000000000228       0x78 Core/Src/stm32g0xx_hal_msp.o
 .debug_ranges  0x00000000000002a0       0x98 Core/Src/stm32g0xx_it.o
 .debug_ranges  0x0000000000000338       0x18 Core/Src/system_stm32g0xx.o
 .debug_ranges  0x0000000000000350       0x20 Core/Startup/startup_stm32g071kbtx.o
 .debug_ranges  0x0000000000000370      0x110 Drivers/STM32G0xx_HAL_Driver/Src/stm32g0xx_hal.o
 .debug_ranges  0x0000000000000480       0xc8 Drivers/STM32G0xx_HAL_Driver/Src/stm32g0xx_hal_comp.o
 .debug_ranges  0x0000000000000548       0xc8 Drivers/STM32G0xx_HAL_Driver/Src/stm32g0xx_hal_cortex.o
 .debug_ranges  0x0000000000000610       0x80 Drivers/STM32G0xx_HAL_Driver/Src/stm32g0xx_hal_dma.o
 .debug_ranges  0x0000000000000690       0x50 Drivers/STM32G0xx_HAL_Driver/Src/stm32g0xx_hal_gpio.o
 .debug_ranges  0x00000000000006e0      0x280 Drivers/STM32G0xx_HAL_Driver/Src/stm32g0xx_hal_i2c.o
 .debug_ranges  0x0000000000000960       0x38 Drivers/STM32G0xx_HAL_Driver/Src/stm32g0xx_hal_i2c_ex.o
 .debug_ranges  0x0000000000000998       0xf0 Drivers/STM32G0xx_HAL_Driver/Src/stm32g0xx_hal_i2s.o
 .debug_ranges  0x0000000000000a88       0xe0 Drivers/STM32G0xx_HAL_Driver/Src/stm32g0xx_hal_pwr_ex.o
 .debug_ranges  0x0000000000000b68       0x88 Drivers/STM32G0xx_HAL_Driver/Src/stm32g0xx_hal_rcc.o
 .debug_ranges  0x0000000000000bf0       0x30 Drivers/STM32G0xx_HAL_Driver/Src/stm32g0xx_hal_rcc_ex.o