Archive member included to satisfy reference by file (symbol)

c:/st/stm32cubeide_1.2.0/stm32cubeide/plugins/com.st.stm32cube.ide.mcu.externaltools.gnu-tools-for-stm32.7-2018-q2-update.win32_1.5.0.202011040924/tools/bin/../lib/gcc/arm-none-eabi/7.3.1/../../../../arm-none-eabi/lib/thumb/v6-m\libc_nano.a(lib_a-errno.o)
                              Core/Src/syscalls.o (__errno)
c:/st/stm32cubeide_1.2.0/stm32cubeide/plugins/com.st.stm32cube.ide.mcu.externaltools.gnu-tools-for-stm32.7-2018-q2-update.win32_1.5.0.202011040924/tools/bin/../lib/gcc/arm-none-eabi/7.3.1/../../../../arm-none-eabi/lib/thumb/v6-m\libc_nano.a(lib_a-exit.o)
                              c:/st/stm32cubeide_1.2.0/stm32cubeide/plugins/com.st.stm32cube.ide.mcu.externaltools.gnu-tools-for-stm32.7-2018-q2-update.win32_1.5.0.202011040924/tools/bin/../lib/gcc/arm-none-eabi/7.3.1/../../../../arm-none-eabi/lib/thumb/v6-m/crt0.o (exit)
c:/st/stm32cubeide_1.2.0/stm32cubeide/plugins/com.st.stm32cube.ide.mcu.externaltools.gnu-tools-for-stm32.7-2018-q2-update.win32_1.5.0.202011040924/tools/bin/../lib/gcc/arm-none-eabi/7.3.1/../../../../arm-none-eabi/lib/thumb/v6-m\libc_nano.a(lib_a-impure.o)
                              c:/st/stm32cubeide_1.2.0/stm32cubeide/plugins/com.st.stm32cube.ide.mcu.externaltools.gnu-tools-for-stm32.7-2018-q2-update.win32_1.5.0.202011040924/tools/bin/../lib/gcc/arm-none-eabi/7.3.1/../../../../arm-none-eabi/lib/thumb/v6-m\libc_nano.a(lib_a-exit.o) (_global_impure_ptr)
c:/st/stm32cubeide_1.2.0/stm32cubeide/plugins/com.st.stm32cube.ide.mcu.externaltools.gnu-tools-for-stm32.7-2018-q2-update.win32_1.5.0.202011040924/tools/bin/../lib/gcc/arm-none-eabi/7.3.1/../../../../arm-none-eabi/lib/thumb/v6-m\libc_nano.a(lib_a-init.o)
                              c:/st/stm32cubeide_1.2.0/stm32cubeide/plugins/com.st.stm32cube.ide.mcu.externaltools.gnu-tools-for-stm32.7-2018-q2-update.win32_1.5.0.202011040924/tools/bin/../lib/gcc/arm-none-eabi/7.3.1/../../../../arm-none-eabi/lib/thumb/v6-m/crt0.o (__libc_init_array)
c:/st/stm32cubeide_1.2.0/stm32cubeide/plugins/com.st.stm32cube.ide.mcu.externaltools.gnu-tools-for-stm32.7-2018-q2-update.win32_1.5.0.202011040924/tools/bin/../lib/gcc/arm-none-eabi/7.3.1/../../../../arm-none-eabi/lib/thumb/v6-m\libc_nano.a(lib_a-memset.o)
                              c:/st/stm32cubeide_1.2.0/stm32cubeide/plugins/com.st.stm32cube.ide.mcu.externaltools.gnu-tools-for-stm32.7-2018-q2-update.win32_1.5.0.202011040924/tools/bin/../lib/gcc/arm-none-eabi/7.3.1/../../../../arm-none-eabi/lib/thumb/v6-m/crt0.o (memset)
c:/st/stm32cubeide_1.2.0/stm32cubeide/plugins/com.st.stm32cube.ide.mcu.externaltools.gnu-tools-for-stm32.7-2018-q2-update.win32_1.5.0.202011040924/tools/bin/../lib/gcc/arm-none-eabi/7.3.1/thumb/v6-m\libgcc.a(_udivsi3.o)
                              Core/Src/system_stm32g0xx.o (__aeabi_uidiv)
c:/st/stm32cubeide_1.2.0/stm32cubeide/plugins/com.st.stm32cube.ide.mcu.externaltools.gnu-tools-for-stm32.7-2018-q2-update.win32_1.5.0.202011040924/tools/bin/../lib/gcc/arm-none-eabi/7.3.1/thumb/v6-m\libgcc.a(_divsi3.o)
                              Drivers/STM32G0xx_HAL_Driver/Src/stm32g0xx_hal_usart_ex.o (__aeabi_idiv)
c:/st/stm32cubeide_1.2.0/stm32cubeide/plugins/com.st.stm32cube.ide.mcu.externaltools.gnu-tools-for-stm32.7-2018-q2-update.win32_1.5.0.202011040924/tools/bin/../lib/gcc/arm-none-eabi/7.3.1/thumb/v6-m\libgcc.a(_dvmd_tls.o)
                              c:/st/stm32cubeide_1.2.0/stm32cubeide/plugins/com.st.stm32cube.ide.mcu.externaltools.gnu-tools-for-stm32.7-2018-q2-update.win32_1.5.0.202011040924/tools/bin/../lib/gcc/arm-none-eabi/7.3.1/thumb/v6-m\libgcc.a(_udivsi3.o) (__aeabi_idiv0)

Allocating common symbols
Common symbol       size              file

tmp                 0x4               Core/Src/main.o
dataASCII           0x10              Core/Src/main.o
hspi2               0x64              Core/Src/main.o
uartData            0x14              Core/Src/main.o
hi2c1               0x4c              Core/Src/main.o
I2Cbuf              0x5               Core/Src/main.o
tmp_str             0xa               Core/Src/main.o
volume              0x1               Core/Src/main.o
currentUARTspeed    0x1               Core/Src/main.o
imX                 0x4               Core/Src/main.o
uwTick              0x4               Drivers/STM32G0xx_HAL_Driver/Src/stm32g0xx_hal.o
hcomp1              0x30              Core/Src/main.o
ASCII_Y             0x4               Core/Src/main.o
imY                 0x4               Core/Src/main.o
husart3             0x60              Core/Src/main.o
contrast            0x1               Core/Src/main.o
uartSpeed           0x4               Core/Src/main.o
ASCIIcode           0x1               Core/Src/main.o
Image               0x1               Core/Src/main.o
htim1               0x4c              Core/Src/main.o
my_test1            0x1               Core/Src/main.o
picNum              0x1               Core/Src/main.o
cmd2Execute         0x1               Core/Src/main.o
[...]
Memory Configuration

Name             Origin             Length             Attributes
RAM              0x0000000020000000 0x0000000000009000 xrw
FLASH            0x0000000008000000 0x0000000000020000 xr
*default*        0x0000000000000000 0xffffffffffffffff

Linker script and memory map

LOAD c:/st/stm32cubeide_1.2.0/stm32cubeide/plugins/com.st.stm32cube.ide.mcu.externaltools.gnu-tools-for-stm32.7-2018-q2-update.win32_1.5.0.202011040924/tools/bin/../lib/gcc/arm-none-eabi/7.3.1/thumb/v6-m/crti.o
LOAD c:/st/stm32cubeide_1.2.0/stm32cubeide/plugins/com.st.stm32cube.ide.mcu.externaltools.gnu-tools-for-stm32.7-2018-q2-update.win32_1.5.0.202011040924/tools/bin/../lib/gcc/arm-none-eabi/7.3.1/thumb/v6-m/crtbegin.o
LOAD c:/st/stm32cubeide_1.2.0/stm32cubeide/plugins/com.st.stm32cube.ide.mcu.externaltools.gnu-tools-for-stm32.7-2018-q2-update.win32_1.5.0.202011040924/tools/bin/../lib/gcc/arm-none-eabi/7.3.1/../../../../arm-none-eabi/lib/thumb/v6-m/crt0.o
LOAD Core/Src/main.o
LOAD Core/Src/stm32g0xx_hal_msp.o
LOAD Core/Src/stm32g0xx_it.o
LOAD Core/Src/syscalls.o
LOAD Core/Src/sysmem.o
LOAD Core/Src/system_stm32g0xx.o
LOAD Core/Startup/startup_stm32g071kbtx.o
LOAD Drivers/STM32G0xx_HAL_Driver/Src/stm32g0xx_hal.o
LOAD Drivers/STM32G0xx_HAL_Driver/Src/stm32g0xx_hal_comp.o
LOAD Drivers/STM32G0xx_HAL_Driver/Src/stm32g0xx_hal_cortex.o
LOAD Drivers/STM32G0xx_HAL_Driver/Src/stm32g0xx_hal_dma.o
LOAD Drivers/STM32G0xx_HAL_Driver/Src/stm32g0xx_hal_dma_ex.o
LOAD Drivers/STM32G0xx_HAL_Driver/Src/stm32g0xx_hal_exti.o
LOAD Drivers/STM32G0xx_HAL_Driver/Src/stm32g0xx_hal_flash.o
LOAD Drivers/STM32G0xx_HAL_Driver/Src/stm32g0xx_hal_flash_ex.o
LOAD Drivers/STM32G0xx_HAL_Driver/Src/stm32g0xx_hal_gpio.o
LOAD Drivers/STM32G0xx_HAL_Driver/Src/stm32g0xx_hal_i2c.o
LOAD Drivers/STM32G0xx_HAL_Driver/Src/stm32g0xx_hal_i2c_ex.o
LOAD Drivers/STM32G0xx_HAL_Driver/Src/stm32g0xx_hal_i2s.o
LOAD Drivers/STM32G0xx_HAL_Driver/Src/stm32g0xx_hal_pwr.o
LOAD Drivers/STM32G0xx_HAL_Driver/Src/stm32g0xx_hal_pwr_ex.o
LOAD Drivers/STM32G0xx_HAL_Driver/Src/stm32g0xx_hal_rcc.o
LOAD Drivers/STM32G0xx_HAL_Driver/Src/stm32g0xx_hal_rcc_ex.o
LOAD Drivers/STM32G0xx_HAL_Driver/Src/stm32g0xx_hal_spi.o
LOAD Drivers/STM32G0xx_HAL_Driver/Src/stm32g0xx_hal_spi_ex.o
LOAD Drivers/STM32G0xx_HAL_Driver/Src/stm32g0xx_hal_tim.o
LOAD Drivers/STM32G0xx_HAL_Driver/Src/stm32g0xx_hal_tim_ex.o
LOAD Drivers/STM32G0xx_HAL_Driver/Src/stm32g0xx_hal_usart.o
LOAD Drivers/STM32G0xx_HAL_Driver/Src/stm32g0xx_hal_usart_ex.o
LOAD Drivers/STM32G0xx_HAL_Driver/Src/stm32g0xx_ll_dma.o
LOAD Drivers/STM32G0xx_HAL_Driver/Src/stm32g0xx_ll_exti.o
LOAD Drivers/STM32G0xx_HAL_Driver/Src/stm32g0xx_ll_gpio.o
LOAD Drivers/STM32G0xx_HAL_Driver/Src/stm32g0xx_ll_rcc.o
LOAD Drivers/STM32G0xx_HAL_Driver/Src/stm32g0xx_ll_usart.o
LOAD Drivers/STM32G0xx_HAL_Driver/Src/stm32g0xx_ll_utils.o
START GROUP
LOAD c:/st/stm32cubeide_1.2.0/stm32cubeide/plugins/com.st.stm32cube.ide.mcu.externaltools.gnu-tools-for-stm32.7-2018-q2-update.win32_1.5.0.202011040924/tools/bin/../lib/gcc/arm-none-eabi/7.3.1/../../../../arm-none-eabi/lib/thumb/v6-m\libc_nano.a
LOAD c:/st/stm32cubeide_1.2.0/stm32cubeide/plugins/com.st.stm32cube.ide.mcu.externaltools.gnu-tools-for-stm32.7-2018-q2-update.win32_1.5.0.202011040924/tools/bin/../lib/gcc/arm-none-eabi/7.3.1/../../../../arm-none-eabi/lib/thumb/v6-m\libm.a
END GROUP
START GROUP
LOAD c:/st/stm32cubeide_1.2.0/stm32cubeide/plugins/com.st.stm32cube.ide.mcu.externaltools.gnu-tools-for-stm32.7-2018-q2-update.win32_1.5.0.202011040924/tools/bin/../lib/gcc/arm-none-eabi/7.3.1/thumb/v6-m\libgcc.a
LOAD c:/st/stm32cubeide_1.2.0/stm32cubeide/plugins/com.st.stm32cube.ide.mcu.externaltools.gnu-tools-for-stm32.7-2018-q2-update.win32_1.5.0.202011040924/tools/bin/../lib/gcc/arm-none-eabi/7.3.1/../../../../arm-none-eabi/lib/thumb/v6-m\libc_nano.a
END GROUP
START GROUP
LOAD c:/st/stm32cubeide_1.2.0/stm32cubeide/plugins/com.st.stm32cube.ide.mcu.externaltools.gnu-tools-for-stm32.7-2018-q2-update.win32_1.5.0.202011040924/tools/bin/../lib/gcc/arm-none-eabi/7.3.1/thumb/v6-m\libgcc.a
LOAD c:/st/stm32cubeide_1.2.0/stm32cubeide/plugins/com.st.stm32cube.ide.mcu.externaltools.gnu-tools-for-stm32.7-2018-q2-update.win32_1.5.0.202011040924/tools/bin/../lib/gcc/arm-none-eabi/7.3.1/../../../../arm-none-eabi/lib/thumb/v6-m\libc_nano.a
LOAD c:/st/stm32cubeide_1.2.0/stm32cubeide/plugins/com.st.stm32cube.ide.mcu.externaltools.gnu-tools-for-stm32.7-2018-q2-update.win32_1.5.0.202011040924/tools/bin/../lib/gcc/arm-none-eabi/7.3.1/../../../../arm-none-eabi/lib/thumb/v6-m\libnosys.a
END GROUP
START GROUP
LOAD c:/st/stm32cubeide_1.2.0/stm32cubeide/plugins/com.st.stm32cube.ide.mcu.externaltools.gnu-tools-for-stm32.7-2018-q2-update.win32_1.5.0.202011040924/tools/bin/../lib/gcc/arm-none-eabi/7.3.1/thumb/v6-m\libgcc.a
LOAD c:/st/stm32cubeide_1.2.0/stm32cubeide/plugins/com.st.stm32cube.ide.mcu.externaltools.gnu-tools-for-stm32.7-2018-q2-update.win32_1.5.0.202011040924/tools/bin/../lib/gcc/arm-none-eabi/7.3.1/../../../../arm-none-eabi/lib/thumb/v6-m\libc_nano.a
LOAD c:/st/stm32cubeide_1.2.0/stm32cubeide/plugins/com.st.stm32cube.ide.mcu.externaltools.gnu-tools-for-stm32.7-2018-q2-update.win32_1.5.0.202011040924/tools/bin/../lib/gcc/arm-none-eabi/7.3.1/../../../../arm-none-eabi/lib/thumb/v6-m\libnosys.a
END GROUP
LOAD c:/st/stm32cubeide_1.2.0/stm32cubeide/plugins/com.st.stm32cube.ide.mcu.externaltools.gnu-tools-for-stm32.7-2018-q2-update.win32_1.5.0.202011040924/tools/bin/../lib/gcc/arm-none-eabi/7.3.1/thumb/v6-m/crtend.o
LOAD c:/st/stm32cubeide_1.2.0/stm32cubeide/plugins/com.st.stm32cube.ide.mcu.externaltools.gnu-tools-for-stm32.7-2018-q2-update.win32_1.5.0.202011040924/tools/bin/../lib/gcc/arm-none-eabi/7.3.1/thumb/v6-m/crtn.o
                0x0000000020009000                _estack = (ORIGIN (RAM) + LENGTH (RAM))
                0x0000000000000200                _Min_Heap_Size = 0x200
                0x0000000000000400                _Min_Stack_Size = 0x400

.isr_vector     0x0000000008000000       0xbc
                0x0000000008000000                . = ALIGN (0x4)
 *(.isr_vector)
 .isr_vector    0x0000000008000000       0xbc Core/Startup/startup_stm32g071kbtx.o
                0x0000000008000000                g_pfnVectors
                0x00000000080000bc                . = ALIGN (0x4)

.text           0x00000000080000bc     0x9468
                0x00000000080000bc                . = ALIGN (0x4)
 *(.text)
 .text          0x00000000080000bc       0x48 c:/st/stm32cubeide_1.2.0/stm32cubeide/plugins/com.st.stm32cube.ide.mcu.externaltools.gnu-tools-for-stm32.7-2018-q2-update.win32_1.5.0.202011040924/tools/bin/../lib/gcc/arm-none-eabi/7.3.1/thumb/v6-m/crtbegin.o
 .text          0x0000000008000104      0x114 c:/st/stm32cubeide_1.2.0/stm32cubeide/plugins/com.st.stm32cube.ide.mcu.externaltools.gnu-tools-for-stm32.7-2018-q2-update.win32_1.5.0.202011040924/tools/bin/../lib/gcc/arm-none-eabi/7.3.1/thumb/v6-m\libgcc.a(_udivsi3.o)
                0x0000000008000104                __aeabi_uidiv
                0x0000000008000104                __udivsi3
                0x0000000008000210                __aeabi_uidivmod
 .text          0x0000000008000218        0x4 c:/st/stm32cubeide_1.2.0/stm32cubeide/plugins/com.st.stm32cube.ide.mcu.externaltools.gnu-tools-for-stm32.7-2018-q2-update.win32_1.5.0.202011040924/tools/bin/../lib/gcc/arm-none-eabi/7.3.1/thumb/v6-m\libgcc.a(_dvmd_tls.o)
                0x0000000008000218                __aeabi_idiv0
                0x0000000008000218                __aeabi_ldiv0
 *(.text*)
 .text.__NVIC_EnableIRQ
                0x000000000800021c       0x34 Core/Src/main.o
 .text.__NVIC_SetPriority
                0x0000000008000250       0xdc Core/Src/main.o
 .text.LL_USART_Enable
                0x000000000800032c       0x1c Core/Src/main.o
 .text.LL_USART_DisableFIFO
                0x0000000008000348       0x20 Core/Src/main.o
 .text.LL_USART_SetTXFIFOThreshold
                0x0000000008000368       0x24 Core/Src/main.o
 .text.LL_USART_SetRXFIFOThreshold
                0x000000000800038c       0x28 Core/Src/main.o
 .text.LL_USART_ConfigAsyncMode
                0x00000000080003b4       0x30 Core/Src/main.o
 .text.LL_USART_IsActiveFlag_TEACK
                0x00000000080003e4       0x28 Core/Src/main.o
 .text.LL_USART_IsActiveFlag_REACK
                0x000000000800040c       0x28 Core/Src/main.o
 .text.LL_USART_EnableIT_RXNE_RXFNE
                0x0000000008000434       0x1c Core/Src/main.o
 .text.LL_USART_EnableIT_ERROR
                0x0000000008000450       0x1c Core/Src/main.o
 .text.LL_USART_ReceiveData9
                0x000000000800046c       0x1c Core/Src/main.o
 .text.LL_SYSCFG_EnableFastModePlus
                0x0000000008000488       0x20 Core/Src/main.o
 .text.LL_GPIO_SetOutputPin
                0x00000000080004a8       0x18 Core/Src/main.o
 .text.LL_APB1_GRP1_EnableClock
                0x00000000080004c0       0x2c Core/Src/main.o
 .text.LL_IOP_GRP1_EnableClock
                0x00000000080004ec       0x2c Core/Src/main.o
 .text.main     0x0000000008000518      0x10c Core/Src/main.o
                0x0000000008000518                main
 .text.SystemClock_Config
                0x0000000008000624      0x100 Core/Src/main.o
                0x0000000008000624                SystemClock_Config
 .text.MX_COMP1_Init
                0x0000000008000724       0x64 Core/Src/main.o
 .text.MX_I2C1_Init
                0x0000000008000788       0x80 Core/Src/main.o
 .text.MX_I2S1_Init
                0x0000000008000808       0x54 Core/Src/main.o
 .text.MX_SPI2_Init
                0x000000000800085c       0x7c Core/Src/main.o
 .text.MX_TIM1_Init
                0x00000000080008d8      0x1f4 Core/Src/main.o
 .text.MX_USART2_UART_Init
                0x0000000008000acc      0x13c Core/Src/main.o
 .text.MX_USART3_Init
                0x0000000008000c08       0x70 Core/Src/main.o
 .text.MX_GPIO_Init
                0x0000000008000c78      0x238 Core/Src/main.o
 .text.USART2_RX_Callback
                0x0000000008000eb0       0x78 Core/Src/main.o
                0x0000000008000eb0                USART2_RX_Callback
 .text.cmdReceive
                0x0000000008000f28       0xd0 Core/Src/main.o
                0x0000000008000f28                cmdReceive
 .text.USART_AS_SPI_sendCMD
                0x0000000008000ff8       0x8c Core/Src/main.o
                0x0000000008000ff8                USART_AS_SPI_sendCMD
 .text.USART_AS_SPI_sendDAT
                0x0000000008001084       0xbc Core/Src/main.o
                0x0000000008001084                USART_AS_SPI_sendDAT
 .text.weoInit  0x0000000008001140       0xac Core/Src/main.o
                0x0000000008001140                weoInit
 .text.weoClear
                0x00000000080011ec       0x34 Core/Src/main.o
                0x00000000080011ec                weoClear
 .text.weoDrawRectangleFilled
                0x0000000008001220      0x2f4 Core/Src/main.o
                0x0000000008001220                weoDrawRectangleFilled
 .text.answer2CPU
                0x0000000008001514      0x864 Core/Src/main.o
                0x0000000008001514                answer2CPU
 .text.MEM_Reset
                0x0000000008001d78       0xbc Core/Src/main.o
                0x0000000008001d78                MEM_Reset
 .text.showFullScreen
                0x0000000008001e34      0x150 Core/Src/main.o
                0x0000000008001e34                showFullScreen
 .text.lookInfoPrintImage
                0x0000000008001f84      0x29c Core/Src/main.o
                0x0000000008001f84                lookInfoPrintImage
 .text.MEM_GetID
                0x0000000008002220       0xbc Core/Src/main.o
                0x0000000008002220                MEM_GetID
 .text.cmdExecute
                0x00000000080022dc       0xd8 Core/Src/main.o
                0x00000000080022dc                cmdExecute
 .text.printASCIIarray
                0x00000000080023b4      0x138 Core/Src/main.o
                0x00000000080023b4                printASCIIarray
 .text.Error_Handler
                0x00000000080024ec        0xa Core/Src/main.o
                0x00000000080024ec                Error_Handler
 *fill*         0x00000000080024f6        0x2 
 .text.HAL_MspInit
                0x00000000080024f8       0x50 Core/Src/stm32g0xx_hal_msp.o
                0x00000000080024f8                HAL_MspInit
 .text.HAL_COMP_MspInit
                0x0000000008002548       0x70 Core/Src/stm32g0xx_hal_msp.o
                0x0000000008002548                HAL_COMP_MspInit
 .text.HAL_I2C_MspInit
                0x00000000080025b8       0xa8 Core/Src/stm32g0xx_hal_msp.o
                0x00000000080025b8                HAL_I2C_MspInit
 .text.HAL_I2S_MspInit
                0x0000000008002660       0xf0 Core/Src/stm32g0xx_hal_msp.o
                0x0000000008002660                HAL_I2S_MspInit
 .text.HAL_SPI_MspInit
                0x0000000008002750       0xd8 Core/Src/stm32g0xx_hal_msp.o
                0x0000000008002750                HAL_SPI_MspInit
 .text.HAL_TIM_Base_MspInit
                0x0000000008002828       0x40 Core/Src/stm32g0xx_hal_msp.o
                0x0000000008002828                HAL_TIM_Base_MspInit
 .text.HAL_TIM_MspPostInit
                0x0000000008002868       0x7c Core/Src/stm32g0xx_hal_msp.o
                0x0000000008002868                HAL_TIM_MspPostInit
 .text.HAL_USART_MspInit
                0x00000000080028e4       0xec Core/Src/stm32g0xx_hal_msp.o
                0x00000000080028e4                HAL_USART_MspInit
 .text.LL_USART_IsActiveFlag_FE
                0x00000000080029d0       0x22 Core/Src/stm32g0xx_it.o
 .text.LL_USART_IsActiveFlag_NE
                0x00000000080029f2       0x22 Core/Src/stm32g0xx_it.o
 .text.LL_USART_IsActiveFlag_ORE
                0x0000000008002a14       0x22 Core/Src/stm32g0xx_it.o
 .text.LL_USART_IsActiveFlag_RXNE_RXFNE
                0x0000000008002a36       0x22 Core/Src/stm32g0xx_it.o
 .text.LL_USART_IsEnabledIT_RXNE_RXFNE
                0x0000000008002a58       0x22 Core/Src/stm32g0xx_it.o
 .text.NMI_Handler
                0x0000000008002a7a        0xa Core/Src/stm32g0xx_it.o
                0x0000000008002a7a                NMI_Handler
 .text.HardFault_Handler
                0x0000000008002a84        0x6 Core/Src/stm32g0xx_it.o
                0x0000000008002a84                HardFault_Handler
 .text.SVC_Handler
                0x0000000008002a8a        0xa Core/Src/stm32g0xx_it.o
                0x0000000008002a8a                SVC_Handler
 .text.PendSV_Handler
                0x0000000008002a94        0xa Core/Src/stm32g0xx_it.o
                0x0000000008002a94                PendSV_Handler
 .text.SysTick_Handler
                0x0000000008002a9e        0xe Core/Src/stm32g0xx_it.o
                0x0000000008002a9e                SysTick_Handler
 .text.I2C1_IRQHandler
                0x0000000008002aac       0x30 Core/Src/stm32g0xx_it.o
                0x0000000008002aac                I2C1_IRQHandler
 .text.SPI1_IRQHandler
                0x0000000008002adc       0x18 Core/Src/stm32g0xx_it.o
                0x0000000008002adc                SPI1_IRQHandler
 .text.SPI2_IRQHandler
                0x0000000008002af4       0x18 Core/Src/stm32g0xx_it.o
                0x0000000008002af4                SPI2_IRQHandler
 .text.USART2_IRQHandler
                0x0000000008002b0c       0xa0 Core/Src/stm32g0xx_it.o
                0x0000000008002b0c                USART2_IRQHandler
 .text.USART3_4_LPUART1_IRQHandler
                0x0000000008002bac       0x18 Core/Src/stm32g0xx_it.o
                0x0000000008002bac                USART3_4_LPUART1_IRQHandler
 .text.SystemInit
                0x0000000008002bc4       0x18 Core/Src/system_stm32g0xx.o
                0x0000000008002bc4                SystemInit
 .text.Reset_Handler
                0x0000000008002bdc       0x50 Core/Startup/startup_stm32g071kbtx.o
                0x0000000008002bdc                Reset_Handler
 .text.Default_Handler
                0x0000000008002c2c        0x2 Core/Startup/startup_stm32g071kbtx.o
                0x0000000008002c2c                TIM1_CC_IRQHandler
                0x0000000008002c2c                ADC1_COMP_IRQHandler
                0x0000000008002c2c                PVD_IRQHandler
                0x0000000008002c2c                TIM7_LPTIM2_IRQHandler
                0x0000000008002c2c                RTC_TAMP_IRQHandler
                0x0000000008002c2c                EXTI2_3_IRQHandler
                0x0000000008002c2c                I2C2_IRQHandler
                0x0000000008002c2c                TIM17_IRQHandler
                0x0000000008002c2c                TIM16_IRQHandler
                0x0000000008002c2c                TIM3_IRQHandler
                0x0000000008002c2c                EXTI4_15_IRQHandler
                0x0000000008002c2c                RCC_IRQHandler
                0x0000000008002c2c                DMA1_Channel1_IRQHandler
                0x0000000008002c2c                Default_Handler
                0x0000000008002c2c                CEC_IRQHandler
                0x0000000008002c2c                TIM14_IRQHandler
                0x0000000008002c2c                TIM15_IRQHandler
                0x0000000008002c2c                EXTI0_1_IRQHandler
                0x0000000008002c2c                TIM6_DAC_LPTIM1_IRQHandler
                0x0000000008002c2c                WWDG_IRQHandler
                0x0000000008002c2c                TIM2_IRQHandler
                0x0000000008002c2c                DMA1_Ch4_7_DMAMUX1_OVR_IRQHandler
                0x0000000008002c2c                DMA1_Channel2_3_IRQHandler
                0x0000000008002c2c                UCPD1_2_IRQHandler
                0x0000000008002c2c                FLASH_IRQHandler
                0x0000000008002c2c                USART1_IRQHandler
                0x0000000008002c2c                TIM1_BRK_UP_TRG_COM_IRQHandler
 *fill*         0x0000000008002c2e        0x2 
 .text.HAL_Init
                0x0000000008002c30       0x40 Drivers/STM32G0xx_HAL_Driver/Src/stm32g0xx_hal.o
                0x0000000008002c30                HAL_Init
 .text.HAL_InitTick
                0x0000000008002c70       0x94 Drivers/STM32G0xx_HAL_Driver/Src/stm32g0xx_hal.o
                0x0000000008002c70                HAL_InitTick
 .text.HAL_IncTick
                0x0000000008002d04       0x24 Drivers/STM32G0xx_HAL_Driver/Src/stm32g0xx_hal.o
                0x0000000008002d04                HAL_IncTick
 .text.HAL_GetTick
                0x0000000008002d28       0x14 Drivers/STM32G0xx_HAL_Driver/Src/stm32g0xx_hal.o
                0x0000000008002d28                HAL_GetTick
 .text.HAL_Delay
                0x0000000008002d3c       0x44 Drivers/STM32G0xx_HAL_Driver/Src/stm32g0xx_hal.o
                0x0000000008002d3c                HAL_Delay
 .text.HAL_SYSCFG_StrobeDBattpinsConfig
                0x0000000008002d80       0x2c Drivers/STM32G0xx_HAL_Driver/Src/stm32g0xx_hal.o
                0x0000000008002d80                HAL_SYSCFG_StrobeDBattpinsConfig
 .text.LL_EXTI_EnableIT_0_31
                0x0000000008002dac       0x24 Drivers/STM32G0xx_HAL_Driver/Src/stm32g0xx_hal_comp.o
 .text.LL_EXTI_DisableIT_0_31
                0x0000000008002dd0       0x28 Drivers/STM32G0xx_HAL_Driver/Src/stm32g0xx_hal_comp.o
 .text.LL_EXTI_EnableEvent_0_31
                0x0000000008002df8       0x24 Drivers/STM32G0xx_HAL_Driver/Src/stm32g0xx_hal_comp.o
 .text.LL_EXTI_DisableEvent_0_31
                0x0000000008002e1c       0x28 Drivers/STM32G0xx_HAL_Driver/Src/stm32g0xx_hal_comp.o
 .text.LL_EXTI_EnableRisingTrig_0_31
                0x0000000008002e44       0x20 Drivers/STM32G0xx_HAL_Driver/Src/stm32g0xx_hal_comp.o
 .text.LL_EXTI_DisableRisingTrig_0_31
                0x0000000008002e64       0x24 Drivers/STM32G0xx_HAL_Driver/Src/stm32g0xx_hal_comp.o
 .text.LL_EXTI_EnableFallingTrig_0_31
                0x0000000008002e88       0x20 Drivers/STM32G0xx_HAL_Driver/Src/stm32g0xx_hal_comp.o
 .text.LL_EXTI_DisableFallingTrig_0_31
                0x0000000008002ea8       0x24 Drivers/STM32G0xx_HAL_Driver/Src/stm32g0xx_hal_comp.o
 .text.LL_EXTI_ClearFallingFlag_0_31
                0x0000000008002ecc       0x1c Drivers/STM32G0xx_HAL_Driver/Src/stm32g0xx_hal_comp.o
 .text.LL_EXTI_ClearRisingFlag_0_31
                0x0000000008002ee8       0x1c Drivers/STM32G0xx_HAL_Driver/Src/stm32g0xx_hal_comp.o
 .text.HAL_COMP_Init
                0x0000000008002f04      0x2c0 Drivers/STM32G0xx_HAL_Driver/Src/stm32g0xx_hal_comp.o
                0x0000000008002f04                HAL_COMP_Init
 .text.HAL_COMP_Start
                0x00000000080031c4       0xa4 Drivers/STM32G0xx_HAL_Driver/Src/stm32g0xx_hal_comp.o
                0x00000000080031c4                HAL_COMP_Start
 .text.__NVIC_EnableIRQ
                0x0000000008003268       0x34 Drivers/STM32G0xx_HAL_Driver/Src/stm32g0xx_hal_cortex.o
 .text.__NVIC_SetPriority
                0x000000000800329c       0xdc Drivers/STM32G0xx_HAL_Driver/Src/stm32g0xx_hal_cortex.o
 .text.SysTick_Config
                0x0000000008003378       0x48 Drivers/STM32G0xx_HAL_Driver/Src/stm32g0xx_hal_cortex.o
 .text.HAL_NVIC_SetPriority
                0x00000000080033c0       0x2a Drivers/STM32G0xx_HAL_Driver/Src/stm32g0xx_hal_cortex.o
                0x00000000080033c0                HAL_NVIC_SetPriority
 .text.HAL_NVIC_EnableIRQ
                0x00000000080033ea       0x20 Drivers/STM32G0xx_HAL_Driver/Src/stm32g0xx_hal_cortex.o
                0x00000000080033ea                HAL_NVIC_EnableIRQ
 .text.HAL_SYSTICK_Config
                0x000000000800340a       0x1a Drivers/STM32G0xx_HAL_Driver/Src/stm32g0xx_hal_cortex.o
                0x000000000800340a                HAL_SYSTICK_Config
 .text.HAL_DMA_Abort_IT
                0x0000000008003424       0xd8 Drivers/STM32G0xx_HAL_Driver/Src/stm32g0xx_hal_dma.o
                0x0000000008003424                HAL_DMA_Abort_IT
 .text.HAL_DMA_GetState
                0x00000000080034fc       0x18 Drivers/STM32G0xx_HAL_Driver/Src/stm32g0xx_hal_dma.o
                0x00000000080034fc                HAL_DMA_GetState
 .text.HAL_GPIO_Init
                0x0000000008003514      0x2c8 Drivers/STM32G0xx_HAL_Driver/Src/stm32g0xx_hal_gpio.o
                0x0000000008003514                HAL_GPIO_Init
 .text.HAL_I2C_Init
                0x00000000080037dc      0x12c Drivers/STM32G0xx_HAL_Driver/Src/stm32g0xx_hal_i2c.o
                0x00000000080037dc                HAL_I2C_Init
 .text.HAL_I2C_EV_IRQHandler
                0x0000000008003908       0x34 Drivers/STM32G0xx_HAL_Driver/Src/stm32g0xx_hal_i2c.o
                0x0000000008003908                HAL_I2C_EV_IRQHandler
 .text.HAL_I2C_ER_IRQHandler
                0x000000000800393c       0xc4 Drivers/STM32G0xx_HAL_Driver/Src/stm32g0xx_hal_i2c.o
                0x000000000800393c                HAL_I2C_ER_IRQHandler
 .text.HAL_I2C_SlaveTxCpltCallback
                0x0000000008003a00       0x10 Drivers/STM32G0xx_HAL_Driver/Src/stm32g0xx_hal_i2c.o
                0x0000000008003a00                HAL_I2C_SlaveTxCpltCallback
 .text.HAL_I2C_SlaveRxCpltCallback
                0x0000000008003a10       0x10 Drivers/STM32G0xx_HAL_Driver/Src/stm32g0xx_hal_i2c.o
                0x0000000008003a10                HAL_I2C_SlaveRxCpltCallback
 .text.HAL_I2C_AddrCallback
                0x0000000008003a20       0x20 Drivers/STM32G0xx_HAL_Driver/Src/stm32g0xx_hal_i2c.o
                0x0000000008003a20                HAL_I2C_AddrCallback
 .text.HAL_I2C_ListenCpltCallback
                0x0000000008003a40       0x10 Drivers/STM32G0xx_HAL_Driver/Src/stm32g0xx_hal_i2c.o
                0x0000000008003a40                HAL_I2C_ListenCpltCallback
 .text.HAL_I2C_ErrorCallback
                0x0000000008003a50       0x10 Drivers/STM32G0xx_HAL_Driver/Src/stm32g0xx_hal_i2c.o
                0x0000000008003a50                HAL_I2C_ErrorCallback
 .text.HAL_I2C_AbortCpltCallback
                0x0000000008003a60       0x10 Drivers/STM32G0xx_HAL_Driver/Src/stm32g0xx_hal_i2c.o
                0x0000000008003a60                HAL_I2C_AbortCpltCallback
 .text.I2C_Slave_ISR_IT
                0x0000000008003a70      0x228 Drivers/STM32G0xx_HAL_Driver/Src/stm32g0xx_hal_i2c.o
 .text.I2C_ITAddrCplt
                0x0000000008003c98      0x152 Drivers/STM32G0xx_HAL_Driver/Src/stm32g0xx_hal_i2c.o
 *fill*         0x0000000008003dea        0x2 
 .text.I2C_ITSlaveSeqCplt
                0x0000000008003dec       0xcc Drivers/STM32G0xx_HAL_Driver/Src/stm32g0xx_hal_i2c.o
 .text.I2C_ITSlaveCplt
                0x0000000008003eb8      0x24c Drivers/STM32G0xx_HAL_Driver/Src/stm32g0xx_hal_i2c.o
 .text.I2C_ITListenCplt
                0x0000000008004104       0xb4 Drivers/STM32G0xx_HAL_Driver/Src/stm32g0xx_hal_i2c.o
 .text.I2C_ITError
                0x00000000080041b8      0x1c8 Drivers/STM32G0xx_HAL_Driver/Src/stm32g0xx_hal_i2c.o
 .text.I2C_TreatErrorCallback
                0x0000000008004380       0x52 Drivers/STM32G0xx_HAL_Driver/Src/stm32g0xx_hal_i2c.o
 .text.I2C_Flush_TXDR
                0x00000000080043d2       0x44 Drivers/STM32G0xx_HAL_Driver/Src/stm32g0xx_hal_i2c.o
 .text.I2C_DMAAbort
                0x0000000008004416       0x3e Drivers/STM32G0xx_HAL_Driver/Src/stm32g0xx_hal_i2c.o
 .text.I2C_Disable_IRQ
                0x0000000008004454       0xc6 Drivers/STM32G0xx_HAL_Driver/Src/stm32g0xx_hal_i2c.o
 *fill*         0x000000000800451a        0x2 
 .text.HAL_I2CEx_ConfigAnalogFilter
                0x000000000800451c       0x98 Drivers/STM32G0xx_HAL_Driver/Src/stm32g0xx_hal_i2c_ex.o
                0x000000000800451c                HAL_I2CEx_ConfigAnalogFilter
 .text.HAL_I2CEx_ConfigDigitalFilter
                0x00000000080045b4       0x98 Drivers/STM32G0xx_HAL_Driver/Src/stm32g0xx_hal_i2c_ex.o
                0x00000000080045b4                HAL_I2CEx_ConfigDigitalFilter
 .text.HAL_I2S_Init
                0x000000000800464c      0x1ec Drivers/STM32G0xx_HAL_Driver/Src/stm32g0xx_hal_i2s.o
                0x000000000800464c                HAL_I2S_Init
 .text.HAL_I2S_IRQHandler
                0x0000000008004838       0xd6 Drivers/STM32G0xx_HAL_Driver/Src/stm32g0xx_hal_i2s.o
                0x0000000008004838                HAL_I2S_IRQHandler
 .text.HAL_I2S_TxCpltCallback
                0x000000000800490e       0x10 Drivers/STM32G0xx_HAL_Driver/Src/stm32g0xx_hal_i2s.o
                0x000000000800490e                HAL_I2S_TxCpltCallback
 .text.HAL_I2S_RxCpltCallback
                0x000000000800491e       0x10 Drivers/STM32G0xx_HAL_Driver/Src/stm32g0xx_hal_i2s.o
                0x000000000800491e                HAL_I2S_RxCpltCallback
 .text.HAL_I2S_ErrorCallback
                0x000000000800492e       0x10 Drivers/STM32G0xx_HAL_Driver/Src/stm32g0xx_hal_i2s.o
                0x000000000800492e                HAL_I2S_ErrorCallback
 .text.I2S_Transmit_IT
                0x000000000800493e       0x5e Drivers/STM32G0xx_HAL_Driver/Src/stm32g0xx_hal_i2s.o
 .text.I2S_Receive_IT
                0x000000000800499c       0x60 Drivers/STM32G0xx_HAL_Driver/Src/stm32g0xx_hal_i2s.o
 .text.HAL_PWREx_ControlVoltageScaling
                0x00000000080049fc       0x80 Drivers/STM32G0xx_HAL_Driver/Src/stm32g0xx_hal_pwr_ex.o
                0x00000000080049fc                HAL_PWREx_ControlVoltageScaling
 .text.LL_RCC_GetAPB1Prescaler
                0x0000000008004a7c       0x18 Drivers/STM32G0xx_HAL_Driver/Src/stm32g0xx_hal_rcc.o
 .text.HAL_RCC_OscConfig
                0x0000000008004a94      0x640 Drivers/STM32G0xx_HAL_Driver/Src/stm32g0xx_hal_rcc.o
                0x0000000008004a94                HAL_RCC_OscConfig
 .text.HAL_RCC_ClockConfig
                0x00000000080050d4      0x210 Drivers/STM32G0xx_HAL_Driver/Src/stm32g0xx_hal_rcc.o
                0x00000000080050d4                HAL_RCC_ClockConfig
 .text.HAL_RCC_GetSysClockFreq
                0x00000000080052e4      0x104 Drivers/STM32G0xx_HAL_Driver/Src/stm32g0xx_hal_rcc.o
                0x00000000080052e4                HAL_RCC_GetSysClockFreq
 .text.HAL_RCC_GetHCLKFreq
                0x00000000080053e8       0x14 Drivers/STM32G0xx_HAL_Driver/Src/stm32g0xx_hal_rcc.o
                0x00000000080053e8                HAL_RCC_GetHCLKFreq
 .text.HAL_RCC_GetPCLK1Freq
                0x00000000080053fc       0x2c Drivers/STM32G0xx_HAL_Driver/Src/stm32g0xx_hal_rcc.o
                0x00000000080053fc                HAL_RCC_GetPCLK1Freq
 .text.HAL_RCCEx_PeriphCLKConfig
                0x0000000008005428      0x370 Drivers/STM32G0xx_HAL_Driver/Src/stm32g0xx_hal_rcc_ex.o
                0x0000000008005428                HAL_RCCEx_PeriphCLKConfig
 .text.HAL_RCCEx_GetPeriphCLKFreq
                0x0000000008005798      0x62c Drivers/STM32G0xx_HAL_Driver/Src/stm32g0xx_hal_rcc_ex.o
                0x0000000008005798                HAL_RCCEx_GetPeriphCLKFreq
 .text.HAL_SPI_Init
                0x0000000008005dc4      0x170 Drivers/STM32G0xx_HAL_Driver/Src/stm32g0xx_hal_spi.o
                0x0000000008005dc4                HAL_SPI_Init
 .text.HAL_SPI_Transmit
                0x0000000008005f34      0x2b0 Drivers/STM32G0xx_HAL_Driver/Src/stm32g0xx_hal_spi.o
                0x0000000008005f34                HAL_SPI_Transmit
 .text.HAL_SPI_Receive
                0x00000000080061e4      0x298 Drivers/STM32G0xx_HAL_Driver/Src/stm32g0xx_hal_spi.o
                0x00000000080061e4                HAL_SPI_Receive
 .text.HAL_SPI_TransmitReceive
                0x000000000800647c      0x3a8 Drivers/STM32G0xx_HAL_Driver/Src/stm32g0xx_hal_spi.o
                0x000000000800647c                HAL_SPI_TransmitReceive
 .text.HAL_SPI_IRQHandler
                0x0000000008006824      0x1fc Drivers/STM32G0xx_HAL_Driver/Src/stm32g0xx_hal_spi.o
                0x0000000008006824                HAL_SPI_IRQHandler
 .text.HAL_SPI_ErrorCallback
                0x0000000008006a20       0x10 Drivers/STM32G0xx_HAL_Driver/Src/stm32g0xx_hal_spi.o
                0x0000000008006a20                HAL_SPI_ErrorCallback
 .text.SPI_DMAAbortOnError
                0x0000000008006a30       0x2c Drivers/STM32G0xx_HAL_Driver/Src/stm32g0xx_hal_spi.o
 .text.SPI_WaitFlagStateUntilTimeout
                0x0000000008006a5c      0x11c Drivers/STM32G0xx_HAL_Driver/Src/stm32g0xx_hal_spi.o
 .text.SPI_WaitFifoStateUntilTimeout
                0x0000000008006b78      0x12c Drivers/STM32G0xx_HAL_Driver/Src/stm32g0xx_hal_spi.o
 .text.SPI_EndRxTransaction
                0x0000000008006ca4       0xbc Drivers/STM32G0xx_HAL_Driver/Src/stm32g0xx_hal_spi.o
 .text.SPI_EndRxTxTransaction
                0x0000000008006d60       0x8c Drivers/STM32G0xx_HAL_Driver/Src/stm32g0xx_hal_spi.o
 .text.HAL_TIM_Base_Init
                0x0000000008006dec       0xb0 Drivers/STM32G0xx_HAL_Driver/Src/stm32g0xx_hal_tim.o
                0x0000000008006dec                HAL_TIM_Base_Init
 .text.HAL_TIM_PWM_Init
                0x0000000008006e9c       0xb0 Drivers/STM32G0xx_HAL_Driver/Src/stm32g0xx_hal_tim.o
                0x0000000008006e9c                HAL_TIM_PWM_Init
 .text.HAL_TIM_PWM_MspInit
                0x0000000008006f4c       0x10 Drivers/STM32G0xx_HAL_Driver/Src/stm32g0xx_hal_tim.o
                0x0000000008006f4c                HAL_TIM_PWM_MspInit
 .text.HAL_TIM_PWM_Start
                0x0000000008006f5c      0x1d4 Drivers/STM32G0xx_HAL_Driver/Src/stm32g0xx_hal_tim.o
                0x0000000008006f5c                HAL_TIM_PWM_Start
 .text.HAL_TIM_PWM_ConfigChannel
                0x0000000008007130      0x1ec Drivers/STM32G0xx_HAL_Driver/Src/stm32g0xx_hal_tim.o
                0x0000000008007130                HAL_TIM_PWM_ConfigChannel
 .text.HAL_TIM_ConfigClockSource
                0x000000000800731c      0x180 Drivers/STM32G0xx_HAL_Driver/Src/stm32g0xx_hal_tim.o
                0x000000000800731c                HAL_TIM_ConfigClockSource
 .text.TIM_Base_SetConfig
                0x000000000800749c      0x100 Drivers/STM32G0xx_HAL_Driver/Src/stm32g0xx_hal_tim.o
                0x000000000800749c                TIM_Base_SetConfig
 .text.TIM_OC1_SetConfig
                0x000000000800759c      0x114 Drivers/STM32G0xx_HAL_Driver/Src/stm32g0xx_hal_tim.o
 .text.TIM_OC2_SetConfig
                0x00000000080076b0      0x108 Drivers/STM32G0xx_HAL_Driver/Src/stm32g0xx_hal_tim.o
                0x00000000080076b0                TIM_OC2_SetConfig
 .text.TIM_OC3_SetConfig
                0x00000000080077b8      0x110 Drivers/STM32G0xx_HAL_Driver/Src/stm32g0xx_hal_tim.o
 .text.TIM_OC4_SetConfig
                0x00000000080078c8       0xd4 Drivers/STM32G0xx_HAL_Driver/Src/stm32g0xx_hal_tim.o
 .text.TIM_OC5_SetConfig
                0x000000000800799c       0xc0 Drivers/STM32G0xx_HAL_Driver/Src/stm32g0xx_hal_tim.o
 .text.TIM_OC6_SetConfig
                0x0000000008007a5c       0xc8 Drivers/STM32G0xx_HAL_Driver/Src/stm32g0xx_hal_tim.o
 .text.TIM_TI1_ConfigInputStage
                0x0000000008007b24       0x5c Drivers/STM32G0xx_HAL_Driver/Src/stm32g0xx_hal_tim.o
 .text.TIM_TI2_ConfigInputStage
                0x0000000008007b80       0x64 Drivers/STM32G0xx_HAL_Driver/Src/stm32g0xx_hal_tim.o
 .text.TIM_ITRx_SetConfig
                0x0000000008007be4       0x38 Drivers/STM32G0xx_HAL_Driver/Src/stm32g0xx_hal_tim.o
 .text.TIM_ETR_SetConfig
                0x0000000008007c1c       0x40 Drivers/STM32G0xx_HAL_Driver/Src/stm32g0xx_hal_tim.o
                0x0000000008007c1c                TIM_ETR_SetConfig
 .text.TIM_CCxChannelCmd
                0x0000000008007c5c       0x46 Drivers/STM32G0xx_HAL_Driver/Src/stm32g0xx_hal_tim.o
                0x0000000008007c5c                TIM_CCxChannelCmd
 *fill*         0x0000000008007ca2        0x2 
 .text.HAL_TIMEx_MasterConfigSynchronization
                0x0000000008007ca4       0xdc Drivers/STM32G0xx_HAL_Driver/Src/stm32g0xx_hal_tim_ex.o
                0x0000000008007ca4                HAL_TIMEx_MasterConfigSynchronization
 .text.HAL_TIMEx_ConfigBreakDeadTime
                0x0000000008007d80      0x14c Drivers/STM32G0xx_HAL_Driver/Src/stm32g0xx_hal_tim_ex.o
                0x0000000008007d80                HAL_TIMEx_ConfigBreakDeadTime
 .text.HAL_TIMEx_ConfigBreakInput
                0x0000000008007ecc      0x13a Drivers/STM32G0xx_HAL_Driver/Src/stm32g0xx_hal_tim_ex.o
                0x0000000008007ecc                HAL_TIMEx_ConfigBreakInput
 *fill*         0x0000000008008006        0x2 
 .text.HAL_USART_Init
                0x0000000008008008       0xa0 Drivers/STM32G0xx_HAL_Driver/Src/stm32g0xx_hal_usart.o
                0x0000000008008008                HAL_USART_Init
 .text.HAL_USART_Transmit
                0x00000000080080a8      0x17c Drivers/STM32G0xx_HAL_Driver/Src/stm32g0xx_hal_usart.o
                0x00000000080080a8                HAL_USART_Transmit
 .text.HAL_USART_IRQHandler
                0x0000000008008224      0x2dc Drivers/STM32G0xx_HAL_Driver/Src/stm32g0xx_hal_usart.o
                0x0000000008008224                HAL_USART_IRQHandler
 .text.HAL_USART_TxCpltCallback
                0x0000000008008500       0x10 Drivers/STM32G0xx_HAL_Driver/Src/stm32g0xx_hal_usart.o
                0x0000000008008500                HAL_USART_TxCpltCallback
 .text.HAL_USART_TxRxCpltCallback
                0x0000000008008510       0x10 Drivers/STM32G0xx_HAL_Driver/Src/stm32g0xx_hal_usart.o
                0x0000000008008510                HAL_USART_TxRxCpltCallback
 .text.HAL_USART_ErrorCallback
                0x0000000008008520       0x10 Drivers/STM32G0xx_HAL_Driver/Src/stm32g0xx_hal_usart.o
                0x0000000008008520                HAL_USART_ErrorCallback
 .text.USART_EndTransfer
                0x0000000008008530       0x40 Drivers/STM32G0xx_HAL_Driver/Src/stm32g0xx_hal_usart.o
 .text.USART_DMAAbortOnError
                0x0000000008008570       0x2a Drivers/STM32G0xx_HAL_Driver/Src/stm32g0xx_hal_usart.o
 .text.USART_WaitOnFlagUntilTimeout
                0x000000000800859a       0x6a Drivers/STM32G0xx_HAL_Driver/Src/stm32g0xx_hal_usart.o
 .text.USART_SetConfig
                0x0000000008008604      0x560 Drivers/STM32G0xx_HAL_Driver/Src/stm32g0xx_hal_usart.o
 .text.USART_CheckIdleState
                0x0000000008008b64       0x88 Drivers/STM32G0xx_HAL_Driver/Src/stm32g0xx_hal_usart.o
 .text.USART_EndTransmit_IT
                0x0000000008008bec       0x86 Drivers/STM32G0xx_HAL_Driver/Src/stm32g0xx_hal_usart.o
 .text.HAL_USARTEx_RxFifoFullCallback
                0x0000000008008c72       0x10 Drivers/STM32G0xx_HAL_Driver/Src/stm32g0xx_hal_usart_ex.o
                0x0000000008008c72                HAL_USARTEx_RxFifoFullCallback
 .text.HAL_USARTEx_TxFifoEmptyCallback
                0x0000000008008c82       0x10 Drivers/STM32G0xx_HAL_Driver/Src/stm32g0xx_hal_usart_ex.o
                0x0000000008008c82                HAL_USARTEx_TxFifoEmptyCallback
 .text.LL_GPIO_SetPinMode
                0x0000000008008c92       0x3a Drivers/STM32G0xx_HAL_Driver/Src/stm32g0xx_ll_gpio.o
 .text.LL_GPIO_SetPinOutputType
                0x0000000008008ccc       0x2a Drivers/STM32G0xx_HAL_Driver/Src/stm32g0xx_ll_gpio.o
 .text.LL_GPIO_SetPinSpeed
                0x0000000008008cf6       0x3a Drivers/STM32G0xx_HAL_Driver/Src/stm32g0xx_ll_gpio.o
 .text.LL_GPIO_SetPinPull
                0x0000000008008d30       0x3a Drivers/STM32G0xx_HAL_Driver/Src/stm32g0xx_ll_gpio.o
 .text.LL_GPIO_SetAFPin_0_7
                0x0000000008008d6a       0x4a Drivers/STM32G0xx_HAL_Driver/Src/stm32g0xx_ll_gpio.o
 .text.LL_GPIO_SetAFPin_8_15
                0x0000000008008db4       0x5a Drivers/STM32G0xx_HAL_Driver/Src/stm32g0xx_ll_gpio.o
 .text.LL_GPIO_Init
                0x0000000008008e0e       0xb6 Drivers/STM32G0xx_HAL_Driver/Src/stm32g0xx_ll_gpio.o
                0x0000000008008e0e                LL_GPIO_Init
 .text.LL_RCC_HSI_IsReady
                0x0000000008008ec4       0x28 Drivers/STM32G0xx_HAL_Driver/Src/stm32g0xx_ll_rcc.o
 .text.LL_RCC_LSE_IsReady
                0x0000000008008eec       0x20 Drivers/STM32G0xx_HAL_Driver/Src/stm32g0xx_ll_rcc.o
 .text.LL_RCC_GetSysClkSource
                0x0000000008008f0c       0x18 Drivers/STM32G0xx_HAL_Driver/Src/stm32g0xx_ll_rcc.o
 .text.LL_RCC_GetAHBPrescaler
                0x0000000008008f24       0x18 Drivers/STM32G0xx_HAL_Driver/Src/stm32g0xx_ll_rcc.o
 .text.LL_RCC_GetAPB1Prescaler
                0x0000000008008f3c       0x18 Drivers/STM32G0xx_HAL_Driver/Src/stm32g0xx_ll_rcc.o
 .text.LL_RCC_GetUSARTClockSource
                0x0000000008008f54       0x24 Drivers/STM32G0xx_HAL_Driver/Src/stm32g0xx_ll_rcc.o
 .text.LL_RCC_PLL_GetN
                0x0000000008008f78       0x18 Drivers/STM32G0xx_HAL_Driver/Src/stm32g0xx_ll_rcc.o
 .text.LL_RCC_PLL_GetR
                0x0000000008008f90       0x18 Drivers/STM32G0xx_HAL_Driver/Src/stm32g0xx_ll_rcc.o
 .text.LL_RCC_PLL_GetMainSource
                0x0000000008008fa8       0x18 Drivers/STM32G0xx_HAL_Driver/Src/stm32g0xx_ll_rcc.o
 .text.LL_RCC_PLL_GetDivider
                0x0000000008008fc0       0x18 Drivers/STM32G0xx_HAL_Driver/Src/stm32g0xx_ll_rcc.o
 .text.LL_RCC_GetSystemClocksFreq
                0x0000000008008fd8       0x3a Drivers/STM32G0xx_HAL_Driver/Src/stm32g0xx_ll_rcc.o
                0x0000000008008fd8                LL_RCC_GetSystemClocksFreq
 *fill*         0x0000000008009012        0x2 
 .text.LL_RCC_GetUSARTClockFreq
                0x0000000008009014      0x114 Drivers/STM32G0xx_HAL_Driver/Src/stm32g0xx_ll_rcc.o
                0x0000000008009014                LL_RCC_GetUSARTClockFreq
 .text.RCC_GetSystemClockFreq
                0x0000000008009128       0x5c Drivers/STM32G0xx_HAL_Driver/Src/stm32g0xx_ll_rcc.o
                0x0000000008009128                RCC_GetSystemClockFreq
 .text.RCC_GetHCLKClockFreq
                0x0000000008009184       0x30 Drivers/STM32G0xx_HAL_Driver/Src/stm32g0xx_ll_rcc.o
                0x0000000008009184                RCC_GetHCLKClockFreq
 .text.RCC_GetPCLK1ClockFreq
                0x00000000080091b4       0x2c Drivers/STM32G0xx_HAL_Driver/Src/stm32g0xx_ll_rcc.o
                0x00000000080091b4                RCC_GetPCLK1ClockFreq
 .text.RCC_PLL_GetFreqDomain_SYS
                0x00000000080091e0       0x74 Drivers/STM32G0xx_HAL_Driver/Src/stm32g0xx_ll_rcc.o
                0x00000000080091e0                RCC_PLL_GetFreqDomain_SYS
 .text.LL_USART_IsEnabled
                0x0000000008009254       0x22 Drivers/STM32G0xx_HAL_Driver/Src/stm32g0xx_ll_usart.o
 .text.LL_USART_SetPrescaler
                0x0000000008009276       0x24 Drivers/STM32G0xx_HAL_Driver/Src/stm32g0xx_ll_usart.o
 *fill*         0x000000000800929a        0x2 
 .text.LL_USART_SetStopBitsLength
                0x000000000800929c       0x28 Drivers/STM32G0xx_HAL_Driver/Src/stm32g0xx_ll_usart.o
 .text.LL_USART_SetHWFlowCtrl
                0x00000000080092c4       0x28 Drivers/STM32G0xx_HAL_Driver/Src/stm32g0xx_ll_usart.o
 .text.LL_USART_SetBaudRate
                0x00000000080092ec       0xac Drivers/STM32G0xx_HAL_Driver/Src/stm32g0xx_ll_usart.o
 .text.LL_USART_Init
                0x0000000008009398      0x11c Drivers/STM32G0xx_HAL_Driver/Src/stm32g0xx_ll_usart.o
                0x0000000008009398                LL_USART_Init
 .text.__libc_init_array
                0x00000000080094b4       0x48 c:/st/stm32cubeide_1.2.0/stm32cubeide/plugins/com.st.stm32cube.ide.mcu.externaltools.gnu-tools-for-stm32.7-2018-q2-update.win32_1.5.0.202011040924/tools/bin/../lib/gcc/arm-none-eabi/7.3.1/../../../../arm-none-eabi/lib/thumb/v6-m\libc_nano.a(lib_a-init.o)
                0x00000000080094b4                __libc_init_array
 .text.memset   0x00000000080094fc       0x10 c:/st/stm32cubeide_1.2.0/stm32cubeide/plugins/com.st.stm32cube.ide.mcu.externaltools.gnu-tools-for-stm32.7-2018-q2-update.win32_1.5.0.202011040924/tools/bin/../lib/gcc/arm-none-eabi/7.3.1/../../../../arm-none-eabi/lib/thumb/v6-m\libc_nano.a(lib_a-memset.o)
                0x00000000080094fc                memset
 *(.glue_7)
 .glue_7        0x000000000800950c        0x0 linker stubs
 *(.glue_7t)
 .glue_7t       0x000000000800950c        0x0 linker stubs
 *(.eh_frame)
 .eh_frame      0x000000000800950c        0x0 c:/st/stm32cubeide_1.2.0/stm32cubeide/plugins/com.st.stm32cube.ide.mcu.externaltools.gnu-tools-for-stm32.7-2018-q2-update.win32_1.5.0.202011040924/tools/bin/../lib/gcc/arm-none-eabi/7.3.1/thumb/v6-m/crtbegin.o
 *(.init)
 .init          0x000000000800950c        0x4 c:/st/stm32cubeide_1.2.0/stm32cubeide/plugins/com.st.stm32cube.ide.mcu.externaltools.gnu-tools-for-stm32.7-2018-q2-update.win32_1.5.0.202011040924/tools/bin/../lib/gcc/arm-none-eabi/7.3.1/thumb/v6-m/crti.o
                0x000000000800950c                _init
 .init          0x0000000008009510        0x8 c:/st/stm32cubeide_1.2.0/stm32cubeide/plugins/com.st.stm32cube.ide.mcu.externaltools.gnu-tools-for-stm32.7-2018-q2-update.win32_1.5.0.202011040924/tools/bin/../lib/gcc/arm-none-eabi/7.3.1/thumb/v6-m/crtn.o
 *(.fini)
 .fini          0x0000000008009518        0x4 c:/st/stm32cubeide_1.2.0/stm32cubeide/plugins/com.st.stm32cube.ide.mcu.externaltools.gnu-tools-for-stm32.7-2018-q2-update.win32_1.5.0.202011040924/tools/bin/../lib/gcc/arm-none-eabi/7.3.1/thumb/v6-m/crti.o
                0x0000000008009518                _fini
 .fini          0x000000000800951c        0x8 c:/st/stm32cubeide_1.2.0/stm32cubeide/plugins/com.st.stm32cube.ide.mcu.externaltools.gnu-tools-for-stm32.7-2018-q2-update.win32_1.5.0.202011040924/tools/bin/../lib/gcc/arm-none-eabi/7.3.1/thumb/v6-m/crtn.o
                0x0000000008009524                . = ALIGN (0x4)
                0x0000000008009524                _etext = .

.vfp11_veneer   0x0000000008009524        0x0
 .vfp11_veneer  0x0000000008009524        0x0 linker stubs

.v4_bx          0x0000000008009524        0x0
 .v4_bx         0x0000000008009524        0x0 linker stubs

.iplt           0x0000000008009524        0x0
 .iplt          0x0000000008009524        0x0 c:/st/stm32cubeide_1.2.0/stm32cubeide/plugins/com.st.stm32cube.ide.mcu.externaltools.gnu-tools-for-stm32.7-2018-q2-update.win32_1.5.0.202011040924/tools/bin/../lib/gcc/arm-none-eabi/7.3.1/thumb/v6-m/crtbegin.o

.rodata         0x0000000008009524       0xe4
                0x0000000008009524                . = ALIGN (0x4)
 *(.rodata)
 *(.rodata*)
 .rodata.AHBPrescTable
                0x0000000008009524       0x40 Core/Src/system_stm32g0xx.o
                0x0000000008009524                AHBPrescTable
 .rodata.APBPrescTable
                0x0000000008009564       0x20 Core/Src/system_stm32g0xx.o
                0x0000000008009564                APBPrescTable
 .rodata.HAL_TIM_PWM_ConfigChannel
                0x0000000008009584       0x54 Drivers/STM32G0xx_HAL_Driver/Src/stm32g0xx_hal_tim.o
 .rodata.USART_PRESCALER_TAB
                0x00000000080095d8       0x30 Drivers/STM32G0xx_HAL_Driver/Src/stm32g0xx_ll_usart.o
                0x0000000008009608                . = ALIGN (0x4)

.rel.dyn        0x0000000008009608        0x0
 .rel.iplt      0x0000000008009608        0x0 c:/st/stm32cubeide_1.2.0/stm32cubeide/plugins/com.st.stm32cube.ide.mcu.externaltools.gnu-tools-for-stm32.7-2018-q2-update.win32_1.5.0.202011040924/tools/bin/../lib/gcc/arm-none-eabi/7.3.1/thumb/v6-m/crtbegin.o

.ARM.extab      0x0000000008009608        0x0
                0x0000000008009608                . = ALIGN (0x4)
 *(.ARM.extab* .gnu.linkonce.armextab.*)
                0x0000000008009608                . = ALIGN (0x4)

.ARM            0x0000000008009608        0x0
                0x0000000008009608                . = ALIGN (0x4)
                0x0000000008009608                __exidx_start = .
 *(.ARM.exidx*)
                0x0000000008009608                __exidx_end = .
                0x0000000008009608                . = ALIGN (0x4)

.preinit_array  0x0000000008009608        0x0
                0x0000000008009608                . = ALIGN (0x4)
                0x0000000008009608                PROVIDE (__preinit_array_start = .)
 *(.preinit_array*)
                0x0000000008009608                PROVIDE (__preinit_array_end = .)
                0x0000000008009608                . = ALIGN (0x4)

.init_array     0x0000000008009608        0x4
                0x0000000008009608                . = ALIGN (0x4)
                0x0000000008009608                PROVIDE (__init_array_start = .)
 *(SORT_BY_NAME(.init_array.*))
 *(.init_array*)
 .init_array    0x0000000008009608        0x4 c:/st/stm32cubeide_1.2.0/stm32cubeide/plugins/com.st.stm32cube.ide.mcu.externaltools.gnu-tools-for-stm32.7-2018-q2-update.win32_1.5.0.202011040924/tools/bin/../lib/gcc/arm-none-eabi/7.3.1/thumb/v6-m/crtbegin.o
                0x000000000800960c                PROVIDE (__init_array_end = .)
                0x000000000800960c                . = ALIGN (0x4)

.fini_array     0x000000000800960c        0x4
                0x000000000800960c                . = ALIGN (0x4)
                [!provide]                        PROVIDE (__fini_array_start = .)
 *(SORT_BY_NAME(.fini_array.*))
 *(.fini_array*)
 .fini_array    0x000000000800960c        0x4 c:/st/stm32cubeide_1.2.0/stm32cubeide/plugins/com.st.stm32cube.ide.mcu.externaltools.gnu-tools-for-stm32.7-2018-q2-update.win32_1.5.0.202011040924/tools/bin/../lib/gcc/arm-none-eabi/7.3.1/thumb/v6-m/crtbegin.o
                [!provide]                        PROVIDE (__fini_array_end = .)
                0x0000000008009610                . = ALIGN (0x4)
                0x0000000008009610                _sidata = LOADADDR (.data)

.data           0x0000000020000000     0x5140 load address 0x0000000008009610
                0x0000000020000000                . = ALIGN (0x4)
                0x0000000020000000                _sdata = .
 *(.data)
 *(.data*)
 .data.FONT_X   0x0000000020000000     0x3100 Core/Src/main.o
                0x0000000020000000                FONT_X
 .data.PCB_type
                0x0000000020003100       0x11 Core/Src/main.o
                0x0000000020003100                PCB_type
 *fill*         0x0000000020003111        0x3 
 .data.PCB_rev  0x0000000020003114        0x8 Core/Src/main.o
                0x0000000020003114                PCB_rev
 .data.currentConsumption
                0x000000002000311c        0x1 Core/Src/main.o
                0x000000002000311c                currentConsumption
 *fill*         0x000000002000311d        0x3 
 .data.EmitterSN
                0x0000000020003120       0x10 Core/Src/main.o
                0x0000000020003120                EmitterSN
 .data.X_increment
                0x0000000020003130        0x1 Core/Src/main.o
                0x0000000020003130                X_increment
 .data.ASCII_height
                0x0000000020003131        0x1 Core/Src/main.o
                0x0000000020003131                ASCII_height
 .data.bf       0x0000000020003132        0x1 Core/Src/main.o
                0x0000000020003132                bf
 *fill*         0x0000000020003133        0x1 
 .data.h1       0x0000000020003134     0x2000 Core/Src/main.o
                0x0000000020003134                h1
 .data.SystemCoreClock
                0x0000000020005134        0x4 Core/Src/system_stm32g0xx.o
                0x0000000020005134                SystemCoreClock
 .data.uwTickPrio
                0x0000000020005138        0x4 Drivers/STM32G0xx_HAL_Driver/Src/stm32g0xx_hal.o
                0x0000000020005138                uwTickPrio
 .data.uwTickFreq
                0x000000002000513c        0x1 Drivers/STM32G0xx_HAL_Driver/Src/stm32g0xx_hal.o
                0x000000002000513c                uwTickFreq
                0x0000000020005140                . = ALIGN (0x4)
 *fill*         0x000000002000513d        0x3 
                0x0000000020005140                _edata = .

.igot.plt       0x0000000020005140        0x0 load address 0x000000000800e750
 .igot.plt      0x0000000020005140        0x0 c:/st/stm32cubeide_1.2.0/stm32cubeide/plugins/com.st.stm32cube.ide.mcu.externaltools.gnu-tools-for-stm32.7-2018-q2-update.win32_1.5.0.202011040924/tools/bin/../lib/gcc/arm-none-eabi/7.3.1/thumb/v6-m/crtbegin.o
                0x0000000020005140                . = ALIGN (0x4)

.bss            0x0000000020005140      0x290 load address 0x000000000800e750
                0x0000000020005140                _sbss = .
                0x0000000020005140                __bss_start__ = _sbss
 *(.bss)
 .bss           0x0000000020005140       0x1c c:/st/stm32cubeide_1.2.0/stm32cubeide/plugins/com.st.stm32cube.ide.mcu.externaltools.gnu-tools-for-stm32.7-2018-q2-update.win32_1.5.0.202011040924/tools/bin/../lib/gcc/arm-none-eabi/7.3.1/thumb/v6-m/crtbegin.o
 *(.bss*)
 .bss.MEM_ID    0x000000002000515c        0x4 Core/Src/main.o
                0x000000002000515c                MEM_ID
 .bss.ByteReceived
                0x0000000020005160        0x1 Core/Src/main.o
                0x0000000020005160                ByteReceived
 .bss.firstByteReceived
                0x0000000020005161        0x1 Core/Src/main.o
                0x0000000020005161                firstByteReceived
 .bss.ind       0x0000000020005162        0x2 Core/Src/main.o
                0x0000000020005162                ind
 *(COMMON)
 COMMON         0x0000000020005164      0x265 Core/Src/main.o
                0x0000000020005164                tmp
                0x0000000020005168                dataASCII
                0x0000000020005178                hspi2
                0x00000000200051dc                uartData
                0x00000000200051f0                hi2c1
                0x000000002000523c                I2Cbuf
                0x0000000020005244                tmp_str
                0x000000002000524e                volume
                0x000000002000524f                currentUARTspeed
                0x0000000020005250                imX
                0x0000000020005254                hcomp1
                0x0000000020005284                ASCII_Y
                0x0000000020005288                imY
                0x000000002000528c                husart3
                0x00000000200052ec                contrast
                0x00000000200052f0                uartSpeed
                0x00000000200052f4                ASCIIcode
                0x00000000200052f8                Image
                0x00000000200052fc                htim1
                0x0000000020005348                my_test1
                0x0000000020005349                picNum
                0x000000002000534a                cmd2Execute
                0x000000002000534c                hi2s1
                0x0000000020005388                coala
                0x0000000020005389                strLen
                0x000000002000538c                ans
                0x00000000200053a0                numSound
                0x00000000200053a4                CommandID
                0x00000000200053a8                dt1
                0x00000000200053ac                dat2screen
                0x00000000200053b0                cmd
 *fill*         0x00000000200053c9        0x3 
 COMMON         0x00000000200053cc        0x4 Drivers/STM32G0xx_HAL_Driver/Src/stm32g0xx_hal.o
                0x00000000200053cc                uwTick
                0x00000000200053d0                . = ALIGN (0x4)
                0x00000000200053d0                _ebss = .
                0x00000000200053d0                __bss_end__ = _ebss

._user_heap_stack
                0x00000000200053d0      0x600 load address 0x000000000800e750
                0x00000000200053d0                . = ALIGN (0x8)
                0x00000000200053d0                PROVIDE (end = .)
                [!provide]                        PROVIDE (_end = .)
                0x00000000200055d0                . = (. + _Min_Heap_Size)
 *fill*         0x00000000200053d0      0x200 
                0x00000000200059d0                . = (. + _Min_Stack_Size)
 *fill*         0x00000000200055d0      0x400 
                0x00000000200059d0                . = ALIGN (0x8)

/DISCARD/
 libc.a(*)
 libm.a(*)
 libgcc.a(*)

.ARM.attributes
                0x0000000000000000       0x28
 *(.ARM.attributes)
 .ARM.attributes
                0x0000000000000000       0x1e c:/st/stm32cubeide_1.2.0/stm32cubeide/plugins/com.st.stm32cube.ide.mcu.externaltools.gnu-tools-for-stm32.7-2018-q2-update.win32_1.5.0.202011040924/tools/bin/../lib/gcc/arm-none-eabi/7.3.1/thumb/v6-m/crti.o
 .ARM.attributes
                0x000000000000001e       0x2c c:/st/stm32cubeide_1.2.0/stm32cubeide/plugins/com.st.stm32cube.ide.mcu.externaltools.gnu-tools-for-stm32.7-2018-q2-update.win32_1.5.0.202011040924/tools/bin/../lib/gcc/arm-none-eabi/7.3.1/thumb/v6-m/crtbegin.o
 .ARM.attributes
                0x000000000000004a       0x32 Core/Src/main.o
 .ARM.attributes
                0x000000000000007c       0x32 Core/Src/stm32g0xx_hal_msp.o
 .ARM.attributes
                0x00000000000000ae       0x32 Core/Src/stm32g0xx_it.o
 .ARM.attributes
                0x00000000000000e0       0x32 Core/Src/system_stm32g0xx.o
 .ARM.attributes
                0x0000000000000112       0x22 Core/Startup/startup_stm32g071kbtx.o
 .ARM.attributes
                0x0000000000000134       0x32 Drivers/STM32G0xx_HAL_Driver/Src/stm32g0xx_hal.o
 .ARM.attributes
                0x0000000000000166       0x32 Drivers/STM32G0xx_HAL_Driver/Src/stm32g0xx_hal_comp.o
 .ARM.attributes
                0x0000000000000198       0x32 Drivers/STM32G0xx_HAL_Driver/Src/stm32g0xx_hal_cortex.o
 .ARM.attributes
                0x00000000000001ca       0x32 Drivers/STM32G0xx_HAL_Driver/Src/stm32g0xx_hal_dma.o
 .ARM.attributes
                0x00000000000001fc       0x32 Drivers/STM32G0xx_HAL_Driver/Src/stm32g0xx_hal_gpio.o
 .ARM.attributes
                0x000000000000022e       0x32 Drivers/STM32G0xx_HAL_Driver/Src/stm32g0xx_hal_i2c.o
 .ARM.attributes
                0x0000000000000260       0x32 Drivers/STM32G0xx_HAL_Driver/Src/stm32g0xx_hal_i2c_ex.o
 .ARM.attributes
                0x0000000000000292       0x32 Drivers/STM32G0xx_HAL_Driver/Src/stm32g0xx_hal_i2s.o
 .ARM.attributes
                0x00000000000002c4       0x32 Drivers/STM32G0xx_HAL_Driver/Src/stm32g0xx_hal_pwr_ex.o
 .ARM.attributes
                0x00000000000002f6       0x32 Drivers/STM32G0xx_HAL_Driver/Src/stm32g0xx_hal_rcc.o
 .ARM.attributes
                0x0000000000000328       0x32 Drivers/STM32G0xx_HAL_Driver/Src/stm32g0xx_hal_rcc_ex.o
 .ARM.attributes
                0x000000000000035a       0x32 Drivers/STM32G0xx_HAL_Driver/Src/stm32g0xx_hal_spi.o
 .ARM.attributes
                0x000000000000038c       0x32 Drivers/STM32G0xx_HAL_Driver/Src/stm32g0xx_hal_tim.o
 .ARM.attributes
                0x00000000000003be       0x32 Drivers/STM32G0xx_HAL_Driver/Src/stm32g0xx_hal_tim_ex.o
 .ARM.attributes
                0x00000000000003f0       0x32 Drivers/STM32G0xx_HAL_Driver/Src/stm32g0xx_hal_usart.o
 .ARM.attributes
                0x0000000000000422       0x32 Drivers/STM32G0xx_HAL_Driver/Src/stm32g0xx_hal_usart_ex.o
 .ARM.attributes
                0x0000000000000454       0x32 Drivers/STM32G0xx_HAL_Driver/Src/stm32g0xx_ll_gpio.o
 .ARM.attributes
                0x0000000000000486       0x32 Drivers/STM32G0xx_HAL_Driver/Src/stm32g0xx_ll_rcc.o
 .ARM.attributes
                0x00000000000004b8       0x32 Drivers/STM32G0xx_HAL_Driver/Src/stm32g0xx_ll_usart.o
 .ARM.attributes
                0x00000000000004ea       0x2c c:/st/stm32cubeide_1.2.0/stm32cubeide/plugins/com.st.stm32cube.ide.mcu.externaltools.gnu-tools-for-stm32.7-2018-q2-update.win32_1.5.0.202011040924/tools/bin/../lib/gcc/arm-none-eabi/7.3.1/../../../../arm-none-eabi/lib/thumb/v6-m\libc_nano.a(lib_a-init.o)
 .ARM.attributes
                0x0000000000000516       0x2c c:/st/stm32cubeide_1.2.0/stm32cubeide/plugins/com.st.stm32cube.ide.mcu.externaltools.gnu-tools-for-stm32.7-2018-q2-update.win32_1.5.0.202011040924/tools/bin/../lib/gcc/arm-none-eabi/7.3.1/../../../../arm-none-eabi/lib/thumb/v6-m\libc_nano.a(lib_a-memset.o)
 .ARM.attributes
                0x0000000000000542       0x1e c:/st/stm32cubeide_1.2.0/stm32cubeide/plugins/com.st.stm32cube.ide.mcu.externaltools.gnu-tools-for-stm32.7-2018-q2-update.win32_1.5.0.202011040924/tools/bin/../lib/gcc/arm-none-eabi/7.3.1/thumb/v6-m\libgcc.a(_udivsi3.o)
 .ARM.attributes
                0x0000000000000560       0x1e c:/st/stm32cubeide_1.2.0/stm32cubeide/plugins/com.st.stm32cube.ide.mcu.externaltools.gnu-tools-for-stm32.7-2018-q2-update.win32_1.5.0.202011040924/tools/bin/../lib/gcc/arm-none-eabi/7.3.1/thumb/v6-m\libgcc.a(_dvmd_tls.o)
 .ARM.attributes
                0x000000000000057e       0x1e c:/st/stm32cubeide_1.2.0/stm32cubeide/plugins/com.st.stm32cube.ide.mcu.externaltools.gnu-tools-for-stm32.7-2018-q2-update.win32_1.5.0.202011040924/tools/bin/../lib/gcc/arm-none-eabi/7.3.1/thumb/v6-m/crtn.o
OUTPUT(IND_X.elf elf32-littlearm)

.debug_info     0x0000000000000000    0x18124
 .debug_info    0x0000000000000000     0x3718 Core/Src/main.o
 .debug_info    0x0000000000003718     0x1a56 Core/Src/stm32g0xx_hal_msp.o
 .debug_info    0x000000000000516e     0x1023 Core/Src/stm32g0xx_it.o
 .debug_info    0x0000000000006191      0x4b2 Core/Src/system_stm32g0xx.o
 .debug_info    0x0000000000006643       0x22 Core/Startup/startup_stm32g071kbtx.o
 .debug_info    0x0000000000006665      0xa9e Drivers/STM32G0xx_HAL_Driver/Src/stm32g0xx_hal.o
 .debug_info    0x0000000000007103      0x95a Drivers/STM32G0xx_HAL_Driver/Src/stm32g0xx_hal_comp.o
 .debug_info    0x0000000000007a5d      0x9d9 Drivers/STM32G0xx_HAL_Driver/Src/stm32g0xx_hal_cortex.o
 .debug_info    0x0000000000008436      0x966 Drivers/STM32G0xx_HAL_Driver/Src/stm32g0xx_hal_dma.o
 .debug_info    0x0000000000008d9c      0x70c Drivers/STM32G0xx_HAL_Driver/Src/stm32g0xx_hal_gpio.o
 .debug_info    0x00000000000094a8     0x212b Drivers/STM32G0xx_HAL_Driver/Src/stm32g0xx_hal_i2c.o
 .debug_info    0x000000000000b5d3      0xaee Drivers/STM32G0xx_HAL_Driver/Src/stm32g0xx_hal_i2c_ex.o
 .debug_info    0x000000000000c0c1      0xe75 Drivers/STM32G0xx_HAL_Driver/Src/stm32g0xx_hal_i2s.o
 .debug_info    0x000000000000cf36      0x8c7 Drivers/STM32G0xx_HAL_Driver/Src/stm32g0xx_hal_pwr_ex.o
 .debug_info    0x000000000000d7fd      0xb2f Drivers/STM32G0xx_HAL_Driver/Src/stm32g0xx_hal_rcc.o
 .debug_info    0x000000000000e32c      0x893 Drivers/STM32G0xx_HAL_Driver/Src/stm32g0xx_hal_rcc_ex.o
 .debug_info    0x000000000000ebbf     0x17b6 Drivers/STM32G0xx_HAL_Driver/Src/stm32g0xx_hal_spi.o
 .debug_info    0x0000000000010375     0x2a6e Drivers/STM32G0xx_HAL_Driver/Src/stm32g0xx_hal_tim.o
 .debug_info    0x0000000000012de3     0x178c Drivers/STM32G0xx_HAL_Driver/Src/stm32g0xx_hal_tim_ex.o
 .debug_info    0x000000000001456f     0x1719 Drivers/STM32G0xx_HAL_Driver/Src/stm32g0xx_hal_usart.o
 .debug_info    0x0000000000015c88      0xa4c Drivers/STM32G0xx_HAL_Driver/Src/stm32g0xx_hal_usart_ex.o
 .debug_info    0x00000000000166d4      0x731 Drivers/STM32G0xx_HAL_Driver/Src/stm32g0xx_ll_gpio.o
 .debug_info    0x0000000000016e05      0xa72 Drivers/STM32G0xx_HAL_Driver/Src/stm32g0xx_ll_rcc.o
 .debug_info    0x0000000000017877      0x8ad Drivers/STM32G0xx_HAL_Driver/Src/stm32g0xx_ll_usart.o

.debug_abbrev   0x0000000000000000     0x3097
 .debug_abbrev  0x0000000000000000      0x40b Core/Src/main.o
 .debug_abbrev  0x000000000000040b      0x203 Core/Src/stm32g0xx_hal_msp.o
 .debug_abbrev  0x000000000000060e      0x1ec Core/Src/stm32g0xx_it.o
 .debug_abbrev  0x00000000000007fa      0x147 Core/Src/system_stm32g0xx.o
 .debug_abbrev  0x0000000000000941       0x12 Core/Startup/startup_stm32g071kbtx.o
 .debug_abbrev  0x0000000000000953      0x242 Drivers/STM32G0xx_HAL_Driver/Src/stm32g0xx_hal.o
 .debug_abbrev  0x0000000000000b95      0x1ff Drivers/STM32G0xx_HAL_Driver/Src/stm32g0xx_hal_comp.o
 .debug_abbrev  0x0000000000000d94      0x28b Drivers/STM32G0xx_HAL_Driver/Src/stm32g0xx_hal_cortex.o
 .debug_abbrev  0x000000000000101f      0x200 Drivers/STM32G0xx_HAL_Driver/Src/stm32g0xx_hal_dma.o
 .debug_abbrev  0x000000000000121f      0x1b7 Drivers/STM32G0xx_HAL_Driver/Src/stm32g0xx_hal_gpio.o
 .debug_abbrev  0x00000000000013d6      0x248 Drivers/STM32G0xx_HAL_Driver/Src/stm32g0xx_hal_i2c.o
 .debug_abbrev  0x000000000000161e      0x1d5 Drivers/STM32G0xx_HAL_Driver/Src/stm32g0xx_hal_i2c_ex.o
 .debug_abbrev  0x00000000000017f3      0x239 Drivers/STM32G0xx_HAL_Driver/Src/stm32g0xx_hal_i2s.o
 .debug_abbrev  0x0000000000001a2c      0x217 Drivers/STM32G0xx_HAL_Driver/Src/stm32g0xx_hal_pwr_ex.o
 .debug_abbrev  0x0000000000001c43      0x211 Drivers/STM32G0xx_HAL_Driver/Src/stm32g0xx_hal_rcc.o
 .debug_abbrev  0x0000000000001e54      0x1d4 Drivers/STM32G0xx_HAL_Driver/Src/stm32g0xx_hal_rcc_ex.o
 .debug_abbrev  0x0000000000002028      0x237 Drivers/STM32G0xx_HAL_Driver/Src/stm32g0xx_hal_spi.o
 .debug_abbrev  0x000000000000225f      0x24e Drivers/STM32G0xx_HAL_Driver/Src/stm32g0xx_hal_tim.o
 .debug_abbrev  0x00000000000024ad      0x245 Drivers/STM32G0xx_HAL_Driver/Src/stm32g0xx_hal_tim_ex.o
 .debug_abbrev  0x00000000000026f2      0x23d Drivers/STM32G0xx_HAL_Driver/Src/stm32g0xx_hal_usart.o
 .debug_abbrev  0x000000000000292f      0x202 Drivers/STM32G0xx_HAL_Driver/Src/stm32g0xx_hal_usart_ex.o
 .debug_abbrev  0x0000000000002b31      0x1a2 Drivers/STM32G0xx_HAL_Driver/Src/stm32g0xx_ll_gpio.o
 .debug_abbrev  0x0000000000002cd3      0x1fb Drivers/STM32G0xx_HAL_Driver/Src/stm32g0xx_ll_rcc.o
 .debug_abbrev  0x0000000000002ece      0x1c9 Drivers/STM32G0xx_HAL_Driver/Src/stm32g0xx_ll_usart.o

.debug_aranges  0x0000000000000000     0x1848
 .debug_aranges
                0x0000000000000000      0x1b0 Core/Src/main.o
 .debug_aranges
                0x00000000000001b0       0x88 Core/Src/stm32g0xx_hal_msp.o
 .debug_aranges
                0x0000000000000238       0x90 Core/Src/stm32g0xx_it.o
 .debug_aranges
                0x00000000000002c8       0x28 Core/Src/system_stm32g0xx.o
 .debug_aranges
                0x00000000000002f0       0x28 Core/Startup/startup_stm32g071kbtx.o
 .debug_aranges
                0x0000000000000318      0x120 Drivers/STM32G0xx_HAL_Driver/Src/stm32g0xx_hal.o
 .debug_aranges
                0x0000000000000438       0xd8 Drivers/STM32G0xx_HAL_Driver/Src/stm32g0xx_hal_comp.o
 .debug_aranges
                0x0000000000000510       0xd8 Drivers/STM32G0xx_HAL_Driver/Src/stm32g0xx_hal_cortex.o
 .debug_aranges
                0x00000000000005e8       0x90 Drivers/STM32G0xx_HAL_Driver/Src/stm32g0xx_hal_dma.o
 .debug_aranges
                0x0000000000000678       0x60 Drivers/STM32G0xx_HAL_Driver/Src/stm32g0xx_hal_gpio.o
 .debug_aranges
                0x00000000000006d8      0x290 Drivers/STM32G0xx_HAL_Driver/Src/stm32g0xx_hal_i2c.o
 .debug_aranges
                0x0000000000000968       0x48 Drivers/STM32G0xx_HAL_Driver/Src/stm32g0xx_hal_i2c_ex.o
 .debug_aranges
                0x00000000000009b0      0x100 Drivers/STM32G0xx_HAL_Driver/Src/stm32g0xx_hal_i2s.o
 .debug_aranges
                0x0000000000000ab0       0xf0 Drivers/STM32G0xx_HAL_Driver/Src/stm32g0xx_hal_pwr_ex.o
 .debug_aranges
                0x0000000000000ba0       0x98 Drivers/STM32G0xx_HAL_Driver/Src/stm32g0xx_hal_rcc.o
 .debug_aranges
                0x0000000000000c38       0x40 Drivers/STM32G0xx_HAL_Driver/Src/stm32g0xx_hal_rcc_ex.o
 .debug_aranges
                0x0000000000000c78      0x1d8 Drivers/STM32G0xx_HAL_Driver/Src/stm32g0xx_hal_spi.o
 .debug_aranges
                0x0000000000000e50      0x3e0 Drivers/STM32G0xx_HAL_Driver/Src/stm32g0xx_hal_tim.o
 .debug_aranges
                0x0000000000001230      0x198 Drivers/STM32G0xx_HAL_Driver/Src/stm32g0xx_hal_tim_ex.o
 .debug_aranges
                0x00000000000013c8      0x1a0 Drivers/STM32G0xx_HAL_Driver/Src/stm32g0xx_hal_usart.o
 .debug_aranges
                0x0000000000001568       0x68 Drivers/STM32G0xx_HAL_Driver/Src/stm32g0xx_hal_usart_ex.o
 .debug_aranges
                0x00000000000015d0       0x70 Drivers/STM32G0xx_HAL_Driver/Src/stm32g0xx_ll_gpio.o
 .debug_aranges
                0x0000000000001640      0x178 Drivers/STM32G0xx_HAL_Driver/Src/stm32g0xx_ll_rcc.o
 .debug_aranges
                0x00000000000017b8       0x90 Drivers/STM32G0xx_HAL_Driver/Src/stm32g0xx_ll_usart.o

.debug_ranges   0x0000000000000000     0x16d0
 .debug_ranges  0x0000000000000000      0x1a0 Core/Src/main.o
 .debug_ranges  0x00000000000001a0       0x78 Core/Src/stm32g0xx_hal_msp.o
 .debug_ranges  0x0000000000000218       0x80 Core/Src/stm32g0xx_it.o
 .debug_ranges  0x0000000000000298       0x18 Core/Src/system_stm32g0xx.o
 .debug_ranges  0x00000000000002b0       0x20 Core/Startup/startup_stm32g071kbtx.o
 .debug_ranges  0x00000000000002d0      0x110 Drivers/STM32G0xx_HAL_Driver/Src/stm32g0xx_hal.o
 .debug_ranges  0x00000000000003e0       0xc8 Drivers/STM32G0xx_HAL_Driver/Src/stm32g0xx_hal_comp.o
 .debug_ranges  0x00000000000004a8       0xc8 Drivers/STM32G0xx_HAL_Driver/Src/stm32g0xx_hal_cortex.o
 .debug_ranges  0x0000000000000570       0x80 Drivers/STM32G0xx_HAL_Driver/Src/stm32g0xx_hal_dma.o
 .debug_ranges  0x00000000000005f0       0x50 Drivers/STM32G0xx_HAL_Driver/Src/stm32g0xx_hal_gpio.o
 .debug_ranges  0x0000000000000640      0x280 Drivers/STM32G0xx_HAL_Driver/Src/stm32g0xx_hal_i2c.o
 .debug_ranges  0x00000000000008c0       0x38 Drivers/STM32G0xx_HAL_Driver/Src/stm32g0xx_hal_i2c_ex.o
 .debug_ranges  0x00000000000008f8       0xf0 Drivers/STM32G0xx_HAL_Driver/Src/stm32g0xx_hal_i2s.o
 .debug_ranges  0x00000000000009e8       0xe0 Drivers/STM32G0xx_HAL_Driver/Src/stm32g0xx_hal_pwr_ex.o
 .debug_ranges  0x0000000000000ac8       0x88 Drivers/STM32G0xx_HAL_Driver/Src/stm32g0xx_hal_rcc.o
 .debug_ranges  0x0000000000000b50       0x30 Drivers/STM32G0xx_HAL_Driver/Src/stm32g0xx_hal_rcc_ex.o
 .debug_ranges  0x0000000000000b80      0x1c8 Drivers/STM32G0xx_HAL_Driver/Src/stm32g0xx_hal_spi.o
 .debug_ranges  0x0000000000000d48      0x3d0 Drivers/STM32G0xx_HAL_Driver/Src/stm32g0xx_hal_tim.o
 .debug_ranges  0x0000000000001118      0x188 Drivers/STM32G0xx_HAL_Driver/Src/stm32g0xx_hal_tim_ex.o
 .debug_ranges  0x00000000000012a0      0x190 Drivers/STM32G0xx_HAL_Driver/Src/stm32g0xx_hal_usart.o
 .debug_ranges  0x0000000000001430       0x58 Drivers/STM32G0xx_HAL_Driver/Src/stm32g0xx_hal_usart_ex.o
 .debug_ranges  0x0000000000001488       0x60 Drivers/STM32G0xx_HAL_Driver/Src/stm32g0xx_ll_gpio.o
 .debug_ranges  0x00000000000014e8      0x168 Drivers/STM32G0xx_HAL_Driver/Src/stm32g0xx_ll_rcc.o
 .debug_ranges  0x0000000000001650       0x80 Drivers/STM32G0xx_HAL_Driver/Src/stm32g0xx_ll_usart.o

.debug_macro    0x0000000000000000    0x1c36e
 .debug_macro   0x0000000000000000      0x4f0 Core/Src/main.o
 .debug_macro   0x00000000000004f0      0xa4e Core/Src/main.o
 .debug_macro   0x0000000000000f3e      0x135 Core/Src/main.o
 .debug_macro   0x0000000000001073       0x2e Core/Src/main.o
 .debug_macro   0x00000000000010a1       0x28 Core/Src/main.o
 .debug_macro   0x00000000000010c9       0x22 Core/Src/main.o
 .debug_macro   0x00000000000010eb       0x8e Core/Src/main.o
 .debug_macro   0x0000000000001179       0x51 Core/Src/main.o
 .debug_macro   0x00000000000011ca       0xef Core/Src/main.o
 .debug_macro   0x00000000000012b9       0x6a Core/Src/main.o
 .debug_macro   0x0000000000001323      0x1df Core/Src/main.o
 .debug_macro   0x0000000000001502       0x1c Core/Src/main.o
 .debug_macro   0x000000000000151e       0x22 Core/Src/main.o
 .debug_macro   0x0000000000001540       0xd7 Core/Src/main.o
 .debug_macro   0x0000000000001617      0x4da Core/Src/main.o
 .debug_macro   0x0000000000001af1      0x11f Core/Src/main.o
 .debug_macro   0x0000000000001c10     0xc4f2 Core/Src/main.o
 .debug_macro   0x000000000000e102       0x3c Core/Src/main.o
 .debug_macro   0x000000000000e13e     0x34b5 Core/Src/main.o
 .debug_macro   0x00000000000115f3      0x174 Core/Src/main.o
 .debug_macro   0x0000000000011767       0x5c Core/Src/main.o
 .debug_macro   0x00000000000117c3      0x57a Core/Src/main.o
 .debug_macro   0x0000000000011d3d     0x109d Core/Src/main.o
 .debug_macro   0x0000000000012dda      0x264 Core/Src/main.o
 .debug_macro   0x000000000001303e      0x153 Core/Src/main.o
 .debug_macro   0x0000000000013191      0x1d8 Core/Src/main.o
 .debug_macro   0x0000000000013369      0x426 Core/Src/main.o
 .debug_macro   0x000000000001378f      0x287 Core/Src/main.o
 .debug_macro   0x0000000000013a16      0x3a7 Core/Src/main.o
 .debug_macro   0x0000000000013dbd      0x1b2 Core/Src/main.o
 .debug_macro   0x0000000000013f6f       0x43 Core/Src/main.o
 .debug_macro   0x0000000000013fb2      0x1f1 Core/Src/main.o
 .debug_macro   0x00000000000141a3      0x1c1 Core/Src/main.o
 .debug_macro   0x0000000000014364      0x321 Core/Src/main.o
 .debug_macro   0x0000000000014685      0x1d7 Core/Src/main.o
 .debug_macro   0x000000000001485c      0x38a Core/Src/main.o
 .debug_macro   0x0000000000014be6       0x28 Core/Src/main.o
 .debug_macro   0x0000000000014c0e       0xe4 Core/Src/main.o
 .debug_macro   0x0000000000014cf2      0x22c Core/Src/main.o
 .debug_macro   0x0000000000014f1e       0x64 Core/Src/main.o
 .debug_macro   0x0000000000014f82       0xa5 Core/Src/main.o
 .debug_macro   0x0000000000015027      0x1c3 Core/Src/main.o
 .debug_macro   0x00000000000151ea      0x125 Core/Src/main.o
 .debug_macro   0x000000000001530f      0x240 Core/Src/main.o
 .debug_macro   0x000000000001554f      0x2fe Core/Src/main.o
 .debug_macro   0x000000000001584d      0xaad Core/Src/main.o
 .debug_macro   0x00000000000162fa      0x1a1 Core/Src/main.o
 .debug_macro   0x000000000001649b      0x359 Core/Src/main.o
 .debug_macro   0x00000000000167f4       0xb9 Core/Src/main.o
 .debug_macro   0x00000000000168ad      0x4f2 Core/Src/main.o
 .debug_macro   0x0000000000016d9f      0x40f Core/Src/main.o
 .debug_macro   0x00000000000171ae      0x141 Core/Src/main.o
 .debug_macro   0x00000000000172ef      0x132 Core/Src/main.o
 .debug_macro   0x0000000000017421      0x12b Core/Src/main.o
 .debug_macro   0x000000000001754c      0x175 Core/Src/main.o
 .debug_macro   0x00000000000176c1       0x5a Core/Src/main.o
 .debug_macro   0x000000000001771b      0x1cf Core/Src/main.o
 .debug_macro   0x00000000000178ea      0x100 Core/Src/main.o
 .debug_macro   0x00000000000179ea       0x46 Core/Src/main.o
 .debug_macro   0x0000000000017a30       0x18 Core/Src/main.o
 .debug_macro   0x0000000000017a48       0x3c Core/Src/main.o
 .debug_macro   0x0000000000017a84       0x34 Core/Src/main.o
 .debug_macro   0x0000000000017ab8       0x52 Core/Src/main.o
 .debug_macro   0x0000000000017b0a       0x1f Core/Src/main.o
 .debug_macro   0x0000000000017b29       0x43 Core/Src/main.o
 .debug_macro   0x0000000000017b6c       0x20 Core/Src/main.o
 .debug_macro   0x0000000000017b8c      0x1a3 Core/Src/main.o
 .debug_macro   0x0000000000017d2f      0x32a Core/Src/main.o
 .debug_macro   0x0000000000018059       0x10 Core/Src/main.o
 .debug_macro   0x0000000000018069       0x35 Core/Src/main.o
 .debug_macro   0x000000000001809e       0x20 Core/Src/main.o
 .debug_macro   0x00000000000180be       0x1c Core/Src/main.o
 .debug_macro   0x00000000000180da       0x10 Core/Src/main.o
 .debug_macro   0x00000000000180ea       0x10 Core/Src/main.o
 .debug_macro   0x00000000000180fa       0x1c Core/Src/main.o
 .debug_macro   0x0000000000018116       0x52 Core/Src/main.o
 .debug_macro   0x0000000000018168       0x40 Core/Src/main.o
 .debug_macro   0x00000000000181a8       0x10 Core/Src/main.o
 .debug_macro   0x00000000000181b8       0x40 Core/Src/main.o
 .debug_macro   0x00000000000181f8       0xd7 Core/Src/main.o
 .debug_macro   0x00000000000182cf       0x1c Core/Src/main.o
 .debug_macro   0x00000000000182eb       0x3d Core/Src/main.o
 .debug_macro   0x0000000000018328       0x16 Core/Src/main.o
 .debug_macro   0x000000000001833e      0x145 Core/Src/main.o
 .debug_macro   0x0000000000018483       0x16 Core/Src/main.o
 .debug_macro   0x0000000000018499       0x16 Core/Src/main.o
 .debug_macro   0x00000000000184af       0x29 Core/Src/main.o
 .debug_macro   0x00000000000184d8      0x28a Core/Src/stm32g0xx_hal_msp.o
 .debug_macro   0x0000000000018762      0x294 Core/Src/stm32g0xx_it.o
 .debug_macro   0x00000000000189f6      0x236 Core/Src/system_stm32g0xx.o
 .debug_macro   0x0000000000018c2c      0x254 Drivers/STM32G0xx_HAL_Driver/Src/stm32g0xx_hal.o
 .debug_macro   0x0000000000018e80      0x246 Drivers/STM32G0xx_HAL_Driver/Src/stm32g0xx_hal_comp.o
 .debug_macro   0x00000000000190c6      0x230 Drivers/STM32G0xx_HAL_Driver/Src/stm32g0xx_hal_cortex.o
 .debug_macro   0x00000000000192f6      0x230 Drivers/STM32G0xx_HAL_Driver/Src/stm32g0xx_hal_dma.o
 .debug_macro   0x0000000000019526      0x268 Drivers/STM32G0xx_HAL_Driver/Src/stm32g0xx_hal_gpio.o
 .debug_macro   0x000000000001978e      0x2f5 Drivers/STM32G0xx_HAL_Driver/Src/stm32g0xx_hal_i2c.o
 .debug_macro   0x0000000000019a83      0x230 Drivers/STM32G0xx_HAL_Driver/Src/stm32g0xx_hal_i2c_ex.o
 .debug_macro   0x0000000000019cb3      0x238 Drivers/STM32G0xx_HAL_Driver/Src/stm32g0xx_hal_i2s.o
 .debug_macro   0x0000000000019eeb      0x25a Drivers/STM32G0xx_HAL_Driver/Src/stm32g0xx_hal_pwr_ex.o
 .debug_macro   0x000000000001a145      0x26c Drivers/STM32G0xx_HAL_Driver/Src/stm32g0xx_hal_rcc.o
 .debug_macro   0x000000000001a3b1      0x248 Drivers/STM32G0xx_HAL_Driver/Src/stm32g0xx_hal_rcc_ex.o
 .debug_macro   0x000000000001a5f9      0x238 Drivers/STM32G0xx_HAL_Driver/Src/stm32g0xx_hal_spi.o
 .debug_macro   0x000000000001a831      0x238 Drivers/STM32G0xx_HAL_Driver/Src/stm32g0xx_hal_tim.o
 .debug_macro   0x000000000001aa69      0x236 Drivers/STM32G0xx_HAL_Driver/Src/stm32g0xx_hal_tim_ex.o
 .debug_macro   0x000000000001ac9f      0x262 Drivers/STM32G0xx_HAL_Driver/Src/stm32g0xx_hal_usart.o
 .debug_macro   0x000000000001af01      0x23c Drivers/STM32G0xx_HAL_Driver/Src/stm32g0xx_hal_usart_ex.o
 .debug_macro   0x000000000001b13d      0x272 Drivers/STM32G0xx_HAL_Driver/Src/stm32g0xx_ll_gpio.o
 .debug_macro   0x000000000001b3af      0x12c Drivers/STM32G0xx_HAL_Driver/Src/stm32g0xx_ll_gpio.o
 .debug_macro   0x000000000001b4db      0x270 Drivers/STM32G0xx_HAL_Driver/Src/stm32g0xx_ll_rcc.o
 .debug_macro   0x000000000001b74b      0x574 Drivers/STM32G0xx_HAL_Driver/Src/stm32g0xx_ll_rcc.o
 .debug_macro   0x000000000001bcbf      0x2a6 Drivers/STM32G0xx_HAL_Driver/Src/stm32g0xx_ll_usart.o
 .debug_macro   0x000000000001bf65      0x409 Drivers/STM32G0xx_HAL_Driver/Src/stm32g0xx_ll_usart.o

.debug_line     0x0000000000000000    0x153fe
 .debug_line    0x0000000000000000     0x151a Core/Src/main.o
 .debug_line    0x000000000000151a      0xa80 Core/Src/stm32g0xx_hal_msp.o
 .debug_line    0x0000000000001f9a      0xac5 Core/Src/stm32g0xx_it.o
 .debug_line    0x0000000000002a5f      0x8aa Core/Src/system_stm32g0xx.o
 .debug_line    0x0000000000003309       0x89 Core/Startup/startup_stm32g071kbtx.o
 .debug_line    0x0000000000003392      0xb07 Drivers/STM32G0xx_HAL_Driver/Src/stm32g0xx_hal.o
 .debug_line    0x0000000000003e99      0xb42 Drivers/STM32G0xx_HAL_Driver/Src/stm32g0xx_hal_comp.o
 .debug_line    0x00000000000049db      0xad3 Drivers/STM32G0xx_HAL_Driver/Src/stm32g0xx_hal_cortex.o
 .debug_line    0x00000000000054ae      0xaf6 Drivers/STM32G0xx_HAL_Driver/Src/stm32g0xx_hal_dma.o
 .debug_line    0x0000000000005fa4      0xa1b Drivers/STM32G0xx_HAL_Driver/Src/stm32g0xx_hal_gpio.o
 .debug_line    0x00000000000069bf     0x1c7b Drivers/STM32G0xx_HAL_Driver/Src/stm32g0xx_hal_i2c.o
 .debug_line    0x000000000000863a      0x9d2 Drivers/STM32G0xx_HAL_Driver/Src/stm32g0xx_hal_i2c_ex.o
 .debug_line    0x000000000000900c      0xcf3 Drivers/STM32G0xx_HAL_Driver/Src/stm32g0xx_hal_i2s.o
 .debug_line    0x0000000000009cff      0xae2 Drivers/STM32G0xx_HAL_Driver/Src/stm32g0xx_hal_pwr_ex.o
 .debug_line    0x000000000000a7e1      0xb85 Drivers/STM32G0xx_HAL_Driver/Src/stm32g0xx_hal_rcc.o
 .debug_line    0x000000000000b366      0xb23 Drivers/STM32G0xx_HAL_Driver/Src/stm32g0xx_hal_rcc_ex.o
 .debug_line    0x000000000000be89     0x130a Drivers/STM32G0xx_HAL_Driver/Src/stm32g0xx_hal_spi.o
 .debug_line    0x000000000000d193     0x2871 Drivers/STM32G0xx_HAL_Driver/Src/stm32g0xx_hal_tim.o
 .debug_line    0x000000000000fa04     0x16f9 Drivers/STM32G0xx_HAL_Driver/Src/stm32g0xx_hal_tim_ex.o
 .debug_line    0x00000000000110fd     0x16f8 Drivers/STM32G0xx_HAL_Driver/Src/stm32g0xx_hal_usart.o
 .debug_line    0x00000000000127f5      0xaef Drivers/STM32G0xx_HAL_Driver/Src/stm32g0xx_hal_usart_ex.o
 .debug_line    0x00000000000132e4      0x9c0 Drivers/STM32G0xx_HAL_Driver/Src/stm32g0xx_ll_gpio.o
 .debug_line    0x0000000000013ca4      0xd24 Drivers/STM32G0xx_HAL_Driver/Src/stm32g0xx_ll_rcc.o
 .debug_line    0x00000000000149c8      0xa36 Drivers/STM32G0xx_HAL_Driver/Src/stm32g0xx_ll_usart.o

.debug_str      0x0000000000000000    0xae06e
 .debug_str     0x0000000000000000    0xa7b21 Core/Src/main.o
                                      0xa87a4 (size before relaxing)
 .debug_str     0x00000000000a7b21      0x147 Core/Src/stm32g0xx_hal_msp.o
                                      0xa3702 (size before relaxing)
 .debug_str     0x00000000000a7c68      0x120 Core/Src/stm32g0xx_it.o
                                      0xa2fdf (size before relaxing)
 .debug_str     0x00000000000a7d88       0x77 Core/Src/system_stm32g0xx.o
                                      0x9d9b7 (size before relaxing)
 .debug_str     0x00000000000a7dff       0x36 Core/Startup/startup_stm32g071kbtx.o
                                         0x66 (size before relaxing)
 .debug_str     0x00000000000a7e35      0x4b8 Drivers/STM32G0xx_HAL_Driver/Src/stm32g0xx_hal.o
                                      0x9e0e0 (size before relaxing)
 .debug_str     0x00000000000a82ed      0x3a4 Drivers/STM32G0xx_HAL_Driver/Src/stm32g0xx_hal_comp.o
                                      0x9dddf (size before relaxing)
 .debug_str     0x00000000000a8691      0x24c Drivers/STM32G0xx_HAL_Driver/Src/stm32g0xx_hal_cortex.o
                                      0x9de35 (size before relaxing)
 .debug_str     0x00000000000a88dd      0x2b2 Drivers/STM32G0xx_HAL_Driver/Src/stm32g0xx_hal_dma.o
                                      0x9de00 (size before relaxing)
 .debug_str     0x00000000000a8b8f      0x211 Drivers/STM32G0xx_HAL_Driver/Src/stm32g0xx_hal_gpio.o
                                      0x9dbad (size before relaxing)
 .debug_str     0x00000000000a8da0      0xd2d Drivers/STM32G0xx_HAL_Driver/Src/stm32g0xx_hal_i2c.o
                                      0x9ec66 (size before relaxing)
 .debug_str     0x00000000000a9acd       0xa5 Drivers/STM32G0xx_HAL_Driver/Src/stm32g0xx_hal_i2c_ex.o
                                      0x9dfc5 (size before relaxing)
 .debug_str     0x00000000000a9b72      0x286 Drivers/STM32G0xx_HAL_Driver/Src/stm32g0xx_hal_i2s.o
                                      0x9dfa7 (size before relaxing)
 .debug_str     0x00000000000a9df8      0x39b Drivers/STM32G0xx_HAL_Driver/Src/stm32g0xx_hal_pwr_ex.o
                                      0x9de26 (size before relaxing)
 .debug_str     0x00000000000aa193      0x34e Drivers/STM32G0xx_HAL_Driver/Src/stm32g0xx_hal_rcc.o
                                      0x9df51 (size before relaxing)
 .debug_str     0x00000000000aa4e1      0x162 Drivers/STM32G0xx_HAL_Driver/Src/stm32g0xx_hal_rcc_ex.o
                                      0x9dcf9 (size before relaxing)
 .debug_str     0x00000000000aa643      0x538 Drivers/STM32G0xx_HAL_Driver/Src/stm32g0xx_hal_spi.o
                                      0x9e2fb (size before relaxing)
 .debug_str     0x00000000000aab7b      0xdb6 Drivers/STM32G0xx_HAL_Driver/Src/stm32g0xx_hal_tim.o
                                      0x9edfb (size before relaxing)
 .debug_str     0x00000000000ab931      0x591 Drivers/STM32G0xx_HAL_Driver/Src/stm32g0xx_hal_tim_ex.o
                                      0x9e76b (size before relaxing)
 .debug_str     0x00000000000abec2      0x76b Drivers/STM32G0xx_HAL_Driver/Src/stm32g0xx_hal_usart.o
                                      0x9e615 (size before relaxing)
 .debug_str     0x00000000000ac62d      0x1dd Drivers/STM32G0xx_HAL_Driver/Src/stm32g0xx_hal_usart_ex.o
                                      0x9df3a (size before relaxing)
 .debug_str     0x00000000000ac80a      0x54b Drivers/STM32G0xx_HAL_Driver/Src/stm32g0xx_ll_gpio.o
                                      0x9edaf (size before relaxing)
 .debug_str     0x00000000000acd55      0x846 Drivers/STM32G0xx_HAL_Driver/Src/stm32g0xx_ll_rcc.o
                                      0x9e1d9 (size before relaxing)
 .debug_str     0x00000000000ad59b      0xad3 Drivers/STM32G0xx_HAL_Driver/Src/stm32g0xx_ll_usart.o
                                      0xa0660 (size before relaxing)

.comment        0x0000000000000000       0x7b
 .comment       0x0000000000000000       0x7b Core/Src/main.o
                                         0x7c (size before relaxing)
 .comment       0x000000000000007b       0x7c Core/Src/stm32g0xx_hal_msp.o
 .comment       0x000000000000007b       0x7c Core/Src/stm32g0xx_it.o
 .comment       0x000000000000007b       0x7c Core/Src/system_stm32g0xx.o
 .comment       0x000000000000007b       0x7c Drivers/STM32G0xx_HAL_Driver/Src/stm32g0xx_hal.o
 .comment       0x000000000000007b       0x7c Drivers/STM32G0xx_HAL_Driver/Src/stm32g0xx_hal_comp.o
 .comment       0x000000000000007b       0x7c Drivers/STM32G0xx_HAL_Driver/Src/stm32g0xx_hal_cortex.o
 .comment       0x000000000000007b       0x7c Drivers/STM32G0xx_HAL_Driver/Src/stm32g0xx_hal_dma.o
 .comment       0x000000000000007b       0x7c Drivers/STM32G0xx_HAL_Driver/Src/stm32g0xx_hal_gpio.o
 .comment       0x000000000000007b       0x7c Drivers/STM32G0xx_HAL_Driver/Src/stm32g0xx_hal_i2c.o
 .comment       0x000000000000007b       0x7c Drivers/STM32G0xx_HAL_Driver/Src/stm32g0xx_hal_i2c_ex.o
 .comment       0x000000000000007b       0x7c Drivers/STM32G0xx_HAL_Driver/Src/stm32g0xx_hal_i2s.o
 .comment       0x000000000000007b       0x7c Drivers/STM32G0xx_HAL_Driver/Src/stm32g0xx_hal_pwr_ex.o
 .comment       0x000000000000007b       0x7c Drivers/STM32G0xx_HAL_Driver/Src/stm32g0xx_hal_rcc.o
 .comment       0x000000000000007b       0x7c Drivers/STM32G0xx_HAL_Driver/Src/stm32g0xx_hal_rcc_ex.o
 .comment       0x000000000000007b       0x7c Drivers/STM32G0xx_HAL_Driver/Src/stm32g0xx_hal_spi.o
 .comment       0x000000000000007b       0x7c Drivers/STM32G0xx_HAL_Driver/Src/stm32g0xx_hal_tim.o
 .comment       0x000000000000007b       0x7c Drivers/STM32G0xx_HAL_Driver/Src/stm32g0xx_hal_tim_ex.o
 .comment       0x000000000000007b       0x7c Drivers/STM32G0xx_HAL_Driver/Src/stm32g0xx_hal_usart.o
 .comment       0x000000000000007b       0x7c Drivers/STM32G0xx_HAL_Driver/Src/stm32g0xx_hal_usart_ex.o
 .comment       0x000000000000007b       0x7c Drivers/STM32G0xx_HAL_Driver/Src/stm32g0xx_ll_gpio.o
 .comment       0x000000000000007b       0x7c Drivers/STM32G0xx_HAL_Driver/Src/stm32g0xx_ll_rcc.o
 .comment       0x000000000000007b       0x7c Drivers/STM32G0xx_HAL_Driver/Src/stm32g0xx_ll_usart.o

.debug_frame    0x0000000000000000     0x58a0
 .debug_frame   0x0000000000000000      0x654 Core/Src/main.o
 .debug_frame   0x0000000000000654      0x1d0 Core/Src/stm32g0xx_hal_msp.o
 .debug_frame   0x0000000000000824      0x1c8 Core/Src/stm32g0xx_it.o
 .debug_frame   0x00000000000009ec       0x4c Core/Src/system_stm32g0xx.o
 .debug_frame   0x0000000000000a38      0x3dc Drivers/STM32G0xx_HAL_Driver/Src/stm32g0xx_hal.o
 .debug_frame   0x0000000000000e14      0x310 Drivers/STM32G0xx_HAL_Driver/Src/stm32g0xx_hal_comp.o
 .debug_frame   0x0000000000001124      0x2fc Drivers/STM32G0xx_HAL_Driver/Src/stm32g0xx_hal_cortex.o
 .debug_frame   0x0000000000001420      0x1f0 Drivers/STM32G0xx_HAL_Driver/Src/stm32g0xx_hal_dma.o
 .debug_frame   0x0000000000001610      0x130 Drivers/STM32G0xx_HAL_Driver/Src/stm32g0xx_hal_gpio.o
 .debug_frame   0x0000000000001740      0xa20 Drivers/STM32G0xx_HAL_Driver/Src/stm32g0xx_hal_i2c.o
 .debug_frame   0x0000000000002160       0xd0 Drivers/STM32G0xx_HAL_Driver/Src/stm32g0xx_hal_i2c_ex.o
 .debug_frame   0x0000000000002230      0x3b0 Drivers/STM32G0xx_HAL_Driver/Src/stm32g0xx_hal_i2s.o
 .debug_frame   0x00000000000025e0      0x32c Drivers/STM32G0xx_HAL_Driver/Src/stm32g0xx_hal_pwr_ex.o
 .debug_frame   0x000000000000290c      0x1f4 Drivers/STM32G0xx_HAL_Driver/Src/stm32g0xx_hal_rcc.o
 .debug_frame   0x0000000000002b00       0xb0 Drivers/STM32G0xx_HAL_Driver/Src/stm32g0xx_hal_rcc_ex.o
 .debug_frame   0x0000000000002bb0      0x710 Drivers/STM32G0xx_HAL_Driver/Src/stm32g0xx_hal_spi.o
 .debug_frame   0x00000000000032c0      0xf30 Drivers/STM32G0xx_HAL_Driver/Src/stm32g0xx_hal_tim.o
 .debug_frame   0x00000000000041f0      0x610 Drivers/STM32G0xx_HAL_Driver/Src/stm32g0xx_hal_tim_ex.o
 .debug_frame   0x0000000000004800      0x634 Drivers/STM32G0xx_HAL_Driver/Src/stm32g0xx_hal_usart.o
 .debug_frame   0x0000000000004e34      0x154 Drivers/STM32G0xx_HAL_Driver/Src/stm32g0xx_hal_usart_ex.o
 .debug_frame   0x0000000000004f88      0x170 Drivers/STM32G0xx_HAL_Driver/Src/stm32g0xx_ll_gpio.o
 .debug_frame   0x00000000000050f8      0x54c Drivers/STM32G0xx_HAL_Driver/Src/stm32g0xx_ll_rcc.o
 .debug_frame   0x0000000000005644      0x1f0 Drivers/STM32G0xx_HAL_Driver/Src/stm32g0xx_ll_usart.o
 .debug_frame   0x0000000000005834       0x2c c:/st/stm32cubeide_1.2.0/stm32cubeide/plugins/com.st.stm32cube.ide.mcu.externaltools.gnu-tools-for-stm32.7-2018-q2-update.win32_1.5.0.202011040924/tools/bin/../lib/gcc/arm-none-eabi/7.3.1/../../../../arm-none-eabi/lib/thumb/v6-m\libc_nano.a(lib_a-init.o)
 .debug_frame   0x0000000000005860       0x20 c:/st/stm32cubeide_1.2.0/stm32cubeide/plugins/com.st.stm32cube.ide.mcu.externaltools.gnu-tools-for-stm32.7-2018-q2-update.win32_1.5.0.202011040924/tools/bin/../lib/gcc/arm-none-eabi/7.3.1/../../../../arm-none-eabi/lib/thumb/v6-m\libc_nano.a(lib_a-memset.o)
 .debug_frame   0x0000000000005880       0x20 c:/st/stm32cubeide_1.2.0/stm32cubeide/plugins/com.st.stm32cube.ide.mcu.externaltools.gnu-tools-for-stm32.7-2018-q2-update.win32_1.5.0.202011040924/tools/bin/../lib/gcc/arm-none-eabi/7.3.1/thumb/v6-m\libgcc.a(_udivsi3.o)
