../Drivers/STM32G0xx_HAL_Driver/Src/stm32g0xx_hal_usart.c:276:19:HAL_USART_Init	16	static
../Drivers/STM32G0xx_HAL_Driver/Src/stm32g0xx_hal_usart.c:338:19:HAL_USART_DeInit	16	static
../Drivers/STM32G0xx_HAL_Driver/Src/stm32g0xx_hal_usart.c:381:13:HAL_USART_MspInit	16	static
../Drivers/STM32G0xx_HAL_Driver/Src/stm32g0xx_hal_usart.c:396:13:HAL_USART_MspDeInit	16	static
../Drivers/STM32G0xx_HAL_Driver/Src/stm32g0xx_hal_usart.c:756:19:HAL_USART_Transmit	48	static
../Drivers/STM32G0xx_HAL_Driver/Src/stm32g0xx_hal_usart.c:869:19:HAL_USART_Receive	48	static
../Drivers/STM32G0xx_HAL_Driver/Src/stm32g0xx_hal_usart.c:996:19:HAL_USART_TransmitReceive	64	static
../Drivers/STM32G0xx_HAL_Driver/Src/stm32g0xx_hal_usart.c:1158:19:HAL_USART_Transmit_IT	24	static
../Drivers/STM32G0xx_HAL_Driver/Src/stm32g0xx_hal_usart.c:1256:19:HAL_USART_Receive_IT	32	static
../Drivers/STM32G0xx_HAL_Driver/Src/stm32g0xx_hal_usart.c:1385:19:HAL_USART_TransmitReceive_IT	24	static
../Drivers/STM32G0xx_HAL_Driver/Src/stm32g0xx_hal_usart.c:1509:19:HAL_USART_Transmit_DMA	40	static
../Drivers/STM32G0xx_HAL_Driver/Src/stm32g0xx_hal_usart.c:1610:19:HAL_USART_Receive_DMA	40	static
../Drivers/STM32G0xx_HAL_Driver/Src/stm32g0xx_hal_usart.c:1746:19:HAL_USART_TransmitReceive_DMA	40	static
../Drivers/STM32G0xx_HAL_Driver/Src/stm32g0xx_hal_usart.c:1877:19:HAL_USART_DMAPause	24	static
../Drivers/STM32G0xx_HAL_Driver/Src/stm32g0xx_hal_usart.c:1924:19:HAL_USART_DMAResume	24	static
../Drivers/STM32G0xx_HAL_Driver/Src/stm32g0xx_hal_usart.c:1971:19:HAL_USART_DMAStop	16	static
../Drivers/STM32G0xx_HAL_Driver/Src/stm32g0xx_hal_usart.c:2031:19:HAL_USART_Abort	16	static
../Drivers/STM32G0xx_HAL_Driver/Src/stm32g0xx_hal_usart.c:2129:19:HAL_USART_Abort_IT	24	static
../Drivers/STM32G0xx_HAL_Driver/Src/stm32g0xx_hal_usart.c:2261:6:HAL_USART_IRQHandler	40	static
../Drivers/STM32G0xx_HAL_Driver/Src/stm32g0xx_hal_usart.c:2501:13:HAL_USART_TxCpltCallback	16	static
../Drivers/STM32G0xx_HAL_Driver/Src/stm32g0xx_hal_usart.c:2516:13:HAL_USART_TxHalfCpltCallback	16	static
../Drivers/STM32G0xx_HAL_Driver/Src/stm32g0xx_hal_usart.c:2531:13:HAL_USART_RxCpltCallback	16	static
../Drivers/STM32G0xx_HAL_Driver/Src/stm32g0xx_hal_usart.c:2546:13:HAL_USART_RxHalfCpltCallback	16	static
../Drivers/STM32G0xx_HAL_Driver/Src/stm32g0xx_hal_usart.c:2561:13:HAL_USART_TxRxCpltCallback	16	static
../Drivers/STM32G0xx_HAL_Driver/Src/stm32g0xx_hal_usart.c:2576:13:HAL_USART_ErrorCallback	16	static
../Drivers/STM32G0xx_HAL_Driver/Src/stm32g0xx_hal_usart.c:2591:13:HAL_USART_AbortCpltCallback	16	static
../Drivers/STM32G0xx_HAL_Driver/Src/stm32g0xx_hal_usart.c:2628:24:HAL_USART_GetState	16	static
../Drivers/STM32G0xx_HAL_Driver/Src/stm32g0xx_hal_usart.c:2639:10:HAL_USART_GetError	16	static
../Drivers/STM32G0xx_HAL_Driver/Src/stm32g0xx_hal_usart.c:2682:13:USART_EndTransfer	16	static
../Drivers/STM32G0xx_HAL_Driver/Src/stm32g0xx_hal_usart.c:2698:13:USART_DMATransmitCplt	24	static
../Drivers/STM32G0xx_HAL_Driver/Src/stm32g0xx_hal_usart.c:2738:13:USART_DMATxHalfCplt	24	static
../Drivers/STM32G0xx_HAL_Driver/Src/stm32g0xx_hal_usart.c:2756:13:USART_DMAReceiveCplt	24	static
../Drivers/STM32G0xx_HAL_Driver/Src/stm32g0xx_hal_usart.c:2831:13:USART_DMARxHalfCplt	24	static
../Drivers/STM32G0xx_HAL_Driver/Src/stm32g0xx_hal_usart.c:2849:13:USART_DMAError	24	static
../Drivers/STM32G0xx_HAL_Driver/Src/stm32g0xx_hal_usart.c:2875:13:USART_DMAAbortOnError	24	static
../Drivers/STM32G0xx_HAL_Driver/Src/stm32g0xx_hal_usart.c:2898:13:USART_DMATxAbortCallback	24	static
../Drivers/STM32G0xx_HAL_Driver/Src/stm32g0xx_hal_usart.c:2946:13:USART_DMARxAbortCallback	24	static
../Drivers/STM32G0xx_HAL_Driver/Src/stm32g0xx_hal_usart.c:2995:26:USART_WaitOnFlagUntilTimeout	24	static
../Drivers/STM32G0xx_HAL_Driver/Src/stm32g0xx_hal_usart.c:3023:26:USART_SetConfig	40	static
../Drivers/STM32G0xx_HAL_Driver/Src/stm32g0xx_hal_usart.c:3123:26:USART_CheckIdleState	32	static
../Drivers/STM32G0xx_HAL_Driver/Src/stm32g0xx_hal_usart.c:3173:13:USART_TxISR_8BIT	24	static
../Drivers/STM32G0xx_HAL_Driver/Src/stm32g0xx_hal_usart.c:3208:13:USART_TxISR_16BIT	24	static
../Drivers/STM32G0xx_HAL_Driver/Src/stm32g0xx_hal_usart.c:3244:13:USART_TxISR_8BIT_FIFOEN	24	static
../Drivers/STM32G0xx_HAL_Driver/Src/stm32g0xx_hal_usart.c:3289:13:USART_TxISR_16BIT_FIFOEN	24	static
../Drivers/STM32G0xx_HAL_Driver/Src/stm32g0xx_hal_usart.c:3332:13:USART_EndTransmit_IT	16	static
../Drivers/STM32G0xx_HAL_Driver/Src/stm32g0xx_hal_usart.c:3389:13:USART_RxISR_8BIT	32	static
../Drivers/STM32G0xx_HAL_Driver/Src/stm32g0xx_hal_usart.c:3480:13:USART_RxISR_16BIT	32	static
../Drivers/STM32G0xx_HAL_Driver/Src/stm32g0xx_hal_usart.c:3573:13:USART_RxISR_8BIT_FIFOEN	32	static
../Drivers/STM32G0xx_HAL_Driver/Src/stm32g0xx_hal_usart.c:3706:13:USART_RxISR_16BIT_FIFOEN	40	static
