../Drivers/STM32G0xx_HAL_Driver/Src/stm32g0xx_hal_usart.c:275:19:HAL_USART_Init	16	static
../Drivers/STM32G0xx_HAL_Driver/Src/stm32g0xx_hal_usart.c:336:19:HAL_USART_DeInit	16	static
../Drivers/STM32G0xx_HAL_Driver/Src/stm32g0xx_hal_usart.c:379:13:HAL_USART_MspInit	16	static
../Drivers/STM32G0xx_HAL_Driver/Src/stm32g0xx_hal_usart.c:394:13:HAL_USART_MspDeInit	16	static
../Drivers/STM32G0xx_HAL_Driver/Src/stm32g0xx_hal_usart.c:750:19:HAL_USART_Transmit	48	static
../Drivers/STM32G0xx_HAL_Driver/Src/stm32g0xx_hal_usart.c:862:19:HAL_USART_Receive	48	static
../Drivers/STM32G0xx_HAL_Driver/Src/stm32g0xx_hal_usart.c:989:19:HAL_USART_TransmitReceive	64	static
../Drivers/STM32G0xx_HAL_Driver/Src/stm32g0xx_hal_usart.c:1151:19:HAL_USART_Transmit_IT	24	static
../Drivers/STM32G0xx_HAL_Driver/Src/stm32g0xx_hal_usart.c:1249:19:HAL_USART_Receive_IT	32	static
../Drivers/STM32G0xx_HAL_Driver/Src/stm32g0xx_hal_usart.c:1368:19:HAL_USART_TransmitReceive_IT	24	static
../Drivers/STM32G0xx_HAL_Driver/Src/stm32g0xx_hal_usart.c:1481:19:HAL_USART_Transmit_DMA	40	static
../Drivers/STM32G0xx_HAL_Driver/Src/stm32g0xx_hal_usart.c:1581:19:HAL_USART_Receive_DMA	40	static
../Drivers/STM32G0xx_HAL_Driver/Src/stm32g0xx_hal_usart.c:1713:19:HAL_USART_TransmitReceive_DMA	40	static
../Drivers/STM32G0xx_HAL_Driver/Src/stm32g0xx_hal_usart.c:1841:19:HAL_USART_DMAPause	24	static
../Drivers/STM32G0xx_HAL_Driver/Src/stm32g0xx_hal_usart.c:1888:19:HAL_USART_DMAResume	24	static
../Drivers/STM32G0xx_HAL_Driver/Src/stm32g0xx_hal_usart.c:1932:19:HAL_USART_DMAStop	16	static
../Drivers/STM32G0xx_HAL_Driver/Src/stm32g0xx_hal_usart.c:1992:19:HAL_USART_Abort	16	static
../Drivers/STM32G0xx_HAL_Driver/Src/stm32g0xx_hal_usart.c:2088:19:HAL_USART_Abort_IT	24	static
../Drivers/STM32G0xx_HAL_Driver/Src/stm32g0xx_hal_usart.c:2219:6:HAL_USART_IRQHandler	40	static
../Drivers/STM32G0xx_HAL_Driver/Src/stm32g0xx_hal_usart.c:2449:13:HAL_USART_TxCpltCallback	16	static
../Drivers/STM32G0xx_HAL_Driver/Src/stm32g0xx_hal_usart.c:2464:13:HAL_USART_TxHalfCpltCallback	16	static
../Drivers/STM32G0xx_HAL_Driver/Src/stm32g0xx_hal_usart.c:2479:13:HAL_USART_RxCpltCallback	16	static
../Drivers/STM32G0xx_HAL_Driver/Src/stm32g0xx_hal_usart.c:2494:13:HAL_USART_RxHalfCpltCallback	16	static
../Drivers/STM32G0xx_HAL_Driver/Src/stm32g0xx_hal_usart.c:2509:13:HAL_USART_TxRxCpltCallback	16	static
../Drivers/STM32G0xx_HAL_Driver/Src/stm32g0xx_hal_usart.c:2524:13:HAL_USART_ErrorCallback	16	static
../Drivers/STM32G0xx_HAL_Driver/Src/stm32g0xx_hal_usart.c:2539:13:HAL_USART_AbortCpltCallback	16	static
../Drivers/STM32G0xx_HAL_Driver/Src/stm32g0xx_hal_usart.c:2576:24:HAL_USART_GetState	16	static
../Drivers/STM32G0xx_HAL_Driver/Src/stm32g0xx_hal_usart.c:2587:10:HAL_USART_GetError	16	static
../Drivers/STM32G0xx_HAL_Driver/Src/stm32g0xx_hal_usart.c:2630:13:USART_EndTransfer	16	static
../Drivers/STM32G0xx_HAL_Driver/Src/stm32g0xx_hal_usart.c:2646:13:USART_DMATransmitCplt	24	static
../Drivers/STM32G0xx_HAL_Driver/Src/stm32g0xx_hal_usart.c:2686:13:USART_DMATxHalfCplt	24	static
../Drivers/STM32G0xx_HAL_Driver/Src/stm32g0xx_hal_usart.c:2704:13:USART_DMAReceiveCplt	24	static
../Drivers/STM32G0xx_HAL_Driver/Src/stm32g0xx_hal_usart.c:2779:13:USART_DMARxHalfCplt	24	static
../Drivers/STM32G0xx_HAL_Driver/Src/stm32g0xx_hal_usart.c:2797:13:USART_DMAError	24	static
../Drivers/STM32G0xx_HAL_Driver/Src/stm32g0xx_hal_usart.c:2823:13:USART_DMAAbortOnError	24	static
../Drivers/STM32G0xx_HAL_Driver/Src/stm32g0xx_hal_usart.c:2846:13:USART_DMATxAbortCallback	24	static
../Drivers/STM32G0xx_HAL_Driver/Src/stm32g0xx_hal_usart.c:2894:13:USART_DMARxAbortCallback	24	static
../Drivers/STM32G0xx_HAL_Driver/Src/stm32g0xx_hal_usart.c:2942:26:USART_WaitOnFlagUntilTimeout	24	static
../Drivers/STM32G0xx_HAL_Driver/Src/stm32g0xx_hal_usart.c:2970:26:USART_SetConfig	40	static
../Drivers/STM32G0xx_HAL_Driver/Src/stm32g0xx_hal_usart.c:3070:26:USART_CheckIdleState	32	static
../Drivers/STM32G0xx_HAL_Driver/Src/stm32g0xx_hal_usart.c:3120:13:USART_TxISR_8BIT	24	static
../Drivers/STM32G0xx_HAL_Driver/Src/stm32g0xx_hal_usart.c:3155:13:USART_TxISR_16BIT	24	static
../Drivers/STM32G0xx_HAL_Driver/Src/stm32g0xx_hal_usart.c:3191:13:USART_TxISR_8BIT_FIFOEN	24	static
../Drivers/STM32G0xx_HAL_Driver/Src/stm32g0xx_hal_usart.c:3236:13:USART_TxISR_16BIT_FIFOEN	24	static
../Drivers/STM32G0xx_HAL_Driver/Src/stm32g0xx_hal_usart.c:3279:13:USART_EndTransmit_IT	16	static
../Drivers/STM32G0xx_HAL_Driver/Src/stm32g0xx_hal_usart.c:3336:13:USART_RxISR_8BIT	32	static
../Drivers/STM32G0xx_HAL_Driver/Src/stm32g0xx_hal_usart.c:3427:13:USART_RxISR_16BIT	32	static
../Drivers/STM32G0xx_HAL_Driver/Src/stm32g0xx_hal_usart.c:3520:13:USART_RxISR_8BIT_FIFOEN	32	static
../Drivers/STM32G0xx_HAL_Driver/Src/stm32g0xx_hal_usart.c:3652:13:USART_RxISR_16BIT_FIFOEN	40	static
