../Drivers/CMSIS/Include/core_cm0plus.h:741:22:__NVIC_EnableIRQ	16	static,ignoring_inline_asm
../Drivers/CMSIS/Include/core_cm0plus.h:850:22:__NVIC_SetPriority	24	static
../Drivers/STM32G0xx_HAL_Driver/Inc/stm32g0xx_ll_usart.h:616:22:LL_USART_Enable	16	static
../Drivers/STM32G0xx_HAL_Driver/Inc/stm32g0xx_ll_usart.h:667:22:LL_USART_DisableFIFO	16	static
../Drivers/STM32G0xx_HAL_Driver/Inc/stm32g0xx_ll_usart.h:700:22:LL_USART_SetTXFIFOThreshold	16	static
../Drivers/STM32G0xx_HAL_Driver/Inc/stm32g0xx_ll_usart.h:739:22:LL_USART_SetRXFIFOThreshold	16	static
../Drivers/STM32G0xx_HAL_Driver/Inc/stm32g0xx_ll_usart.h:2650:22:LL_USART_ConfigAsyncMode	16	static
../Drivers/STM32G0xx_HAL_Driver/Inc/stm32g0xx_ll_usart.h:3165:26:LL_USART_IsActiveFlag_TEACK	16	static
../Drivers/STM32G0xx_HAL_Driver/Inc/stm32g0xx_ll_usart.h:3176:26:LL_USART_IsActiveFlag_REACK	16	static
../Drivers/STM32G0xx_HAL_Driver/Inc/stm32g0xx_ll_usart.h:3451:22:LL_USART_EnableIT_RXNE_RXFNE	16	static
../Drivers/STM32G0xx_HAL_Driver/Inc/stm32g0xx_ll_usart.h:3576:22:LL_USART_EnableIT_ERROR	16	static
../Drivers/STM32G0xx_HAL_Driver/Inc/stm32g0xx_ll_usart.h:4240:26:LL_USART_ReceiveData9	16	static
../Drivers/STM32G0xx_HAL_Driver/Inc/stm32g0xx_ll_system.h:463:22:LL_SYSCFG_EnableFastModePlus	16	static
../Drivers/STM32G0xx_HAL_Driver/Inc/stm32g0xx_ll_gpio.h:858:22:LL_GPIO_SetOutputPin	16	static
../Drivers/STM32G0xx_HAL_Driver/Inc/stm32g0xx_ll_gpio.h:887:22:LL_GPIO_ResetOutputPin	16	static
../Drivers/STM32G0xx_HAL_Driver/Inc/stm32g0xx_ll_bus.h:469:22:LL_APB1_GRP1_EnableClock	24	static
../Drivers/STM32G0xx_HAL_Driver/Inc/stm32g0xx_ll_bus.h:1141:22:LL_IOP_GRP1_EnableClock	24	static
../Core/Src/main.c:302:5:main	64	static
../Core/Src/main.c:490:6:SystemClock_Config	144	static
../Core/Src/main.c:548:13:MX_COMP1_Init	8	static
../Core/Src/main.c:583:13:MX_I2C1_Init	8	static
../Core/Src/main.c:629:13:MX_I2S1_Init	8	static
../Core/Src/main.c:661:13:MX_SPI2_Init	8	static
../Core/Src/main.c:701:13:MX_TIM1_Init	128	static
../Core/Src/main.c:796:13:MX_USART2_UART_Init	72	static
../Core/Src/main.c:873:13:MX_USART3_Init	8	static
../Core/Src/main.c:910:13:MX_DMA_Init	16	static
../Core/Src/main.c:934:13:MX_GPIO_Init	32	static
../Core/Src/main.c:1076:7:USART2_RX_Callback	8	static
../Core/Src/main.c:1094:6:HAL_SPI_RxHalfCpltCallback	16	static
../Core/Src/main.c:1113:6:HAL_SPI_RxCpltCallback	16	static
../Core/Src/main.c:1123:6:HAL_USART_TxCpltCallback	16	static
../Core/Src/main.c:1132:6:HAL_SPI_TxCpltCallback	16	static
../Core/Src/main.c:1140:6:HAL_I2S_TxCpltCallback	16	static
../Core/Src/main.c:1165:7:cmdReceive	24	static
../Core/Src/main.c:1202:7:USART_AS_SPI_sendCMD	16	static
../Core/Src/main.c:1205:7:USART_AS_SPI_sendDAT	16	static
../Core/Src/main.c:1209:7:weoInit	8	static
../Core/Src/main.c:1240:7:weoClear	16	static
../Core/Src/main.c:1261:7:weoDrawRectangleFilled	40	static
../Core/Src/main.c:1307:7:weoDrawRectangleInit	40	static
../Core/Src/main.c:1332:7:weoReset	8	static
../Core/Src/main.c:1339:7:I2C_SOUND_ChangePage	32	static
../Core/Src/main.c:1343:7:WriteReg_I2C_SOUND	32	static
../Core/Src/main.c:1347:7:soundSetup	8	static
../Core/Src/main.c:1389:10:answer2CPU	24	static
../Core/Src/main.c:1618:7:MEM_Reset	16	static,ignoring_inline_asm
../Core/Src/main.c:1644:10:weoShowFullScreen	8240	static
../Core/Src/main.c:1674:10:weoShowFullScreenDMA	8232	static
../Core/Src/main.c:1705:10:weoShowSmallImage	8248	static
../Core/Src/main.c:1766:10:weoShowSmallImageDMA	8248	static
../Core/Src/main.c:1812:10:soundPlay	8256	static
../Core/Src/main.c:1862:7:MEM_Write	32	static,ignoring_inline_asm
../Core/Src/main.c:1888:11:MEM_GetID	16	static
../Core/Src/main.c:1905:7:MEM_EraseImg	32	static,ignoring_inline_asm
../Core/Src/main.c:1934:11:Scount	8	static
../Core/Src/main.c:1939:10:cmdExecute	32	static
../Core/Src/main.c:2057:10:printASCIIarray	432	dynamic
../Core/Src/main.c:2207:7:squeak_generate	40	static
../Core/Src/main.c:2217:7:squeak_single	16	static
../Core/Src/main.c:2236:7:squeak_long	16	static
../Core/Src/main.c:2261:7:squeak_double	16	static
../Core/Src/main.c:2277:7:squeak_triple	16	static
../Core/Src/main.c:2298:7:LIS3DHsendCMD	32	static
../Core/Src/main.c:2303:10:LIS3DHreadReg	48	static
../Core/Src/main.c:2339:7:LIS3DHsetup	16	static
../Core/Src/main.c:2360:7:GPIO_2_3state	8	static
../Core/Src/main.c:2428:6:Error_Handler	8	static
