core_cm0plus.h:741:22:__NVIC_EnableIRQ	16	static,ignoring_inline_asm
core_cm0plus.h:850:22:__NVIC_SetPriority	24	static
stm32g0xx_ll_usart.h:616:22:LL_USART_Enable	16	static
stm32g0xx_ll_usart.h:667:22:LL_USART_DisableFIFO	16	static
stm32g0xx_ll_usart.h:700:22:LL_USART_SetTXFIFOThreshold	16	static
stm32g0xx_ll_usart.h:739:22:LL_USART_SetRXFIFOThreshold	16	static
stm32g0xx_ll_usart.h:2650:22:LL_USART_ConfigAsyncMode	16	static
stm32g0xx_ll_usart.h:3165:26:LL_USART_IsActiveFlag_TEACK	16	static
stm32g0xx_ll_usart.h:3176:26:LL_USART_IsActiveFlag_REACK	16	static
stm32g0xx_ll_usart.h:3451:22:LL_USART_EnableIT_RXNE_RXFNE	16	static
stm32g0xx_ll_usart.h:3576:22:LL_USART_EnableIT_ERROR	16	static
stm32g0xx_ll_usart.h:4240:26:LL_USART_ReceiveData9	16	static
stm32g0xx_ll_system.h:463:22:LL_SYSCFG_EnableFastModePlus	16	static
stm32g0xx_ll_gpio.h:858:22:LL_GPIO_SetOutputPin	16	static
stm32g0xx_ll_gpio.h:887:22:LL_GPIO_ResetOutputPin	16	static
stm32g0xx_ll_bus.h:469:22:LL_APB1_GRP1_EnableClock	24	static
stm32g0xx_ll_bus.h:1141:22:LL_IOP_GRP1_EnableClock	24	static
main.c:300:5:main	40	static
main.c:450:6:SystemClock_Config	144	static
main.c:508:13:MX_COMP1_Init	8	static
main.c:543:13:MX_I2C1_Init	8	static
main.c:589:13:MX_I2S1_Init	8	static
main.c:621:13:MX_SPI2_Init	8	static
main.c:661:13:MX_TIM1_Init	128	static
main.c:756:13:MX_USART2_UART_Init	72	static
main.c:833:13:MX_USART3_Init	8	static
main.c:870:13:MX_DMA_Init	16	static
main.c:894:13:MX_GPIO_Init	32	static
main.c:1036:7:USART2_RX_Callback	8	static
main.c:1055:6:HAL_SPI_RxHalfCpltCallback	16	static
main.c:1074:6:HAL_SPI_RxCpltCallback	16	static
main.c:1084:6:HAL_USART_TxCpltCallback	16	static
main.c:1093:6:HAL_SPI_TxCpltCallback	16	static
main.c:1101:6:HAL_I2S_TxCpltCallback	16	static
main.c:1126:7:cmdReceive	24	static
main.c:1156:7:USART_AS_SPI_sendCMD	16	static
main.c:1159:7:USART_AS_SPI_sendDAT	16	static
main.c:1163:7:weoInit	8	static
main.c:1193:7:weoClear	16	static
main.c:1214:7:weoDrawRectangleFilled	40	static
main.c:1255:7:weoDrawRectangleInit	40	static
main.c:1280:7:weoReset	8	static
main.c:1287:7:I2C_SOUND_ChangePage	32	static
main.c:1291:7:WriteReg_I2C_SOUND	32	static
main.c:1295:7:soundSetup	8	static
main.c:1337:10:answer2CPU	24	static
main.c:1564:7:MEM_Reset	16	static,ignoring_inline_asm
main.c:1590:10:weoShowFullScreen	8240	static
main.c:1620:10:weoShowFullScreenDMA	8232	static
main.c:1651:10:weoShowSmallImage	8248	static
main.c:1710:10:weoShowSmallImageDMA	8248	static
main.c:1756:10:soundPlay	8248	static
main.c:1806:7:MEM_Write	32	static,ignoring_inline_asm
main.c:1832:11:MEM_GetID	16	static
main.c:1849:7:MEM_EraseImg	32	static,ignoring_inline_asm
main.c:1878:11:Scount	8	static
main.c:1883:10:cmdExecute	32	static
main.c:2001:10:printASCIIarray	208	static
main.c:2068:7:squeak_generate	40	static
main.c:2078:7:squeak_single	16	static
main.c:2097:7:squeak_long	16	static
main.c:2122:7:squeak_double	16	static
main.c:2138:7:squeak_triple	16	static
main.c:2159:7:LIS3DHsendCMD	32	static
main.c:2164:10:LIS3DHreadReg	48	static
main.c:2200:7:LIS3DHsetup	16	static
main.c:2286:6:Error_Handler	8	static
