core_cm0plus.h:741:22:__NVIC_EnableIRQ	16	static,ignoring_inline_asm
core_cm0plus.h:850:22:__NVIC_SetPriority	24	static
stm32g0xx_ll_usart.h:616:22:LL_USART_Enable	16	static
stm32g0xx_ll_usart.h:667:22:LL_USART_DisableFIFO	16	static
stm32g0xx_ll_usart.h:700:22:LL_USART_SetTXFIFOThreshold	16	static
stm32g0xx_ll_usart.h:739:22:LL_USART_SetRXFIFOThreshold	16	static
stm32g0xx_ll_usart.h:2650:22:LL_USART_ConfigAsyncMode	16	static
stm32g0xx_ll_usart.h:3165:26:LL_USART_IsActiveFlag_TEACK	16	static
stm32g0xx_ll_usart.h:3176:26:LL_USART_IsActiveFlag_REACK	16	static
stm32g0xx_ll_usart.h:3451:22:LL_USART_EnableIT_RXNE_RXFNE	16	static
stm32g0xx_ll_usart.h:3576:22:LL_USART_EnableIT_ERROR	16	static
stm32g0xx_ll_usart.h:4240:26:LL_USART_ReceiveData9	16	static
stm32g0xx_ll_system.h:463:22:LL_SYSCFG_EnableFastModePlus	16	static
stm32g0xx_ll_gpio.h:858:22:LL_GPIO_SetOutputPin	16	static
stm32g0xx_ll_gpio.h:887:22:LL_GPIO_ResetOutputPin	16	static
stm32g0xx_ll_bus.h:469:22:LL_APB1_GRP1_EnableClock	24	static
stm32g0xx_ll_bus.h:1141:22:LL_IOP_GRP1_EnableClock	24	static
main.c:272:5:main	40	static
main.c:390:6:SystemClock_Config	144	static
main.c:448:13:MX_COMP1_Init	8	static
main.c:483:13:MX_I2C1_Init	8	static
main.c:529:13:MX_I2S1_Init	8	static
main.c:561:13:MX_SPI2_Init	8	static
main.c:601:13:MX_TIM1_Init	128	static
main.c:696:13:MX_USART2_UART_Init	72	static
main.c:773:13:MX_USART3_Init	8	static
main.c:810:13:MX_DMA_Init	16	static
main.c:834:13:MX_GPIO_Init	32	static
main.c:974:7:USART2_RX_Callback	8	static
main.c:993:6:HAL_SPI_RxHalfCpltCallback	16	static
main.c:1009:6:HAL_SPI_RxCpltCallback	16	static
main.c:1019:6:HAL_USART_TxCpltCallback	16	static
main.c:1028:6:HAL_SPI_TxCpltCallback	16	static
main.c:1037:7:cmdReceive	24	static
main.c:1061:7:USART_AS_SPI_sendCMD	16	static
main.c:1064:7:USART_AS_SPI_sendDAT	16	static
main.c:1068:7:weoInit	8	static
main.c:1098:7:weoClear	16	static
main.c:1119:7:weoDrawRectangleFilled	40	static
main.c:1160:7:weoDrawRectangleInit	40	static
main.c:1185:7:weoReset	8	static
main.c:1192:7:I2C_SOUND_ChangePage	32	static
main.c:1196:7:WriteReg_I2C_SOUND	32	static
main.c:1200:7:soundSetup	8	static
main.c:1242:10:answer2CPU	24	static
main.c:1457:7:MEM_Reset	16	static,ignoring_inline_asm
main.c:1483:10:weoShowFullScreen	8240	static
main.c:1513:10:weoShowFullScreenDMA	8232	static
main.c:1543:10:weoShowSmallImage	8256	static
main.c:1601:10:weoShowSmallImageDMA	8248	static
main.c:1647:10:soundPlay	8248	static
main.c:1697:7:MEM_Write	32	static,ignoring_inline_asm
main.c:1723:11:MEM_GetID	16	static
main.c:1740:7:MEM_EraseImg	32	static,ignoring_inline_asm
main.c:1769:11:Scount	8	static
main.c:1773:10:cmdExecute	16	static
main.c:1875:10:printASCIIarray	200	static
main.c:1915:7:squeak_single	4136	static
main.c:1939:7:squeak_long	4136	static
main.c:1967:7:squeak_double	4136	static
main.c:1991:7:squeak_triple	4136	static
main.c:2019:7:LIS3DHsendCMD	32	static
main.c:2024:10:LIS3DHreadReg	48	static
main.c:2031:10:LIS3DHreadData	8	static
main.c:2040:11:Accel_ReadAcc	16	static
main.c:2049:7:LIS3DHsetup	16	static
main.c:2135:6:Error_Handler	8	static
