../Drivers/CMSIS/Include/core_cm0plus.h:741:22:__NVIC_EnableIRQ	16	static,ignoring_inline_asm
../Drivers/CMSIS/Include/core_cm0plus.h:850:22:__NVIC_SetPriority	24	static
../Drivers/STM32G0xx_HAL_Driver/Inc/stm32g0xx_ll_usart.h:628:22:LL_USART_Enable	16	static
../Drivers/STM32G0xx_HAL_Driver/Inc/stm32g0xx_ll_usart.h:679:22:LL_USART_DisableFIFO	16	static
../Drivers/STM32G0xx_HAL_Driver/Inc/stm32g0xx_ll_usart.h:712:22:LL_USART_SetTXFIFOThreshold	32	static,ignoring_inline_asm
../Drivers/STM32G0xx_HAL_Driver/Inc/stm32g0xx_ll_usart.h:751:22:LL_USART_SetRXFIFOThreshold	32	static,ignoring_inline_asm
../Drivers/STM32G0xx_HAL_Driver/Inc/stm32g0xx_ll_usart.h:2667:22:LL_USART_ConfigAsyncMode	16	static
../Drivers/STM32G0xx_HAL_Driver/Inc/stm32g0xx_ll_usart.h:3189:26:LL_USART_IsActiveFlag_TEACK	16	static
../Drivers/STM32G0xx_HAL_Driver/Inc/stm32g0xx_ll_usart.h:3200:26:LL_USART_IsActiveFlag_REACK	16	static
../Drivers/STM32G0xx_HAL_Driver/Inc/stm32g0xx_ll_usart.h:3475:22:LL_USART_EnableIT_RXNE_RXFNE	32	static,ignoring_inline_asm
../Drivers/STM32G0xx_HAL_Driver/Inc/stm32g0xx_ll_usart.h:3600:22:LL_USART_EnableIT_ERROR	32	static,ignoring_inline_asm
../Drivers/STM32G0xx_HAL_Driver/Inc/stm32g0xx_ll_usart.h:4264:26:LL_USART_ReceiveData9	16	static
../Drivers/STM32G0xx_HAL_Driver/Inc/stm32g0xx_ll_system.h:464:22:LL_SYSCFG_EnableFastModePlus	16	static
../Drivers/STM32G0xx_HAL_Driver/Inc/stm32g0xx_ll_gpio.h:857:22:LL_GPIO_SetOutputPin	16	static
../Drivers/STM32G0xx_HAL_Driver/Inc/stm32g0xx_ll_gpio.h:886:22:LL_GPIO_ResetOutputPin	16	static
../Drivers/STM32G0xx_HAL_Driver/Inc/stm32g0xx_ll_bus.h:467:22:LL_APB1_GRP1_EnableClock	24	static
../Drivers/STM32G0xx_HAL_Driver/Inc/stm32g0xx_ll_bus.h:1139:22:LL_IOP_GRP1_EnableClock	24	static
../Core/Src/main.c:293:5:main	64	static
../Core/Src/main.c:489:6:SystemClock_Config	88	static
../Core/Src/main.c:536:13:MX_COMP1_Init	8	static
../Core/Src/main.c:571:13:MX_I2C1_Init	8	static
../Core/Src/main.c:619:13:MX_I2S1_Init	8	static
../Core/Src/main.c:651:13:MX_SPI2_Init	8	static
../Core/Src/main.c:691:13:MX_TIM1_Init	128	static
../Core/Src/main.c:786:13:MX_USART2_UART_Init	128	static
../Core/Src/main.c:873:13:MX_USART3_Init	8	static
../Core/Src/main.c:910:13:MX_DMA_Init	16	static
../Core/Src/main.c:928:13:MX_GPIO_Init	32	static
../Core/Src/main.c:1060:7:USART2_RX_Callback	8	static
../Core/Src/main.c:1078:6:HAL_SPI_RxHalfCpltCallback	16	static
../Core/Src/main.c:1106:6:HAL_SPI_RxCpltCallback	16	static
../Core/Src/main.c:1117:6:HAL_USART_TxCpltCallback	16	static
../Core/Src/main.c:1126:6:HAL_SPI_TxCpltCallback	16	static
../Core/Src/main.c:1134:6:HAL_I2S_TxHalfCpltCallback	16	static
../Core/Src/main.c:1143:6:HAL_I2S_TxCpltCallback	16	static
../Core/Src/main.c:1148:7:cmdReceive	24	static
../Core/Src/main.c:1185:7:USART_AS_SPI_sendCMD	16	static
../Core/Src/main.c:1188:7:USART_AS_SPI_sendDAT	16	static
../Core/Src/main.c:1192:7:weoInit	8	static
../Core/Src/main.c:1239:7:weoClear	16	static
../Core/Src/main.c:1260:7:weoDrawRectangleFilled	40	static
../Core/Src/main.c:1309:7:weoDrawRectangleInit	40	static
../Core/Src/main.c:1334:7:weoReset	8	static
../Core/Src/main.c:1341:7:I2C_SOUND_ChangePage	32	static
../Core/Src/main.c:1345:7:WriteReg_I2C_SOUND	32	static
../Core/Src/main.c:1349:7:soundSetup	8	static
../Core/Src/main.c:1391:10:answer2CPU	24	static
../Core/Src/main.c:1620:7:MEM_Reset	16	static,ignoring_inline_asm
../Core/Src/main.c:1646:10:weoShowFullScreen	8240	static
../Core/Src/main.c:1676:10:weoShowFullScreenDMA	8232	static
../Core/Src/main.c:1707:10:weoShowSmallImage	8256	static
../Core/Src/main.c:1778:10:weoShowSmallImageDMA	8248	static
../Core/Src/main.c:1824:10:soundLoad	56	static
../Core/Src/main.c:1929:10:soundPlay	16	static
../Core/Src/main.c:1950:7:MEM_Write	32	static,ignoring_inline_asm
../Core/Src/main.c:1976:11:MEM_GetID	16	static
../Core/Src/main.c:1993:7:MEM_EraseImg	32	static,ignoring_inline_asm
../Core/Src/main.c:2022:11:Scount	8	static
../Core/Src/main.c:2027:10:cmdExecute	32	static
../Core/Src/main.c:2145:10:printASCIIarray	432	dynamic
../Core/Src/main.c:2295:7:squeak_generate	40	static
../Core/Src/main.c:2305:7:squeak_single	16	static
../Core/Src/main.c:2324:7:squeak_long	16	static
../Core/Src/main.c:2349:7:squeak_double	16	static
../Core/Src/main.c:2365:7:squeak_triple	16	static
../Core/Src/main.c:2386:7:LIS3DHsendCMD	32	static
../Core/Src/main.c:2391:10:LIS3DHreadReg	48	static
../Core/Src/main.c:2427:7:LIS3DHsetup	16	static
../Core/Src/main.c:2448:7:GPIO_2_3state	8	static
../Core/Src/main.c:2516:6:Error_Handler	8	static
