core_cm0plus.h:741:22:__NVIC_EnableIRQ	16	static,ignoring_inline_asm
core_cm0plus.h:850:22:__NVIC_SetPriority	24	static
stm32g0xx_ll_usart.h:616:22:LL_USART_Enable	16	static
stm32g0xx_ll_usart.h:667:22:LL_USART_DisableFIFO	16	static
stm32g0xx_ll_usart.h:700:22:LL_USART_SetTXFIFOThreshold	16	static
stm32g0xx_ll_usart.h:739:22:LL_USART_SetRXFIFOThreshold	16	static
stm32g0xx_ll_usart.h:2650:22:LL_USART_ConfigAsyncMode	16	static
stm32g0xx_ll_usart.h:3165:26:LL_USART_IsActiveFlag_TEACK	16	static
stm32g0xx_ll_usart.h:3176:26:LL_USART_IsActiveFlag_REACK	16	static
stm32g0xx_ll_usart.h:3451:22:LL_USART_EnableIT_RXNE_RXFNE	16	static
stm32g0xx_ll_usart.h:3576:22:LL_USART_EnableIT_ERROR	16	static
stm32g0xx_ll_usart.h:4240:26:LL_USART_ReceiveData9	16	static
stm32g0xx_ll_system.h:463:22:LL_SYSCFG_EnableFastModePlus	16	static
stm32g0xx_ll_gpio.h:858:22:LL_GPIO_SetOutputPin	16	static
stm32g0xx_ll_gpio.h:887:22:LL_GPIO_ResetOutputPin	16	static
stm32g0xx_ll_bus.h:469:22:LL_APB1_GRP1_EnableClock	24	static
stm32g0xx_ll_bus.h:1141:22:LL_IOP_GRP1_EnableClock	24	static
main.c:267:5:main	40	static
main.c:383:6:SystemClock_Config	144	static
main.c:441:13:MX_COMP1_Init	8	static
main.c:476:13:MX_I2C1_Init	8	static
main.c:522:13:MX_I2S1_Init	8	static
main.c:554:13:MX_SPI2_Init	8	static
main.c:594:13:MX_TIM1_Init	128	static
main.c:689:13:MX_USART2_UART_Init	72	static
main.c:766:13:MX_USART3_Init	8	static
main.c:803:13:MX_DMA_Init	16	static
main.c:827:13:MX_GPIO_Init	32	static
main.c:967:7:USART2_RX_Callback	8	static
main.c:986:6:HAL_SPI_RxHalfCpltCallback	16	static
main.c:1002:6:HAL_SPI_RxCpltCallback	16	static
main.c:1012:6:HAL_USART_TxCpltCallback	16	static
main.c:1021:6:HAL_SPI_TxCpltCallback	16	static
main.c:1030:7:cmdReceive	24	static
main.c:1054:7:USART_AS_SPI_sendCMD	16	static
main.c:1057:7:USART_AS_SPI_sendDAT	16	static
main.c:1061:7:weoInit	8	static
main.c:1091:7:weoClear	16	static
main.c:1112:7:weoDrawRectangleFilled	40	static
main.c:1153:7:weoDrawRectangleInit	40	static
main.c:1178:7:weoReset	8	static
main.c:1185:7:I2C_SOUND_ChangePage	32	static
main.c:1189:7:WriteReg_I2C_SOUND	32	static
main.c:1193:7:soundSetup	8	static
main.c:1235:10:answer2CPU	24	static
main.c:1450:7:MEM_Reset	16	static,ignoring_inline_asm
main.c:1476:10:weoShowFullScreen	8240	static
main.c:1506:10:weoShowFullScreenDMA	8232	static
main.c:1536:10:weoShowSmallImage	8256	static
main.c:1594:10:weoShowSmallImageDMA	8248	static
main.c:1640:10:soundPlay	8248	static
main.c:1690:7:MEM_Write	32	static,ignoring_inline_asm
main.c:1716:11:MEM_GetID	16	static
main.c:1733:7:MEM_EraseImg	32	static,ignoring_inline_asm
main.c:1762:11:Scount	8	static
main.c:1766:10:cmdExecute	16	static
main.c:1863:10:printASCIIarray	200	static
main.c:1903:7:squeak_single	4136	static
main.c:1927:7:squeak_double	4136	static
main.c:1951:7:squeak_triple	4136	static
main.c:1979:7:LIS3DHsendCMD	32	static
main.c:1984:10:LIS3DHreadReg	48	static
main.c:1991:7:LIS3DHsetup	16	static
main.c:2077:6:Error_Handler	8	static
