../Drivers/CMSIS/Include/core_cm0plus.h:741:22:__NVIC_EnableIRQ	16	static,ignoring_inline_asm
../Drivers/CMSIS/Include/core_cm0plus.h:850:22:__NVIC_SetPriority	24	static
../Drivers/STM32G0xx_HAL_Driver/Inc/stm32g0xx_ll_usart.h:628:22:LL_USART_Enable	16	static
../Drivers/STM32G0xx_HAL_Driver/Inc/stm32g0xx_ll_usart.h:679:22:LL_USART_DisableFIFO	16	static
../Drivers/STM32G0xx_HAL_Driver/Inc/stm32g0xx_ll_usart.h:712:22:LL_USART_SetTXFIFOThreshold	32	static,ignoring_inline_asm
../Drivers/STM32G0xx_HAL_Driver/Inc/stm32g0xx_ll_usart.h:751:22:LL_USART_SetRXFIFOThreshold	32	static,ignoring_inline_asm
../Drivers/STM32G0xx_HAL_Driver/Inc/stm32g0xx_ll_usart.h:2667:22:LL_USART_ConfigAsyncMode	16	static
../Drivers/STM32G0xx_HAL_Driver/Inc/stm32g0xx_ll_usart.h:3189:26:LL_USART_IsActiveFlag_TEACK	16	static
../Drivers/STM32G0xx_HAL_Driver/Inc/stm32g0xx_ll_usart.h:3200:26:LL_USART_IsActiveFlag_REACK	16	static
../Drivers/STM32G0xx_HAL_Driver/Inc/stm32g0xx_ll_usart.h:3475:22:LL_USART_EnableIT_RXNE_RXFNE	32	static,ignoring_inline_asm
../Drivers/STM32G0xx_HAL_Driver/Inc/stm32g0xx_ll_usart.h:3600:22:LL_USART_EnableIT_ERROR	32	static,ignoring_inline_asm
../Drivers/STM32G0xx_HAL_Driver/Inc/stm32g0xx_ll_usart.h:4264:26:LL_USART_ReceiveData9	16	static
../Drivers/STM32G0xx_HAL_Driver/Inc/stm32g0xx_ll_system.h:464:22:LL_SYSCFG_EnableFastModePlus	16	static
../Drivers/STM32G0xx_HAL_Driver/Inc/stm32g0xx_ll_gpio.h:857:22:LL_GPIO_SetOutputPin	16	static
../Drivers/STM32G0xx_HAL_Driver/Inc/stm32g0xx_ll_gpio.h:886:22:LL_GPIO_ResetOutputPin	16	static
../Drivers/STM32G0xx_HAL_Driver/Inc/stm32g0xx_ll_bus.h:467:22:LL_APB1_GRP1_EnableClock	24	static
../Drivers/STM32G0xx_HAL_Driver/Inc/stm32g0xx_ll_bus.h:1135:22:LL_IOP_GRP1_EnableClock	24	static
../Core/Src/main.c:321:5:main	40	static
../Core/Src/main.c:513:6:SystemClock_Config	88	static
../Core/Src/main.c:560:13:MX_COMP1_Init	8	static
../Core/Src/main.c:595:13:MX_I2C1_Init	8	static
../Core/Src/main.c:643:13:MX_I2S1_Init	8	static
../Core/Src/main.c:675:13:MX_SPI2_Init	8	static
../Core/Src/main.c:715:13:MX_TIM1_Init	128	static
../Core/Src/main.c:810:13:MX_USART2_UART_Init	128	static
../Core/Src/main.c:897:13:MX_USART3_Init	8	static
../Core/Src/main.c:934:13:MX_DMA_Init	16	static
../Core/Src/main.c:958:13:MX_GPIO_Init	32	static
../Core/Src/main.c:1100:7:USART2_RX_Callback	8	static
../Core/Src/main.c:1118:6:HAL_SPI_RxHalfCpltCallback	16	static
../Core/Src/main.c:1146:6:HAL_SPI_RxCpltCallback	16	static
../Core/Src/main.c:1157:6:HAL_USART_TxCpltCallback	16	static
../Core/Src/main.c:1169:6:HAL_SPI_TxCpltCallback	16	static
../Core/Src/main.c:1177:6:HAL_I2S_TxHalfCpltCallback	16	static
../Core/Src/main.c:1182:6:HAL_I2S_TxCpltCallback	16	static
../Core/Src/main.c:1187:7:cmdReceive	24	static
../Core/Src/main.c:1223:7:USART_AS_SPI_sendCMD	16	static
../Core/Src/main.c:1226:7:USART_AS_SPI_sendDAT	16	static
../Core/Src/main.c:1230:7:weoInit	8	static
../Core/Src/main.c:1290:7:weoClear	16	static
../Core/Src/main.c:1311:7:weoDrawRectangleFilled	40	static
../Core/Src/main.c:1349:7:weoDrawRectangleInit	40	static
../Core/Src/main.c:1374:7:weoReset	8	static
../Core/Src/main.c:1381:7:I2C_SOUND_ChangePage	32	static
../Core/Src/main.c:1385:7:WriteReg_I2C_SOUND	32	static
../Core/Src/main.c:1389:7:soundSetup	8	static
../Core/Src/main.c:1431:10:answer2CPU	24	static
../Core/Src/main.c:1661:7:MEM_Reset	16	static,ignoring_inline_asm
../Core/Src/main.c:1687:10:weoShowFullScreen	48	static
../Core/Src/main.c:1718:10:weoShowFullScreenDMA	40	static
../Core/Src/main.c:1750:10:weoShowSmallImage	8248	static
../Core/Src/main.c:1809:10:weoShowSmallImageDMA	56	static
../Core/Src/main.c:1877:11:soundPlay	64	static,ignoring_inline_asm
../Core/Src/main.c:2073:8:sound_half_transfer_callback	8	static
../Core/Src/main.c:2078:8:sound_full_transfer_callback	8	static
../Core/Src/main.c:2094:9:setVolume	32	static
../Core/Src/main.c:2110:9:speakerMute	8	static
../Core/Src/main.c:2116:9:speakerPowerUp	8	static
../Core/Src/main.c:2123:7:MEM_Write	32	static,ignoring_inline_asm
../Core/Src/main.c:2149:11:MEM_GetID	16	static
../Core/Src/main.c:2166:7:MEM_EraseImg	32	static,ignoring_inline_asm
../Core/Src/main.c:2195:11:Scount	8	static
../Core/Src/main.c:2200:10:cmdExecute	32	static
../Core/Src/main.c:2294:10:printASCIIarray	176	dynamic
../Core/Src/main.c:2444:7:squeak_generate	40	static
../Core/Src/main.c:2535:7:LIS3DHsendCMD	32	static
../Core/Src/main.c:2540:10:LIS3DHreadReg	48	static
../Core/Src/main.c:2576:7:LIS3DHsetup	16	static
../Core/Src/main.c:2597:7:GPIO_2_3state	8	static
../Core/Src/main.c:2665:6:Error_Handler	8	static
