../Drivers/CMSIS/Include/core_cm0plus.h:741:22:__NVIC_EnableIRQ	16	static,ignoring_inline_asm
../Drivers/CMSIS/Include/core_cm0plus.h:850:22:__NVIC_SetPriority	24	static
../Drivers/STM32G0xx_HAL_Driver/Inc/stm32g0xx_ll_usart.h:628:22:LL_USART_Enable	16	static
../Drivers/STM32G0xx_HAL_Driver/Inc/stm32g0xx_ll_usart.h:679:22:LL_USART_DisableFIFO	16	static
../Drivers/STM32G0xx_HAL_Driver/Inc/stm32g0xx_ll_usart.h:712:22:LL_USART_SetTXFIFOThreshold	32	static,ignoring_inline_asm
../Drivers/STM32G0xx_HAL_Driver/Inc/stm32g0xx_ll_usart.h:751:22:LL_USART_SetRXFIFOThreshold	32	static,ignoring_inline_asm
../Drivers/STM32G0xx_HAL_Driver/Inc/stm32g0xx_ll_usart.h:2667:22:LL_USART_ConfigAsyncMode	16	static
../Drivers/STM32G0xx_HAL_Driver/Inc/stm32g0xx_ll_usart.h:3189:26:LL_USART_IsActiveFlag_TEACK	16	static
../Drivers/STM32G0xx_HAL_Driver/Inc/stm32g0xx_ll_usart.h:3200:26:LL_USART_IsActiveFlag_REACK	16	static
../Drivers/STM32G0xx_HAL_Driver/Inc/stm32g0xx_ll_usart.h:3475:22:LL_USART_EnableIT_RXNE_RXFNE	32	static,ignoring_inline_asm
../Drivers/STM32G0xx_HAL_Driver/Inc/stm32g0xx_ll_usart.h:3600:22:LL_USART_EnableIT_ERROR	32	static,ignoring_inline_asm
../Drivers/STM32G0xx_HAL_Driver/Inc/stm32g0xx_ll_usart.h:4264:26:LL_USART_ReceiveData9	16	static
../Drivers/STM32G0xx_HAL_Driver/Inc/stm32g0xx_ll_system.h:464:22:LL_SYSCFG_EnableFastModePlus	16	static
../Drivers/STM32G0xx_HAL_Driver/Inc/stm32g0xx_ll_gpio.h:857:22:LL_GPIO_SetOutputPin	16	static
../Drivers/STM32G0xx_HAL_Driver/Inc/stm32g0xx_ll_gpio.h:886:22:LL_GPIO_ResetOutputPin	16	static
../Drivers/STM32G0xx_HAL_Driver/Inc/stm32g0xx_ll_bus.h:467:22:LL_APB1_GRP1_EnableClock	24	static
../Drivers/STM32G0xx_HAL_Driver/Inc/stm32g0xx_ll_bus.h:1135:22:LL_IOP_GRP1_EnableClock	24	static
../Core/Src/main.c:319:5:main	40	static
../Core/Src/main.c:511:6:SystemClock_Config	88	static
../Core/Src/main.c:558:13:MX_COMP1_Init	8	static
../Core/Src/main.c:593:13:MX_I2C1_Init	8	static
../Core/Src/main.c:641:13:MX_I2S1_Init	8	static
../Core/Src/main.c:673:13:MX_SPI2_Init	8	static
../Core/Src/main.c:713:13:MX_TIM1_Init	128	static
../Core/Src/main.c:808:13:MX_USART2_UART_Init	128	static
../Core/Src/main.c:895:13:MX_USART3_Init	8	static
../Core/Src/main.c:932:13:MX_DMA_Init	16	static
../Core/Src/main.c:950:13:MX_GPIO_Init	32	static
../Core/Src/main.c:1085:7:USART2_RX_Callback	8	static
../Core/Src/main.c:1103:6:HAL_SPI_RxHalfCpltCallback	16	static
../Core/Src/main.c:1122:6:HAL_SPI_RxCpltCallback	16	static
../Core/Src/main.c:1132:6:HAL_USART_TxCpltCallback	16	static
../Core/Src/main.c:1141:6:HAL_SPI_TxCpltCallback	16	static
../Core/Src/main.c:1149:6:HAL_I2S_TxHalfCpltCallback	16	static
../Core/Src/main.c:1154:6:HAL_I2S_TxCpltCallback	16	static
../Core/Src/main.c:1159:7:cmdReceive	24	static
../Core/Src/main.c:1196:7:USART_AS_SPI_sendCMD	16	static
../Core/Src/main.c:1199:7:USART_AS_SPI_sendDAT	16	static
../Core/Src/main.c:1203:7:weoInit	8	static
../Core/Src/main.c:1263:7:weoClear	16	static
../Core/Src/main.c:1284:7:weoDrawRectangleFilled	40	static
../Core/Src/main.c:1329:7:weoDrawRectangleInit	40	static
../Core/Src/main.c:1354:7:weoReset	8	static
../Core/Src/main.c:1361:7:I2C_SOUND_ChangePage	32	static
../Core/Src/main.c:1365:7:WriteReg_I2C_SOUND	32	static
../Core/Src/main.c:1369:7:soundSetup	8	static
../Core/Src/main.c:1411:10:answer2CPU	24	static
../Core/Src/main.c:1640:7:MEM_Reset	16	static,ignoring_inline_asm
../Core/Src/main.c:1666:10:weoShowFullScreen	8240	static
../Core/Src/main.c:1696:10:weoShowFullScreenDMA	8232	static
../Core/Src/main.c:1727:10:weoShowSmallImage	8248	static
../Core/Src/main.c:1786:10:weoShowSmallImageDMA	8248	static
../Core/Src/main.c:1832:11:soundPlay	64	static
../Core/Src/main.c:1996:8:sound_half_transfer_callback	8	static
../Core/Src/main.c:2001:8:sound_full_transfer_callback	8	static
../Core/Src/main.c:2016:9:setVolume	32	static
../Core/Src/main.c:2032:9:speakerMute	8	static
../Core/Src/main.c:2038:9:speakerPowerUp	8	static
../Core/Src/main.c:2045:7:MEM_Write	32	static,ignoring_inline_asm
../Core/Src/main.c:2071:11:MEM_GetID	16	static
../Core/Src/main.c:2088:7:MEM_EraseImg	32	static,ignoring_inline_asm
../Core/Src/main.c:2117:11:Scount	8	static
../Core/Src/main.c:2122:10:cmdExecute	32	static
../Core/Src/main.c:2211:10:printASCIIarray	432	dynamic
../Core/Src/main.c:2361:7:squeak_generate	40	static
../Core/Src/main.c:2371:7:squeak_single	16	static
../Core/Src/main.c:2390:7:squeak_long	16	static
../Core/Src/main.c:2415:7:squeak_double	16	static
../Core/Src/main.c:2431:7:squeak_triple	16	static
../Core/Src/main.c:2452:7:LIS3DHsendCMD	32	static
../Core/Src/main.c:2457:10:LIS3DHreadReg	48	static
../Core/Src/main.c:2493:7:LIS3DHsetup	16	static
../Core/Src/main.c:2514:7:GPIO_2_3state	8	static
../Core/Src/main.c:2582:6:Error_Handler	8	static
