core_cm0plus.h:741:22:__NVIC_EnableIRQ	16	static,ignoring_inline_asm
core_cm0plus.h:850:22:__NVIC_SetPriority	24	static
stm32g0xx_ll_usart.h:616:22:LL_USART_Enable	16	static
stm32g0xx_ll_usart.h:667:22:LL_USART_DisableFIFO	16	static
stm32g0xx_ll_usart.h:700:22:LL_USART_SetTXFIFOThreshold	16	static
stm32g0xx_ll_usart.h:739:22:LL_USART_SetRXFIFOThreshold	16	static
stm32g0xx_ll_usart.h:2650:22:LL_USART_ConfigAsyncMode	16	static
stm32g0xx_ll_usart.h:3165:26:LL_USART_IsActiveFlag_TEACK	16	static
stm32g0xx_ll_usart.h:3176:26:LL_USART_IsActiveFlag_REACK	16	static
stm32g0xx_ll_usart.h:3451:22:LL_USART_EnableIT_RXNE_RXFNE	16	static
stm32g0xx_ll_usart.h:3576:22:LL_USART_EnableIT_ERROR	16	static
stm32g0xx_ll_usart.h:4240:26:LL_USART_ReceiveData9	16	static
stm32g0xx_ll_system.h:463:22:LL_SYSCFG_EnableFastModePlus	16	static
stm32g0xx_ll_gpio.h:858:22:LL_GPIO_SetOutputPin	16	static
stm32g0xx_ll_gpio.h:887:22:LL_GPIO_ResetOutputPin	16	static
stm32g0xx_ll_bus.h:469:22:LL_APB1_GRP1_EnableClock	24	static
stm32g0xx_ll_bus.h:1141:22:LL_IOP_GRP1_EnableClock	24	static
main.c:200:5:main	56	static
main.c:287:6:SystemClock_Config	144	static
main.c:345:13:MX_COMP1_Init	8	static
main.c:380:13:MX_I2C1_Init	8	static
main.c:426:13:MX_I2S1_Init	8	static
main.c:458:13:MX_SPI2_Init	8	static
main.c:498:13:MX_TIM1_Init	128	static
main.c:593:13:MX_USART2_UART_Init	72	static
main.c:670:13:MX_USART3_Init	8	static
main.c:707:13:MX_DMA_Init	16	static
main.c:731:13:MX_GPIO_Init	32	static
main.c:873:7:USART2_RX_Callback	8	static
main.c:892:6:HAL_SPI_RxHalfCpltCallback	16	static
main.c:902:6:HAL_SPI_RxCpltCallback	16	static
main.c:907:6:HAL_USART_TxCpltCallback	16	static
main.c:916:7:cmdReceive	24	static
main.c:940:7:USART_AS_SPI_sendCMD	16	static
main.c:943:7:USART_AS_SPI_sendDAT	16	static
main.c:947:7:weoInit	8	static
main.c:977:7:weoClear	16	static
main.c:998:7:weoDrawRectangleFilled	40	static
main.c:1038:7:weoDrawRectangleInit	40	static
main.c:1063:7:weoReset	8	static
main.c:1070:7:I2C_SOUND_ChangePage	32	static
main.c:1074:7:WriteReg_I2C_SOUND	32	static
main.c:1078:7:soundSetup	8	static
main.c:1114:10:answer2CPU	24	static
main.c:1329:7:MEM_Reset	16	static,ignoring_inline_asm
main.c:1355:10:weoShowFullScreen	8240	static
main.c:1385:10:weoShowFullScreenDMA	8232	static
main.c:1415:10:weoShowSmallImage	8256	static
main.c:1476:10:weoShowSmallImageDMA	8248	static
main.c:1522:10:soundPlay	8248	static
main.c:1558:7:MEM_Write	32	static,ignoring_inline_asm
main.c:1584:11:MEM_GetID	16	static
main.c:1601:7:MEM_EraseImg	32	static,ignoring_inline_asm
main.c:1630:11:Scount	8	static
main.c:1634:10:cmdExecute	16	static
main.c:1702:10:printASCIIarray	88	static
main.c:1875:6:Error_Handler	8	static
