../Drivers/CMSIS/Include/core_cm0plus.h:741:22:__NVIC_EnableIRQ	16	static,ignoring_inline_asm
../Drivers/CMSIS/Include/core_cm0plus.h:850:22:__NVIC_SetPriority	24	static
../Drivers/STM32G0xx_HAL_Driver/Inc/stm32g0xx_ll_usart.h:628:22:LL_USART_Enable	16	static
../Drivers/STM32G0xx_HAL_Driver/Inc/stm32g0xx_ll_usart.h:679:22:LL_USART_DisableFIFO	16	static
../Drivers/STM32G0xx_HAL_Driver/Inc/stm32g0xx_ll_usart.h:712:22:LL_USART_SetTXFIFOThreshold	32	static,ignoring_inline_asm
../Drivers/STM32G0xx_HAL_Driver/Inc/stm32g0xx_ll_usart.h:751:22:LL_USART_SetRXFIFOThreshold	32	static,ignoring_inline_asm
../Drivers/STM32G0xx_HAL_Driver/Inc/stm32g0xx_ll_usart.h:2667:22:LL_USART_ConfigAsyncMode	16	static
../Drivers/STM32G0xx_HAL_Driver/Inc/stm32g0xx_ll_usart.h:3189:26:LL_USART_IsActiveFlag_TEACK	16	static
../Drivers/STM32G0xx_HAL_Driver/Inc/stm32g0xx_ll_usart.h:3200:26:LL_USART_IsActiveFlag_REACK	16	static
../Drivers/STM32G0xx_HAL_Driver/Inc/stm32g0xx_ll_usart.h:3475:22:LL_USART_EnableIT_RXNE_RXFNE	32	static,ignoring_inline_asm
../Drivers/STM32G0xx_HAL_Driver/Inc/stm32g0xx_ll_usart.h:3600:22:LL_USART_EnableIT_ERROR	32	static,ignoring_inline_asm
../Drivers/STM32G0xx_HAL_Driver/Inc/stm32g0xx_ll_usart.h:4264:26:LL_USART_ReceiveData9	16	static
../Drivers/STM32G0xx_HAL_Driver/Inc/stm32g0xx_ll_system.h:464:22:LL_SYSCFG_EnableFastModePlus	16	static
../Drivers/STM32G0xx_HAL_Driver/Inc/stm32g0xx_ll_gpio.h:857:22:LL_GPIO_SetOutputPin	16	static
../Drivers/STM32G0xx_HAL_Driver/Inc/stm32g0xx_ll_gpio.h:886:22:LL_GPIO_ResetOutputPin	16	static
../Drivers/STM32G0xx_HAL_Driver/Inc/stm32g0xx_ll_bus.h:467:22:LL_APB1_GRP1_EnableClock	24	static
../Drivers/STM32G0xx_HAL_Driver/Inc/stm32g0xx_ll_bus.h:1135:22:LL_IOP_GRP1_EnableClock	24	static
../Core/Src/main.c:322:5:main	40	static
../Core/Src/main.c:514:6:SystemClock_Config	88	static
../Core/Src/main.c:561:13:MX_COMP1_Init	8	static
../Core/Src/main.c:596:13:MX_I2C1_Init	8	static
../Core/Src/main.c:644:13:MX_I2S1_Init	8	static
../Core/Src/main.c:676:13:MX_SPI2_Init	8	static
../Core/Src/main.c:716:13:MX_TIM1_Init	128	static
../Core/Src/main.c:811:13:MX_USART2_UART_Init	128	static
../Core/Src/main.c:898:13:MX_USART3_Init	8	static
../Core/Src/main.c:935:13:MX_DMA_Init	16	static
../Core/Src/main.c:959:13:MX_GPIO_Init	32	static
../Core/Src/main.c:1101:7:USART2_RX_Callback	8	static
../Core/Src/main.c:1119:6:HAL_SPI_RxHalfCpltCallback	16	static
../Core/Src/main.c:1147:6:HAL_SPI_RxCpltCallback	16	static
../Core/Src/main.c:1158:6:HAL_USART_TxCpltCallback	16	static
../Core/Src/main.c:1170:6:HAL_SPI_TxCpltCallback	16	static
../Core/Src/main.c:1178:6:HAL_I2S_TxHalfCpltCallback	16	static
../Core/Src/main.c:1183:6:HAL_I2S_TxCpltCallback	16	static
../Core/Src/main.c:1188:7:cmdReceive	24	static
../Core/Src/main.c:1224:7:USART_AS_SPI_sendCMD	16	static
../Core/Src/main.c:1227:7:USART_AS_SPI_sendDAT	16	static
../Core/Src/main.c:1231:7:weoInit	8	static
../Core/Src/main.c:1291:7:weoClear	16	static
../Core/Src/main.c:1312:7:weoDrawRectangleFilled	40	static
../Core/Src/main.c:1350:7:weoDrawRectangleInit	40	static
../Core/Src/main.c:1375:7:weoReset	8	static
../Core/Src/main.c:1382:7:I2C_SOUND_ChangePage	32	static
../Core/Src/main.c:1386:7:WriteReg_I2C_SOUND	32	static
../Core/Src/main.c:1390:7:soundSetup	8	static
../Core/Src/main.c:1432:10:answer2CPU	24	static
../Core/Src/main.c:1667:7:MEM_Reset	16	static,ignoring_inline_asm
../Core/Src/main.c:1693:10:weoShowFullScreen	48	static
../Core/Src/main.c:1724:10:weoShowFullScreenDMA	40	static
../Core/Src/main.c:1756:10:weoShowSmallImage	8248	static
../Core/Src/main.c:1815:10:weoShowSmallImageDMA	56	static
../Core/Src/main.c:1883:11:soundPlay	64	static,ignoring_inline_asm
../Core/Src/main.c:2090:8:sound_half_transfer_callback	8	static
../Core/Src/main.c:2095:8:sound_full_transfer_callback	8	static
../Core/Src/main.c:2116:9:setVolume	32	static
../Core/Src/main.c:2132:9:speakerMute	8	static
../Core/Src/main.c:2138:9:speakerPowerUp	8	static
../Core/Src/main.c:2145:7:MEM_Write	32	static,ignoring_inline_asm
../Core/Src/main.c:2171:11:MEM_GetID	16	static
../Core/Src/main.c:2188:7:MEM_EraseImg	32	static,ignoring_inline_asm
../Core/Src/main.c:2217:11:Scount	8	static
../Core/Src/main.c:2222:7:cmdExecute	32	static
../Core/Src/main.c:2323:10:printASCIIarray	176	dynamic
../Core/Src/main.c:2473:7:squeak_generate	40	static
../Core/Src/main.c:2564:7:LIS3DHsendCMD	32	static
../Core/Src/main.c:2569:10:LIS3DHreadReg	48	static
../Core/Src/main.c:2605:7:LIS3DHsetup	16	static
../Core/Src/main.c:2626:7:GPIO_2_3state	8	static
../Core/Src/main.c:2694:6:Error_Handler	8	static
