core_cm0plus.h:741:22:__NVIC_EnableIRQ	16	static,ignoring_inline_asm
core_cm0plus.h:850:22:__NVIC_SetPriority	24	static
stm32g0xx_ll_usart.h:616:22:LL_USART_Enable	16	static
stm32g0xx_ll_usart.h:667:22:LL_USART_DisableFIFO	16	static
stm32g0xx_ll_usart.h:700:22:LL_USART_SetTXFIFOThreshold	16	static
stm32g0xx_ll_usart.h:739:22:LL_USART_SetRXFIFOThreshold	16	static
stm32g0xx_ll_usart.h:2650:22:LL_USART_ConfigAsyncMode	16	static
stm32g0xx_ll_usart.h:3165:26:LL_USART_IsActiveFlag_TEACK	16	static
stm32g0xx_ll_usart.h:3176:26:LL_USART_IsActiveFlag_REACK	16	static
stm32g0xx_ll_usart.h:3451:22:LL_USART_EnableIT_RXNE_RXFNE	16	static
stm32g0xx_ll_usart.h:3576:22:LL_USART_EnableIT_ERROR	16	static
stm32g0xx_ll_usart.h:4240:26:LL_USART_ReceiveData9	16	static
stm32g0xx_ll_system.h:463:22:LL_SYSCFG_EnableFastModePlus	16	static
stm32g0xx_ll_gpio.h:858:22:LL_GPIO_SetOutputPin	16	static
stm32g0xx_ll_gpio.h:887:22:LL_GPIO_ResetOutputPin	16	static
stm32g0xx_ll_bus.h:469:22:LL_APB1_GRP1_EnableClock	24	static
stm32g0xx_ll_bus.h:1141:22:LL_IOP_GRP1_EnableClock	24	static
main.c:302:5:main	40	static
main.c:487:6:SystemClock_Config	144	static
main.c:545:13:MX_COMP1_Init	8	static
main.c:580:13:MX_I2C1_Init	8	static
main.c:626:13:MX_I2S1_Init	8	static
main.c:658:13:MX_SPI2_Init	8	static
main.c:698:13:MX_TIM1_Init	128	static
main.c:793:13:MX_USART2_UART_Init	72	static
main.c:870:13:MX_USART3_Init	8	static
main.c:907:13:MX_DMA_Init	16	static
main.c:931:13:MX_GPIO_Init	32	static
main.c:1073:7:USART2_RX_Callback	8	static
main.c:1091:6:HAL_SPI_RxHalfCpltCallback	16	static
main.c:1110:6:HAL_SPI_RxCpltCallback	16	static
main.c:1120:6:HAL_USART_TxCpltCallback	16	static
main.c:1129:6:HAL_SPI_TxCpltCallback	16	static
main.c:1137:6:HAL_I2S_TxCpltCallback	16	static
main.c:1162:7:cmdReceive	24	static
main.c:1199:7:USART_AS_SPI_sendCMD	16	static
main.c:1202:7:USART_AS_SPI_sendDAT	16	static
main.c:1206:7:weoInit	8	static
main.c:1236:7:weoClear	16	static
main.c:1257:7:weoDrawRectangleFilled	40	static
main.c:1302:7:weoDrawRectangleInit	40	static
main.c:1327:7:weoReset	8	static
main.c:1334:7:I2C_SOUND_ChangePage	32	static
main.c:1338:7:WriteReg_I2C_SOUND	32	static
main.c:1342:7:soundSetup	8	static
main.c:1384:10:answer2CPU	24	static
main.c:1613:7:MEM_Reset	16	static,ignoring_inline_asm
main.c:1639:10:weoShowFullScreen	8240	static
main.c:1669:10:weoShowFullScreenDMA	8232	static
main.c:1700:10:weoShowSmallImage	8248	static
main.c:1759:10:weoShowSmallImageDMA	8248	static
main.c:1805:10:soundPlay	8248	static
main.c:1855:7:MEM_Write	32	static,ignoring_inline_asm
main.c:1881:11:MEM_GetID	16	static
main.c:1898:7:MEM_EraseImg	32	static,ignoring_inline_asm
main.c:1927:11:Scount	8	static
main.c:1932:10:cmdExecute	32	static
main.c:2050:10:printASCIIarray	456	dynamic
main.c:2200:7:squeak_generate	40	static
main.c:2210:7:squeak_single	16	static
main.c:2229:7:squeak_long	16	static
main.c:2254:7:squeak_double	16	static
main.c:2270:7:squeak_triple	16	static
main.c:2291:7:LIS3DHsendCMD	32	static
main.c:2296:10:LIS3DHreadReg	48	static
main.c:2332:7:LIS3DHsetup	16	static
main.c:2353:7:GPIO_2_3state	8	static
main.c:2421:6:Error_Handler	8	static
