core_cm0plus.h:741:22:__NVIC_EnableIRQ	16	static,ignoring_inline_asm
core_cm0plus.h:850:22:__NVIC_SetPriority	24	static
stm32g0xx_ll_usart.h:616:22:LL_USART_Enable	16	static
stm32g0xx_ll_usart.h:667:22:LL_USART_DisableFIFO	16	static
stm32g0xx_ll_usart.h:700:22:LL_USART_SetTXFIFOThreshold	16	static
stm32g0xx_ll_usart.h:739:22:LL_USART_SetRXFIFOThreshold	16	static
stm32g0xx_ll_usart.h:2650:22:LL_USART_ConfigAsyncMode	16	static
stm32g0xx_ll_usart.h:3165:26:LL_USART_IsActiveFlag_TEACK	16	static
stm32g0xx_ll_usart.h:3176:26:LL_USART_IsActiveFlag_REACK	16	static
stm32g0xx_ll_usart.h:3451:22:LL_USART_EnableIT_RXNE_RXFNE	16	static
stm32g0xx_ll_usart.h:3576:22:LL_USART_EnableIT_ERROR	16	static
stm32g0xx_ll_usart.h:4240:26:LL_USART_ReceiveData9	16	static
stm32g0xx_ll_system.h:463:22:LL_SYSCFG_EnableFastModePlus	16	static
stm32g0xx_ll_gpio.h:858:22:LL_GPIO_SetOutputPin	16	static
stm32g0xx_ll_gpio.h:887:22:LL_GPIO_ResetOutputPin	16	static
stm32g0xx_ll_bus.h:469:22:LL_APB1_GRP1_EnableClock	24	static
stm32g0xx_ll_bus.h:1141:22:LL_IOP_GRP1_EnableClock	24	static
main.c:290:5:main	40	static
main.c:411:6:SystemClock_Config	144	static
main.c:469:13:MX_COMP1_Init	8	static
main.c:504:13:MX_I2C1_Init	8	static
main.c:550:13:MX_I2S1_Init	8	static
main.c:582:13:MX_SPI2_Init	8	static
main.c:622:13:MX_TIM1_Init	128	static
main.c:717:13:MX_USART2_UART_Init	72	static
main.c:794:13:MX_USART3_Init	8	static
main.c:831:13:MX_DMA_Init	16	static
main.c:855:13:MX_GPIO_Init	32	static
main.c:997:7:USART2_RX_Callback	8	static
main.c:1016:6:HAL_SPI_RxHalfCpltCallback	16	static
main.c:1035:6:HAL_SPI_RxCpltCallback	16	static
main.c:1045:6:HAL_USART_TxCpltCallback	16	static
main.c:1054:6:HAL_SPI_TxCpltCallback	16	static
main.c:1062:6:HAL_I2S_TxCpltCallback	16	static
main.c:1085:7:cmdReceive	24	static
main.c:1115:7:USART_AS_SPI_sendCMD	16	static
main.c:1118:7:USART_AS_SPI_sendDAT	16	static
main.c:1122:7:weoInit	8	static
main.c:1152:7:weoClear	16	static
main.c:1173:7:weoDrawRectangleFilled	40	static
main.c:1214:7:weoDrawRectangleInit	40	static
main.c:1239:7:weoReset	8	static
main.c:1246:7:I2C_SOUND_ChangePage	32	static
main.c:1250:7:WriteReg_I2C_SOUND	32	static
main.c:1254:7:soundSetup	8	static
main.c:1296:10:answer2CPU	24	static
main.c:1519:7:MEM_Reset	16	static,ignoring_inline_asm
main.c:1545:10:weoShowFullScreen	8240	static
main.c:1575:10:weoShowFullScreenDMA	8232	static
main.c:1606:10:weoShowSmallImage	8248	static
main.c:1665:10:weoShowSmallImageDMA	8248	static
main.c:1711:10:soundPlay	8248	static
main.c:1761:7:MEM_Write	32	static,ignoring_inline_asm
main.c:1787:11:MEM_GetID	16	static
main.c:1804:7:MEM_EraseImg	32	static,ignoring_inline_asm
main.c:1833:11:Scount	8	static
main.c:1837:10:cmdExecute	16	static
main.c:1950:10:printASCIIarray	200	static
main.c:1990:7:squeak_generate	40	static
main.c:2000:7:squeak_single	16	static
main.c:2016:7:squeak_long	16	static
main.c:2041:7:squeak_double	16	static
main.c:2057:7:squeak_triple	16	static
main.c:2077:7:LIS3DHsendCMD	32	static
main.c:2082:10:LIS3DHreadReg	48	static
main.c:2089:10:LIS3DHreadData	8	static
main.c:2098:11:Accel_ReadAcc	16	static
main.c:2107:7:LIS3DHsetup	16	static
main.c:2193:6:Error_Handler	8	static
