../Drivers/CMSIS/Include/core_cm0plus.h:741:22:__NVIC_EnableIRQ	16	static,ignoring_inline_asm
../Drivers/CMSIS/Include/core_cm0plus.h:850:22:__NVIC_SetPriority	24	static
../Drivers/STM32G0xx_HAL_Driver/Inc/stm32g0xx_ll_usart.h:628:22:LL_USART_Enable	16	static
../Drivers/STM32G0xx_HAL_Driver/Inc/stm32g0xx_ll_usart.h:679:22:LL_USART_DisableFIFO	16	static
../Drivers/STM32G0xx_HAL_Driver/Inc/stm32g0xx_ll_usart.h:712:22:LL_USART_SetTXFIFOThreshold	32	static,ignoring_inline_asm
../Drivers/STM32G0xx_HAL_Driver/Inc/stm32g0xx_ll_usart.h:751:22:LL_USART_SetRXFIFOThreshold	32	static,ignoring_inline_asm
../Drivers/STM32G0xx_HAL_Driver/Inc/stm32g0xx_ll_usart.h:2667:22:LL_USART_ConfigAsyncMode	16	static
../Drivers/STM32G0xx_HAL_Driver/Inc/stm32g0xx_ll_usart.h:3189:26:LL_USART_IsActiveFlag_TEACK	16	static
../Drivers/STM32G0xx_HAL_Driver/Inc/stm32g0xx_ll_usart.h:3200:26:LL_USART_IsActiveFlag_REACK	16	static
../Drivers/STM32G0xx_HAL_Driver/Inc/stm32g0xx_ll_usart.h:3475:22:LL_USART_EnableIT_RXNE_RXFNE	32	static,ignoring_inline_asm
../Drivers/STM32G0xx_HAL_Driver/Inc/stm32g0xx_ll_usart.h:3600:22:LL_USART_EnableIT_ERROR	32	static,ignoring_inline_asm
../Drivers/STM32G0xx_HAL_Driver/Inc/stm32g0xx_ll_usart.h:4264:26:LL_USART_ReceiveData9	16	static
../Drivers/STM32G0xx_HAL_Driver/Inc/stm32g0xx_ll_system.h:464:22:LL_SYSCFG_EnableFastModePlus	16	static
../Drivers/STM32G0xx_HAL_Driver/Inc/stm32g0xx_ll_gpio.h:857:22:LL_GPIO_SetOutputPin	16	static
../Drivers/STM32G0xx_HAL_Driver/Inc/stm32g0xx_ll_gpio.h:886:22:LL_GPIO_ResetOutputPin	16	static
../Drivers/STM32G0xx_HAL_Driver/Inc/stm32g0xx_ll_bus.h:467:22:LL_APB1_GRP1_EnableClock	24	static
../Drivers/STM32G0xx_HAL_Driver/Inc/stm32g0xx_ll_bus.h:1135:22:LL_IOP_GRP1_EnableClock	24	static
../Core/Src/main.c:324:5:main	40	static
../Core/Src/main.c:517:6:SystemClock_Config	88	static
../Core/Src/main.c:564:13:MX_COMP1_Init	8	static
../Core/Src/main.c:599:13:MX_I2C1_Init	8	static
../Core/Src/main.c:647:13:MX_I2S1_Init	8	static
../Core/Src/main.c:679:13:MX_SPI2_Init	8	static
../Core/Src/main.c:719:13:MX_TIM1_Init	128	static
../Core/Src/main.c:814:13:MX_USART2_UART_Init	128	static
../Core/Src/main.c:901:13:MX_USART3_Init	8	static
../Core/Src/main.c:938:13:MX_DMA_Init	16	static
../Core/Src/main.c:962:13:MX_GPIO_Init	32	static
../Core/Src/main.c:1104:7:USART2_RX_Callback	8	static
../Core/Src/main.c:1122:6:HAL_SPI_RxHalfCpltCallback	16	static
../Core/Src/main.c:1150:6:HAL_SPI_RxCpltCallback	16	static
../Core/Src/main.c:1161:6:HAL_USART_TxCpltCallback	16	static
../Core/Src/main.c:1173:6:HAL_SPI_TxCpltCallback	16	static
../Core/Src/main.c:1181:6:HAL_I2S_TxHalfCpltCallback	16	static
../Core/Src/main.c:1186:6:HAL_I2S_TxCpltCallback	16	static
../Core/Src/main.c:1191:7:cmdReceive	24	static
../Core/Src/main.c:1234:7:USART_AS_SPI_sendCMD	16	static
../Core/Src/main.c:1237:7:USART_AS_SPI_sendDAT	16	static
../Core/Src/main.c:1241:7:weoInit	8	static
../Core/Src/main.c:1301:7:weoClear	16	static
../Core/Src/main.c:1322:7:weoDrawRectangleFilled	40	static
../Core/Src/main.c:1360:7:weoDrawRectangleInit	40	static
../Core/Src/main.c:1385:7:weoReset	8	static
../Core/Src/main.c:1392:7:I2C_SOUND_ChangePage	32	static
../Core/Src/main.c:1396:7:WriteReg_I2C_SOUND	32	static
../Core/Src/main.c:1400:7:soundSetup	8	static
../Core/Src/main.c:1442:10:answer2CPU	24	static
../Core/Src/main.c:1677:7:MEM_Reset	16	static,ignoring_inline_asm
../Core/Src/main.c:1703:10:weoShowFullScreen	48	static
../Core/Src/main.c:1734:10:weoShowFullScreenDMA	40	static
../Core/Src/main.c:1766:10:weoShowSmallImage	8248	static
../Core/Src/main.c:1825:10:weoShowSmallImageDMA	56	static
../Core/Src/main.c:1893:11:soundPlay	64	static
../Core/Src/main.c:2115:8:sound_half_transfer_callback	8	static
../Core/Src/main.c:2120:8:sound_full_transfer_callback	8	static
../Core/Src/main.c:2144:9:setVolume	32	static
../Core/Src/main.c:2160:9:speakerMute	8	static
../Core/Src/main.c:2166:9:speakerPowerUp	8	static
../Core/Src/main.c:2173:7:MEM_Write	32	static,ignoring_inline_asm
../Core/Src/main.c:2199:11:MEM_GetID	16	static
../Core/Src/main.c:2216:7:MEM_EraseImg	32	static,ignoring_inline_asm
../Core/Src/main.c:2245:11:Scount	8	static
../Core/Src/main.c:2250:7:cmdExecute	32	static
../Core/Src/main.c:2359:10:printASCIIarray	176	dynamic
../Core/Src/main.c:2497:7:squeak_generate	40	static
../Core/Src/main.c:2588:7:LIS3DHsendCMD	32	static
../Core/Src/main.c:2593:10:LIS3DHreadReg	48	static
../Core/Src/main.c:2629:7:LIS3DHsetup	16	static
../Core/Src/main.c:2650:7:GPIO_2_3state	8	static
../Core/Src/main.c:2718:6:Error_Handler	8	static
