../Drivers/CMSIS/Include/core_cm0plus.h:741:22:__NVIC_EnableIRQ	16	static,ignoring_inline_asm
../Drivers/CMSIS/Include/core_cm0plus.h:850:22:__NVIC_SetPriority	24	static
../Drivers/STM32G0xx_HAL_Driver/Inc/stm32g0xx_ll_usart.h:628:22:LL_USART_Enable	16	static
../Drivers/STM32G0xx_HAL_Driver/Inc/stm32g0xx_ll_usart.h:679:22:LL_USART_DisableFIFO	16	static
../Drivers/STM32G0xx_HAL_Driver/Inc/stm32g0xx_ll_usart.h:712:22:LL_USART_SetTXFIFOThreshold	32	static,ignoring_inline_asm
../Drivers/STM32G0xx_HAL_Driver/Inc/stm32g0xx_ll_usart.h:751:22:LL_USART_SetRXFIFOThreshold	32	static,ignoring_inline_asm
../Drivers/STM32G0xx_HAL_Driver/Inc/stm32g0xx_ll_usart.h:2667:22:LL_USART_ConfigAsyncMode	16	static
../Drivers/STM32G0xx_HAL_Driver/Inc/stm32g0xx_ll_usart.h:3189:26:LL_USART_IsActiveFlag_TEACK	16	static
../Drivers/STM32G0xx_HAL_Driver/Inc/stm32g0xx_ll_usart.h:3200:26:LL_USART_IsActiveFlag_REACK	16	static
../Drivers/STM32G0xx_HAL_Driver/Inc/stm32g0xx_ll_usart.h:3475:22:LL_USART_EnableIT_RXNE_RXFNE	32	static,ignoring_inline_asm
../Drivers/STM32G0xx_HAL_Driver/Inc/stm32g0xx_ll_usart.h:3600:22:LL_USART_EnableIT_ERROR	32	static,ignoring_inline_asm
../Drivers/STM32G0xx_HAL_Driver/Inc/stm32g0xx_ll_usart.h:4264:26:LL_USART_ReceiveData9	16	static
../Drivers/STM32G0xx_HAL_Driver/Inc/stm32g0xx_ll_system.h:464:22:LL_SYSCFG_EnableFastModePlus	16	static
../Drivers/STM32G0xx_HAL_Driver/Inc/stm32g0xx_ll_gpio.h:857:22:LL_GPIO_SetOutputPin	16	static
../Drivers/STM32G0xx_HAL_Driver/Inc/stm32g0xx_ll_gpio.h:886:22:LL_GPIO_ResetOutputPin	16	static
../Drivers/STM32G0xx_HAL_Driver/Inc/stm32g0xx_ll_bus.h:467:22:LL_APB1_GRP1_EnableClock	24	static
../Drivers/STM32G0xx_HAL_Driver/Inc/stm32g0xx_ll_bus.h:1135:22:LL_IOP_GRP1_EnableClock	24	static
../Core/Src/main.c:323:5:main	40	static
../Core/Src/main.c:516:6:SystemClock_Config	88	static
../Core/Src/main.c:563:13:MX_COMP1_Init	8	static
../Core/Src/main.c:598:13:MX_I2C1_Init	8	static
../Core/Src/main.c:646:13:MX_I2S1_Init	8	static
../Core/Src/main.c:678:13:MX_SPI2_Init	8	static
../Core/Src/main.c:718:13:MX_TIM1_Init	128	static
../Core/Src/main.c:813:13:MX_USART2_UART_Init	128	static
../Core/Src/main.c:900:13:MX_USART3_Init	8	static
../Core/Src/main.c:937:13:MX_DMA_Init	16	static
../Core/Src/main.c:961:13:MX_GPIO_Init	32	static
../Core/Src/main.c:1103:7:USART2_RX_Callback	8	static
../Core/Src/main.c:1121:6:HAL_SPI_RxHalfCpltCallback	16	static
../Core/Src/main.c:1149:6:HAL_SPI_RxCpltCallback	16	static
../Core/Src/main.c:1160:6:HAL_USART_TxCpltCallback	16	static
../Core/Src/main.c:1172:6:HAL_SPI_TxCpltCallback	16	static
../Core/Src/main.c:1180:6:HAL_I2S_TxHalfCpltCallback	16	static
../Core/Src/main.c:1185:6:HAL_I2S_TxCpltCallback	16	static
../Core/Src/main.c:1190:7:cmdReceive	24	static
../Core/Src/main.c:1226:7:USART_AS_SPI_sendCMD	16	static
../Core/Src/main.c:1229:7:USART_AS_SPI_sendDAT	16	static
../Core/Src/main.c:1233:7:weoInit	8	static
../Core/Src/main.c:1293:7:weoClear	16	static
../Core/Src/main.c:1314:7:weoDrawRectangleFilled	40	static
../Core/Src/main.c:1352:7:weoDrawRectangleInit	40	static
../Core/Src/main.c:1377:7:weoReset	8	static
../Core/Src/main.c:1384:7:I2C_SOUND_ChangePage	32	static
../Core/Src/main.c:1388:7:WriteReg_I2C_SOUND	32	static
../Core/Src/main.c:1392:7:soundSetup	8	static
../Core/Src/main.c:1434:10:answer2CPU	24	static
../Core/Src/main.c:1669:7:MEM_Reset	16	static,ignoring_inline_asm
../Core/Src/main.c:1695:10:weoShowFullScreen	48	static
../Core/Src/main.c:1726:10:weoShowFullScreenDMA	40	static
../Core/Src/main.c:1758:10:weoShowSmallImage	8248	static
../Core/Src/main.c:1817:10:weoShowSmallImageDMA	56	static
../Core/Src/main.c:1885:11:soundPlay	64	static
../Core/Src/main.c:2107:8:sound_half_transfer_callback	8	static
../Core/Src/main.c:2112:8:sound_full_transfer_callback	8	static
../Core/Src/main.c:2136:9:setVolume	32	static
../Core/Src/main.c:2152:9:speakerMute	8	static
../Core/Src/main.c:2158:9:speakerPowerUp	8	static
../Core/Src/main.c:2165:7:MEM_Write	32	static,ignoring_inline_asm
../Core/Src/main.c:2191:11:MEM_GetID	16	static
../Core/Src/main.c:2208:7:MEM_EraseImg	32	static,ignoring_inline_asm
../Core/Src/main.c:2237:11:Scount	8	static
../Core/Src/main.c:2242:7:cmdExecute	32	static
../Core/Src/main.c:2344:10:printASCIIarray	176	dynamic
../Core/Src/main.c:2482:7:squeak_generate	40	static
../Core/Src/main.c:2573:7:LIS3DHsendCMD	32	static
../Core/Src/main.c:2578:10:LIS3DHreadReg	48	static
../Core/Src/main.c:2614:7:LIS3DHsetup	16	static
../Core/Src/main.c:2635:7:GPIO_2_3state	8	static
../Core/Src/main.c:2703:6:Error_Handler	8	static
