core_cm0plus.h:741:22:__NVIC_EnableIRQ	16	static,ignoring_inline_asm
core_cm0plus.h:850:22:__NVIC_SetPriority	24	static
stm32g0xx_ll_usart.h:616:22:LL_USART_Enable	16	static
stm32g0xx_ll_usart.h:667:22:LL_USART_DisableFIFO	16	static
stm32g0xx_ll_usart.h:700:22:LL_USART_SetTXFIFOThreshold	16	static
stm32g0xx_ll_usart.h:739:22:LL_USART_SetRXFIFOThreshold	16	static
stm32g0xx_ll_usart.h:2650:22:LL_USART_ConfigAsyncMode	16	static
stm32g0xx_ll_usart.h:3165:26:LL_USART_IsActiveFlag_TEACK	16	static
stm32g0xx_ll_usart.h:3176:26:LL_USART_IsActiveFlag_REACK	16	static
stm32g0xx_ll_usart.h:3451:22:LL_USART_EnableIT_RXNE_RXFNE	16	static
stm32g0xx_ll_usart.h:3576:22:LL_USART_EnableIT_ERROR	16	static
stm32g0xx_ll_usart.h:4240:26:LL_USART_ReceiveData9	16	static
stm32g0xx_ll_system.h:463:22:LL_SYSCFG_EnableFastModePlus	16	static
stm32g0xx_ll_gpio.h:858:22:LL_GPIO_SetOutputPin	16	static
stm32g0xx_ll_gpio.h:887:22:LL_GPIO_ResetOutputPin	16	static
stm32g0xx_ll_bus.h:469:22:LL_APB1_GRP1_EnableClock	24	static
stm32g0xx_ll_bus.h:1141:22:LL_IOP_GRP1_EnableClock	24	static
main.c:268:5:main	40	static
main.c:386:6:SystemClock_Config	144	static
main.c:444:13:MX_COMP1_Init	8	static
main.c:479:13:MX_I2C1_Init	8	static
main.c:525:13:MX_I2S1_Init	8	static
main.c:557:13:MX_SPI2_Init	8	static
main.c:597:13:MX_TIM1_Init	128	static
main.c:692:13:MX_USART2_UART_Init	72	static
main.c:769:13:MX_USART3_Init	8	static
main.c:806:13:MX_DMA_Init	16	static
main.c:830:13:MX_GPIO_Init	32	static
main.c:970:7:USART2_RX_Callback	8	static
main.c:989:6:HAL_SPI_RxHalfCpltCallback	16	static
main.c:1005:6:HAL_SPI_RxCpltCallback	16	static
main.c:1015:6:HAL_USART_TxCpltCallback	16	static
main.c:1024:6:HAL_SPI_TxCpltCallback	16	static
main.c:1033:7:cmdReceive	24	static
main.c:1057:7:USART_AS_SPI_sendCMD	16	static
main.c:1060:7:USART_AS_SPI_sendDAT	16	static
main.c:1064:7:weoInit	8	static
main.c:1094:7:weoClear	16	static
main.c:1115:7:weoDrawRectangleFilled	40	static
main.c:1156:7:weoDrawRectangleInit	40	static
main.c:1181:7:weoReset	8	static
main.c:1188:7:I2C_SOUND_ChangePage	32	static
main.c:1192:7:WriteReg_I2C_SOUND	32	static
main.c:1196:7:soundSetup	8	static
main.c:1238:10:answer2CPU	24	static
main.c:1453:7:MEM_Reset	16	static,ignoring_inline_asm
main.c:1479:10:weoShowFullScreen	8240	static
main.c:1509:10:weoShowFullScreenDMA	8232	static
main.c:1539:10:weoShowSmallImage	8256	static
main.c:1597:10:weoShowSmallImageDMA	8248	static
main.c:1643:10:soundPlay	8248	static
main.c:1693:7:MEM_Write	32	static,ignoring_inline_asm
main.c:1719:11:MEM_GetID	16	static
main.c:1736:7:MEM_EraseImg	32	static,ignoring_inline_asm
main.c:1765:11:Scount	8	static
main.c:1769:10:cmdExecute	16	static
main.c:1871:10:printASCIIarray	200	static
main.c:1911:7:squeak_single	4136	static
main.c:1935:7:squeak_long	4136	static
main.c:1963:7:squeak_double	4136	static
main.c:1987:7:squeak_triple	4136	static
main.c:2015:7:LIS3DHsendCMD	32	static
main.c:2020:10:LIS3DHreadReg	48	static
main.c:2027:7:LIS3DHsetup	16	static
main.c:2113:6:Error_Handler	8	static
