core_cm0plus.h:741:22:__NVIC_EnableIRQ	16	static,ignoring_inline_asm
core_cm0plus.h:850:22:__NVIC_SetPriority	24	static
stm32g0xx_ll_usart.h:616:22:LL_USART_Enable	16	static
stm32g0xx_ll_usart.h:667:22:LL_USART_DisableFIFO	16	static
stm32g0xx_ll_usart.h:700:22:LL_USART_SetTXFIFOThreshold	16	static
stm32g0xx_ll_usart.h:739:22:LL_USART_SetRXFIFOThreshold	16	static
stm32g0xx_ll_usart.h:2650:22:LL_USART_ConfigAsyncMode	16	static
stm32g0xx_ll_usart.h:3165:26:LL_USART_IsActiveFlag_TEACK	16	static
stm32g0xx_ll_usart.h:3176:26:LL_USART_IsActiveFlag_REACK	16	static
stm32g0xx_ll_usart.h:3451:22:LL_USART_EnableIT_RXNE_RXFNE	16	static
stm32g0xx_ll_usart.h:3576:22:LL_USART_EnableIT_ERROR	16	static
stm32g0xx_ll_usart.h:4240:26:LL_USART_ReceiveData9	16	static
stm32g0xx_ll_system.h:463:22:LL_SYSCFG_EnableFastModePlus	16	static
stm32g0xx_ll_gpio.h:858:22:LL_GPIO_SetOutputPin	16	static
stm32g0xx_ll_gpio.h:887:22:LL_GPIO_ResetOutputPin	16	static
stm32g0xx_ll_bus.h:469:22:LL_APB1_GRP1_EnableClock	24	static
stm32g0xx_ll_bus.h:1141:22:LL_IOP_GRP1_EnableClock	24	static
main.c:283:5:main	40	static
main.c:401:6:SystemClock_Config	144	static
main.c:459:13:MX_COMP1_Init	8	static
main.c:494:13:MX_I2C1_Init	8	static
main.c:540:13:MX_I2S1_Init	8	static
main.c:572:13:MX_SPI2_Init	8	static
main.c:612:13:MX_TIM1_Init	128	static
main.c:707:13:MX_USART2_UART_Init	72	static
main.c:784:13:MX_USART3_Init	8	static
main.c:821:13:MX_DMA_Init	16	static
main.c:845:13:MX_GPIO_Init	32	static
main.c:986:7:USART2_RX_Callback	8	static
main.c:1005:6:HAL_SPI_RxHalfCpltCallback	16	static
main.c:1020:6:HAL_SPI_RxCpltCallback	16	static
main.c:1030:6:HAL_USART_TxCpltCallback	16	static
main.c:1039:6:HAL_SPI_TxCpltCallback	16	static
main.c:1048:6:HAL_I2S_TxHalfCpltCallback	32	static
main.c:1069:7:cmdReceive	24	static
main.c:1093:7:USART_AS_SPI_sendCMD	16	static
main.c:1096:7:USART_AS_SPI_sendDAT	16	static
main.c:1100:7:weoInit	8	static
main.c:1130:7:weoClear	16	static
main.c:1151:7:weoDrawRectangleFilled	40	static
main.c:1192:7:weoDrawRectangleInit	40	static
main.c:1217:7:weoReset	8	static
main.c:1224:7:I2C_SOUND_ChangePage	32	static
main.c:1228:7:WriteReg_I2C_SOUND	32	static
main.c:1232:7:soundSetup	8	static
main.c:1274:10:answer2CPU	24	static
main.c:1489:7:MEM_Reset	16	static,ignoring_inline_asm
main.c:1515:10:weoShowFullScreen	8240	static
main.c:1545:10:weoShowFullScreenDMA	8232	static
main.c:1575:10:weoShowSmallImage	8256	static
main.c:1633:10:weoShowSmallImageDMA	8248	static
main.c:1679:10:soundPlay	8248	static
main.c:1729:7:MEM_Write	32	static,ignoring_inline_asm
main.c:1755:11:MEM_GetID	16	static
main.c:1772:7:MEM_EraseImg	32	static,ignoring_inline_asm
main.c:1801:11:Scount	8	static
main.c:1805:10:cmdExecute	16	static
main.c:1907:10:printASCIIarray	200	static
main.c:1947:7:squeak_single	4136	static
main.c:1971:7:squeak_long	4136	static
main.c:1999:7:squeak_double	4136	static
main.c:2023:7:squeak_triple	4136	static
main.c:2051:7:LIS3DHsendCMD	32	static
main.c:2056:10:LIS3DHreadReg	48	static
main.c:2063:10:LIS3DHreadData	8	static
main.c:2072:11:Accel_ReadAcc	16	static
main.c:2081:7:LIS3DHsetup	16	static
main.c:2167:6:Error_Handler	8	static
