core_cm0plus.h:741:22:__NVIC_EnableIRQ	16	static,ignoring_inline_asm
core_cm0plus.h:850:22:__NVIC_SetPriority	24	static
stm32g0xx_ll_usart.h:616:22:LL_USART_Enable	16	static
stm32g0xx_ll_usart.h:667:22:LL_USART_DisableFIFO	16	static
stm32g0xx_ll_usart.h:700:22:LL_USART_SetTXFIFOThreshold	16	static
stm32g0xx_ll_usart.h:739:22:LL_USART_SetRXFIFOThreshold	16	static
stm32g0xx_ll_usart.h:2650:22:LL_USART_ConfigAsyncMode	16	static
stm32g0xx_ll_usart.h:3165:26:LL_USART_IsActiveFlag_TEACK	16	static
stm32g0xx_ll_usart.h:3176:26:LL_USART_IsActiveFlag_REACK	16	static
stm32g0xx_ll_usart.h:3451:22:LL_USART_EnableIT_RXNE_RXFNE	16	static
stm32g0xx_ll_usart.h:3576:22:LL_USART_EnableIT_ERROR	16	static
stm32g0xx_ll_usart.h:4240:26:LL_USART_ReceiveData9	16	static
stm32g0xx_ll_system.h:463:22:LL_SYSCFG_EnableFastModePlus	16	static
stm32g0xx_ll_gpio.h:858:22:LL_GPIO_SetOutputPin	16	static
stm32g0xx_ll_gpio.h:887:22:LL_GPIO_ResetOutputPin	16	static
stm32g0xx_ll_bus.h:469:22:LL_APB1_GRP1_EnableClock	24	static
stm32g0xx_ll_bus.h:1141:22:LL_IOP_GRP1_EnableClock	24	static
main.c:300:5:main	40	static
main.c:484:6:SystemClock_Config	144	static
main.c:542:13:MX_COMP1_Init	8	static
main.c:577:13:MX_I2C1_Init	8	static
main.c:623:13:MX_I2S1_Init	8	static
main.c:655:13:MX_SPI2_Init	8	static
main.c:695:13:MX_TIM1_Init	128	static
main.c:790:13:MX_USART2_UART_Init	72	static
main.c:867:13:MX_USART3_Init	8	static
main.c:904:13:MX_DMA_Init	16	static
main.c:928:13:MX_GPIO_Init	32	static
main.c:1070:7:USART2_RX_Callback	8	static
main.c:1089:6:HAL_SPI_RxHalfCpltCallback	16	static
main.c:1108:6:HAL_SPI_RxCpltCallback	16	static
main.c:1118:6:HAL_USART_TxCpltCallback	16	static
main.c:1127:6:HAL_SPI_TxCpltCallback	16	static
main.c:1135:6:HAL_I2S_TxCpltCallback	16	static
main.c:1160:7:cmdReceive	24	static
main.c:1190:7:USART_AS_SPI_sendCMD	16	static
main.c:1193:7:USART_AS_SPI_sendDAT	16	static
main.c:1197:7:weoInit	8	static
main.c:1227:7:weoClear	16	static
main.c:1248:7:weoDrawRectangleFilled	40	static
main.c:1293:7:weoDrawRectangleInit	40	static
main.c:1318:7:weoReset	8	static
main.c:1325:7:I2C_SOUND_ChangePage	32	static
main.c:1329:7:WriteReg_I2C_SOUND	32	static
main.c:1333:7:soundSetup	8	static
main.c:1375:10:answer2CPU	24	static
main.c:1602:7:MEM_Reset	16	static,ignoring_inline_asm
main.c:1628:10:weoShowFullScreen	8240	static
main.c:1658:10:weoShowFullScreenDMA	8232	static
main.c:1689:10:weoShowSmallImage	8248	static
main.c:1748:10:weoShowSmallImageDMA	8248	static
main.c:1794:10:soundPlay	8248	static
main.c:1844:7:MEM_Write	32	static,ignoring_inline_asm
main.c:1870:11:MEM_GetID	16	static
main.c:1887:7:MEM_EraseImg	32	static,ignoring_inline_asm
main.c:1916:11:Scount	8	static
main.c:1921:10:cmdExecute	32	static
main.c:2039:10:printASCIIarray	296	dynamic
main.c:2116:7:squeak_generate	40	static
main.c:2126:7:squeak_single	16	static
main.c:2145:7:squeak_long	16	static
main.c:2170:7:squeak_double	16	static
main.c:2186:7:squeak_triple	16	static
main.c:2207:7:LIS3DHsendCMD	32	static
main.c:2212:10:LIS3DHreadReg	48	static
main.c:2248:7:LIS3DHsetup	16	static
main.c:2334:6:Error_Handler	8	static
