core_cm0plus.h:741:22:__NVIC_EnableIRQ	16	static,ignoring_inline_asm
core_cm0plus.h:850:22:__NVIC_SetPriority	24	static
stm32g0xx_ll_usart.h:616:22:LL_USART_Enable	16	static
stm32g0xx_ll_usart.h:667:22:LL_USART_DisableFIFO	16	static
stm32g0xx_ll_usart.h:700:22:LL_USART_SetTXFIFOThreshold	16	static
stm32g0xx_ll_usart.h:739:22:LL_USART_SetRXFIFOThreshold	16	static
stm32g0xx_ll_usart.h:2650:22:LL_USART_ConfigAsyncMode	16	static
stm32g0xx_ll_usart.h:3165:26:LL_USART_IsActiveFlag_TEACK	16	static
stm32g0xx_ll_usart.h:3176:26:LL_USART_IsActiveFlag_REACK	16	static
stm32g0xx_ll_usart.h:3451:22:LL_USART_EnableIT_RXNE_RXFNE	16	static
stm32g0xx_ll_usart.h:3576:22:LL_USART_EnableIT_ERROR	16	static
stm32g0xx_ll_usart.h:4240:26:LL_USART_ReceiveData9	16	static
stm32g0xx_ll_system.h:463:22:LL_SYSCFG_EnableFastModePlus	16	static
stm32g0xx_ll_gpio.h:858:22:LL_GPIO_SetOutputPin	16	static
stm32g0xx_ll_bus.h:469:22:LL_APB1_GRP1_EnableClock	24	static
stm32g0xx_ll_bus.h:1141:22:LL_IOP_GRP1_EnableClock	24	static
main.c:191:5:main	32	static
main.c:273:6:SystemClock_Config	144	static
main.c:331:13:MX_COMP1_Init	8	static
main.c:366:13:MX_I2C1_Init	8	static
main.c:412:13:MX_I2S1_Init	8	static
main.c:444:13:MX_SPI2_Init	8	static
main.c:484:13:MX_TIM1_Init	128	static
main.c:579:13:MX_USART2_UART_Init	72	static
main.c:656:13:MX_USART3_Init	8	static
main.c:700:13:MX_DMA_Init	16	static
main.c:718:13:MX_GPIO_Init	32	static
main.c:849:7:USART2_RX_Callback	8	static
main.c:867:7:cmdReceive	24	static
main.c:891:7:USART_AS_SPI_sendCMD	16	static
main.c:902:7:USART_AS_SPI_sendDAT	16	static
main.c:915:7:weoInit	8	static
main.c:939:7:weoClear	16	static
main.c:962:7:Pic_show	32	static
main.c:980:7:weoDrawRectangleFilled	40	static
main.c:1027:7:weoDrawRectangleInit	40	static
main.c:1053:7:weoReset	8	static
main.c:1060:7:I2C_SOUND_ChangePage	32	static
main.c:1064:7:WriteReg_I2C_SOUND	32	static
main.c:1068:7:soundSetup	8	static
main.c:1104:10:answer2CPU	24	static
main.c:1315:7:MEM_Reset	16	static,ignoring_inline_asm
main.c:1341:10:showFullScreen	8240	static
main.c:1374:10:showFullScreen_FAST	8240	static
main.c:1425:10:showSmallImage	8256	static
main.c:1471:10:showSmallImageFAST	8248	static
main.c:1529:10:playSound	8248	static
main.c:1565:7:MEM_Write	32	static,ignoring_inline_asm
main.c:1591:11:MEM_GetID	16	static
main.c:1608:7:MEM_EraseImg	32	static,ignoring_inline_asm
main.c:1636:7:Demo	8	static
main.c:1648:11:Scount	8	static
main.c:1651:10:cmdExecute	16	static
main.c:1725:10:printASCIIarray_old	88	static
main.c:1800:10:printASCIIarray	88	static
main.c:2157:6:Error_Handler	8	static
