../Drivers/CMSIS/Include/core_cm0plus.h:741:22:__NVIC_EnableIRQ	16	static,ignoring_inline_asm
../Drivers/CMSIS/Include/core_cm0plus.h:850:22:__NVIC_SetPriority	24	static
../Drivers/STM32G0xx_HAL_Driver/Inc/stm32g0xx_ll_usart.h:628:22:LL_USART_Enable	16	static
../Drivers/STM32G0xx_HAL_Driver/Inc/stm32g0xx_ll_usart.h:679:22:LL_USART_DisableFIFO	16	static
../Drivers/STM32G0xx_HAL_Driver/Inc/stm32g0xx_ll_usart.h:712:22:LL_USART_SetTXFIFOThreshold	32	static,ignoring_inline_asm
../Drivers/STM32G0xx_HAL_Driver/Inc/stm32g0xx_ll_usart.h:751:22:LL_USART_SetRXFIFOThreshold	32	static,ignoring_inline_asm
../Drivers/STM32G0xx_HAL_Driver/Inc/stm32g0xx_ll_usart.h:2667:22:LL_USART_ConfigAsyncMode	16	static
../Drivers/STM32G0xx_HAL_Driver/Inc/stm32g0xx_ll_usart.h:3189:26:LL_USART_IsActiveFlag_TEACK	16	static
../Drivers/STM32G0xx_HAL_Driver/Inc/stm32g0xx_ll_usart.h:3200:26:LL_USART_IsActiveFlag_REACK	16	static
../Drivers/STM32G0xx_HAL_Driver/Inc/stm32g0xx_ll_usart.h:3475:22:LL_USART_EnableIT_RXNE_RXFNE	32	static,ignoring_inline_asm
../Drivers/STM32G0xx_HAL_Driver/Inc/stm32g0xx_ll_usart.h:3600:22:LL_USART_EnableIT_ERROR	32	static,ignoring_inline_asm
../Drivers/STM32G0xx_HAL_Driver/Inc/stm32g0xx_ll_usart.h:4264:26:LL_USART_ReceiveData9	16	static
../Drivers/STM32G0xx_HAL_Driver/Inc/stm32g0xx_ll_system.h:464:22:LL_SYSCFG_EnableFastModePlus	16	static
../Drivers/STM32G0xx_HAL_Driver/Inc/stm32g0xx_ll_gpio.h:857:22:LL_GPIO_SetOutputPin	16	static
../Drivers/STM32G0xx_HAL_Driver/Inc/stm32g0xx_ll_gpio.h:886:22:LL_GPIO_ResetOutputPin	16	static
../Drivers/STM32G0xx_HAL_Driver/Inc/stm32g0xx_ll_bus.h:467:22:LL_APB1_GRP1_EnableClock	24	static
../Drivers/STM32G0xx_HAL_Driver/Inc/stm32g0xx_ll_bus.h:1135:22:LL_IOP_GRP1_EnableClock	24	static
../Core/Src/main.c:319:5:main	40	static
../Core/Src/main.c:509:6:SystemClock_Config	144	static
../Core/Src/main.c:567:13:MX_COMP1_Init	8	static
../Core/Src/main.c:602:13:MX_I2C1_Init	8	static
../Core/Src/main.c:648:13:MX_I2S1_Init	8	static
../Core/Src/main.c:680:13:MX_SPI2_Init	8	static
../Core/Src/main.c:720:13:MX_TIM1_Init	128	static
../Core/Src/main.c:815:13:MX_USART2_UART_Init	72	static
../Core/Src/main.c:892:13:MX_USART3_Init	8	static
../Core/Src/main.c:929:13:MX_DMA_Init	16	static
../Core/Src/main.c:953:13:MX_GPIO_Init	32	static
../Core/Src/main.c:1095:7:USART2_RX_Callback	8	static
../Core/Src/main.c:1113:6:HAL_SPI_RxHalfCpltCallback	16	static
../Core/Src/main.c:1132:6:HAL_SPI_RxCpltCallback	16	static
../Core/Src/main.c:1142:6:HAL_USART_TxCpltCallback	16	static
../Core/Src/main.c:1151:6:HAL_SPI_TxCpltCallback	16	static
../Core/Src/main.c:1159:6:HAL_I2S_TxHalfCpltCallback	16	static
../Core/Src/main.c:1164:6:HAL_I2S_TxCpltCallback	16	static
../Core/Src/main.c:1169:7:cmdReceive	24	static
../Core/Src/main.c:1206:7:USART_AS_SPI_sendCMD	16	static
../Core/Src/main.c:1209:7:USART_AS_SPI_sendDAT	16	static
../Core/Src/main.c:1213:7:weoInit	8	static
../Core/Src/main.c:1259:7:weoClear	16	static
../Core/Src/main.c:1280:7:weoDrawRectangleFilled	40	static
../Core/Src/main.c:1325:7:weoDrawRectangleInit	40	static
../Core/Src/main.c:1350:7:weoReset	8	static
../Core/Src/main.c:1357:7:I2C_SOUND_ChangePage	32	static
../Core/Src/main.c:1361:7:WriteReg_I2C_SOUND	32	static
../Core/Src/main.c:1365:7:soundSetup	8	static
../Core/Src/main.c:1407:10:answer2CPU	24	static
../Core/Src/main.c:1636:7:MEM_Reset	16	static,ignoring_inline_asm
../Core/Src/main.c:1662:10:weoShowFullScreen	8240	static
../Core/Src/main.c:1692:10:weoShowFullScreenDMA	8232	static
../Core/Src/main.c:1723:10:weoShowSmallImage	8248	static
../Core/Src/main.c:1782:10:weoShowSmallImageDMA	8248	static
../Core/Src/main.c:1828:11:soundPlay	64	static
../Core/Src/main.c:1990:8:sound_half_transfer_callback	8	static
../Core/Src/main.c:1995:8:sound_full_transfer_callback	8	static
../Core/Src/main.c:2009:9:setVolume	24	static
../Core/Src/main.c:2020:7:MEM_Write	32	static,ignoring_inline_asm
../Core/Src/main.c:2046:11:MEM_GetID	16	static
../Core/Src/main.c:2063:7:MEM_EraseImg	32	static,ignoring_inline_asm
../Core/Src/main.c:2092:11:Scount	8	static
../Core/Src/main.c:2097:10:cmdExecute	32	static
../Core/Src/main.c:2191:10:printASCIIarray	432	dynamic
../Core/Src/main.c:2341:7:squeak_generate	40	static
../Core/Src/main.c:2351:7:squeak_single	16	static
../Core/Src/main.c:2370:7:squeak_long	16	static
../Core/Src/main.c:2395:7:squeak_double	16	static
../Core/Src/main.c:2411:7:squeak_triple	16	static
../Core/Src/main.c:2432:7:LIS3DHsendCMD	32	static
../Core/Src/main.c:2437:10:LIS3DHreadReg	48	static
../Core/Src/main.c:2473:7:LIS3DHsetup	16	static
../Core/Src/main.c:2494:7:GPIO_2_3state	8	static
../Core/Src/main.c:2562:6:Error_Handler	8	static
