../Drivers/CMSIS/Include/core_cm0plus.h:741:22:__NVIC_EnableIRQ	16	static,ignoring_inline_asm
../Drivers/CMSIS/Include/core_cm0plus.h:850:22:__NVIC_SetPriority	24	static
../Drivers/STM32G0xx_HAL_Driver/Inc/stm32g0xx_ll_usart.h:628:22:LL_USART_Enable	16	static
../Drivers/STM32G0xx_HAL_Driver/Inc/stm32g0xx_ll_usart.h:679:22:LL_USART_DisableFIFO	16	static
../Drivers/STM32G0xx_HAL_Driver/Inc/stm32g0xx_ll_usart.h:712:22:LL_USART_SetTXFIFOThreshold	32	static,ignoring_inline_asm
../Drivers/STM32G0xx_HAL_Driver/Inc/stm32g0xx_ll_usart.h:751:22:LL_USART_SetRXFIFOThreshold	32	static,ignoring_inline_asm
../Drivers/STM32G0xx_HAL_Driver/Inc/stm32g0xx_ll_usart.h:2667:22:LL_USART_ConfigAsyncMode	16	static
../Drivers/STM32G0xx_HAL_Driver/Inc/stm32g0xx_ll_usart.h:3189:26:LL_USART_IsActiveFlag_TEACK	16	static
../Drivers/STM32G0xx_HAL_Driver/Inc/stm32g0xx_ll_usart.h:3200:26:LL_USART_IsActiveFlag_REACK	16	static
../Drivers/STM32G0xx_HAL_Driver/Inc/stm32g0xx_ll_usart.h:3475:22:LL_USART_EnableIT_RXNE_RXFNE	32	static,ignoring_inline_asm
../Drivers/STM32G0xx_HAL_Driver/Inc/stm32g0xx_ll_usart.h:3600:22:LL_USART_EnableIT_ERROR	32	static,ignoring_inline_asm
../Drivers/STM32G0xx_HAL_Driver/Inc/stm32g0xx_ll_usart.h:4264:26:LL_USART_ReceiveData9	16	static
../Drivers/STM32G0xx_HAL_Driver/Inc/stm32g0xx_ll_system.h:464:22:LL_SYSCFG_EnableFastModePlus	16	static
../Drivers/STM32G0xx_HAL_Driver/Inc/stm32g0xx_ll_gpio.h:857:22:LL_GPIO_SetOutputPin	16	static
../Drivers/STM32G0xx_HAL_Driver/Inc/stm32g0xx_ll_gpio.h:886:22:LL_GPIO_ResetOutputPin	16	static
../Drivers/STM32G0xx_HAL_Driver/Inc/stm32g0xx_ll_bus.h:467:22:LL_APB1_GRP1_EnableClock	24	static
../Drivers/STM32G0xx_HAL_Driver/Inc/stm32g0xx_ll_bus.h:1139:22:LL_IOP_GRP1_EnableClock	24	static
../Core/Src/main.c:291:5:main	64	static
../Core/Src/main.c:486:6:SystemClock_Config	88	static
../Core/Src/main.c:533:13:MX_COMP1_Init	8	static
../Core/Src/main.c:568:13:MX_I2C1_Init	8	static
../Core/Src/main.c:616:13:MX_I2S1_Init	8	static
../Core/Src/main.c:648:13:MX_SPI2_Init	8	static
../Core/Src/main.c:688:13:MX_TIM1_Init	128	static
../Core/Src/main.c:783:13:MX_USART2_UART_Init	128	static
../Core/Src/main.c:870:13:MX_USART3_Init	8	static
../Core/Src/main.c:907:13:MX_DMA_Init	16	static
../Core/Src/main.c:931:13:MX_GPIO_Init	32	static
../Core/Src/main.c:1063:7:USART2_RX_Callback	8	static
../Core/Src/main.c:1081:6:HAL_SPI_RxHalfCpltCallback	16	static
../Core/Src/main.c:1109:6:HAL_SPI_RxCpltCallback	16	static
../Core/Src/main.c:1120:6:HAL_USART_TxCpltCallback	16	static
../Core/Src/main.c:1129:6:HAL_SPI_TxCpltCallback	16	static
../Core/Src/main.c:1137:6:HAL_I2S_TxHalfCpltCallback	16	static
../Core/Src/main.c:1162:6:HAL_I2S_TxCpltCallback	16	static
../Core/Src/main.c:1190:7:cmdReceive	24	static
../Core/Src/main.c:1227:7:USART_AS_SPI_sendCMD	16	static
../Core/Src/main.c:1230:7:USART_AS_SPI_sendDAT	16	static
../Core/Src/main.c:1234:7:weoInit	8	static
../Core/Src/main.c:1281:7:weoClear	16	static
../Core/Src/main.c:1302:7:weoDrawRectangleFilled	40	static
../Core/Src/main.c:1351:7:weoDrawRectangleInit	40	static
../Core/Src/main.c:1376:7:weoReset	8	static
../Core/Src/main.c:1383:7:I2C_SOUND_ChangePage	32	static
../Core/Src/main.c:1387:7:WriteReg_I2C_SOUND	32	static
../Core/Src/main.c:1391:7:soundSetup	8	static
../Core/Src/main.c:1433:10:answer2CPU	24	static
../Core/Src/main.c:1662:7:MEM_Reset	16	static,ignoring_inline_asm
../Core/Src/main.c:1688:10:weoShowFullScreen	8240	static
../Core/Src/main.c:1718:10:weoShowFullScreenDMA	8232	static
../Core/Src/main.c:1749:10:weoShowSmallImage	8256	static
../Core/Src/main.c:1820:10:weoShowSmallImageDMA	8248	static
../Core/Src/main.c:1866:10:soundLoad	8248	static
../Core/Src/main.c:1946:10:soundPlay	16	static
../Core/Src/main.c:1966:7:MEM_Write	32	static,ignoring_inline_asm
../Core/Src/main.c:1992:11:MEM_GetID	16	static
../Core/Src/main.c:2009:7:MEM_EraseImg	32	static,ignoring_inline_asm
../Core/Src/main.c:2038:11:Scount	8	static
../Core/Src/main.c:2043:10:cmdExecute	32	static
../Core/Src/main.c:2161:10:printASCIIarray	432	dynamic
../Core/Src/main.c:2311:7:squeak_generate	40	static
../Core/Src/main.c:2321:7:squeak_single	16	static
../Core/Src/main.c:2340:7:squeak_long	16	static
../Core/Src/main.c:2365:7:squeak_double	16	static
../Core/Src/main.c:2381:7:squeak_triple	16	static
../Core/Src/main.c:2402:7:LIS3DHsendCMD	32	static
../Core/Src/main.c:2407:10:LIS3DHreadReg	48	static
../Core/Src/main.c:2443:7:LIS3DHsetup	16	static
../Core/Src/main.c:2464:7:GPIO_2_3state	8	static
../Core/Src/main.c:2532:6:Error_Handler	8	static
