../Drivers/CMSIS/Include/core_cm0plus.h:741:22:__NVIC_EnableIRQ	16	static,ignoring_inline_asm
../Drivers/CMSIS/Include/core_cm0plus.h:850:22:__NVIC_SetPriority	24	static
../Drivers/STM32G0xx_HAL_Driver/Inc/stm32g0xx_ll_usart.h:628:22:LL_USART_Enable	16	static
../Drivers/STM32G0xx_HAL_Driver/Inc/stm32g0xx_ll_usart.h:679:22:LL_USART_DisableFIFO	16	static
../Drivers/STM32G0xx_HAL_Driver/Inc/stm32g0xx_ll_usart.h:712:22:LL_USART_SetTXFIFOThreshold	32	static,ignoring_inline_asm
../Drivers/STM32G0xx_HAL_Driver/Inc/stm32g0xx_ll_usart.h:751:22:LL_USART_SetRXFIFOThreshold	32	static,ignoring_inline_asm
../Drivers/STM32G0xx_HAL_Driver/Inc/stm32g0xx_ll_usart.h:2667:22:LL_USART_ConfigAsyncMode	16	static
../Drivers/STM32G0xx_HAL_Driver/Inc/stm32g0xx_ll_usart.h:3189:26:LL_USART_IsActiveFlag_TEACK	16	static
../Drivers/STM32G0xx_HAL_Driver/Inc/stm32g0xx_ll_usart.h:3200:26:LL_USART_IsActiveFlag_REACK	16	static
../Drivers/STM32G0xx_HAL_Driver/Inc/stm32g0xx_ll_usart.h:3475:22:LL_USART_EnableIT_RXNE_RXFNE	32	static,ignoring_inline_asm
../Drivers/STM32G0xx_HAL_Driver/Inc/stm32g0xx_ll_usart.h:3600:22:LL_USART_EnableIT_ERROR	32	static,ignoring_inline_asm
../Drivers/STM32G0xx_HAL_Driver/Inc/stm32g0xx_ll_usart.h:4264:26:LL_USART_ReceiveData9	16	static
../Drivers/STM32G0xx_HAL_Driver/Inc/stm32g0xx_ll_system.h:464:22:LL_SYSCFG_EnableFastModePlus	16	static
../Drivers/STM32G0xx_HAL_Driver/Inc/stm32g0xx_ll_gpio.h:857:22:LL_GPIO_SetOutputPin	16	static
../Drivers/STM32G0xx_HAL_Driver/Inc/stm32g0xx_ll_gpio.h:886:22:LL_GPIO_ResetOutputPin	16	static
../Drivers/STM32G0xx_HAL_Driver/Inc/stm32g0xx_ll_bus.h:467:22:LL_APB1_GRP1_EnableClock	24	static
../Drivers/STM32G0xx_HAL_Driver/Inc/stm32g0xx_ll_bus.h:1135:22:LL_IOP_GRP1_EnableClock	24	static
../Core/Src/main.c:299:5:main	64	static
../Core/Src/main.c:545:6:SystemClock_Config	88	static
../Core/Src/main.c:592:13:MX_COMP1_Init	8	static
../Core/Src/main.c:627:13:MX_I2C1_Init	8	static
../Core/Src/main.c:675:13:MX_I2S1_Init	8	static
../Core/Src/main.c:707:13:MX_SPI2_Init	8	static
../Core/Src/main.c:747:13:MX_TIM1_Init	128	static
../Core/Src/main.c:842:13:MX_USART2_UART_Init	128	static
../Core/Src/main.c:929:13:MX_USART3_Init	8	static
../Core/Src/main.c:966:13:MX_DMA_Init	16	static
../Core/Src/main.c:984:13:MX_GPIO_Init	32	static
../Core/Src/main.c:1116:7:USART2_RX_Callback	8	static
../Core/Src/main.c:1134:6:HAL_SPI_RxHalfCpltCallback	16	static
../Core/Src/main.c:1162:6:HAL_SPI_RxCpltCallback	16	static
../Core/Src/main.c:1173:6:HAL_USART_TxCpltCallback	16	static
../Core/Src/main.c:1182:6:HAL_SPI_TxCpltCallback	16	static
../Core/Src/main.c:1190:6:HAL_I2S_TxHalfCpltCallback	16	static
../Core/Src/main.c:1195:6:HAL_I2S_TxCpltCallback	16	static
../Core/Src/main.c:1200:7:cmdReceive	24	static
../Core/Src/main.c:1237:7:USART_AS_SPI_sendCMD	16	static
../Core/Src/main.c:1240:7:USART_AS_SPI_sendDAT	16	static
../Core/Src/main.c:1244:7:weoInit	8	static
../Core/Src/main.c:1291:7:weoClear	16	static
../Core/Src/main.c:1312:7:weoDrawRectangleFilled	40	static
../Core/Src/main.c:1361:7:weoDrawRectangleInit	40	static
../Core/Src/main.c:1386:7:weoReset	8	static
../Core/Src/main.c:1393:7:I2C_SOUND_ChangePage	32	static
../Core/Src/main.c:1397:7:WriteReg_I2C_SOUND	32	static
../Core/Src/main.c:1401:7:soundSetup	8	static
../Core/Src/main.c:1443:7:setVolume	24	static
../Core/Src/main.c:1453:10:answer2CPU	24	static
../Core/Src/main.c:1682:7:MEM_Reset	16	static,ignoring_inline_asm
../Core/Src/main.c:1708:10:weoShowFullScreen	8240	static
../Core/Src/main.c:1738:10:weoShowFullScreenDMA	8232	static
../Core/Src/main.c:1769:10:weoShowSmallImage	8256	static
../Core/Src/main.c:1840:10:weoShowSmallImageDMA	8248	static
../Core/Src/main.c:1886:10:soundPlay	64	static
../Core/Src/main.c:2015:7:sound_half_transfer_callback	8	static
../Core/Src/main.c:2020:7:sound_full_transfer_callback	8	static
../Core/Src/main.c:2031:7:MEM_Write	32	static,ignoring_inline_asm
../Core/Src/main.c:2057:11:MEM_GetID	16	static
../Core/Src/main.c:2074:7:MEM_EraseImg	32	static,ignoring_inline_asm
../Core/Src/main.c:2103:11:Scount	8	static
../Core/Src/main.c:2108:10:cmdExecute	32	static
../Core/Src/main.c:2227:10:printASCIIarray	432	dynamic
../Core/Src/main.c:2377:7:squeak_generate	40	static
../Core/Src/main.c:2388:7:squeak_single	16	static
../Core/Src/main.c:2407:7:squeak_long	16	static
../Core/Src/main.c:2462:7:squeak_double	16	static
../Core/Src/main.c:2478:7:squeak_triple	16	static
../Core/Src/main.c:2499:7:LIS3DHsendCMD	32	static
../Core/Src/main.c:2504:10:LIS3DHreadReg	48	static
../Core/Src/main.c:2540:7:LIS3DHsetup	16	static
../Core/Src/main.c:2561:7:GPIO_2_3state	8	static
../Core/Src/main.c:12166:6:Error_Handler	8	static
