../Drivers/CMSIS/Include/core_cm0plus.h:741:22:__NVIC_EnableIRQ	16	static,ignoring_inline_asm
../Drivers/CMSIS/Include/core_cm0plus.h:850:22:__NVIC_SetPriority	24	static
../Drivers/STM32G0xx_HAL_Driver/Inc/stm32g0xx_ll_usart.h:628:22:LL_USART_Enable	16	static
../Drivers/STM32G0xx_HAL_Driver/Inc/stm32g0xx_ll_usart.h:679:22:LL_USART_DisableFIFO	16	static
../Drivers/STM32G0xx_HAL_Driver/Inc/stm32g0xx_ll_usart.h:712:22:LL_USART_SetTXFIFOThreshold	32	static,ignoring_inline_asm
../Drivers/STM32G0xx_HAL_Driver/Inc/stm32g0xx_ll_usart.h:751:22:LL_USART_SetRXFIFOThreshold	32	static,ignoring_inline_asm
../Drivers/STM32G0xx_HAL_Driver/Inc/stm32g0xx_ll_usart.h:2667:22:LL_USART_ConfigAsyncMode	16	static
../Drivers/STM32G0xx_HAL_Driver/Inc/stm32g0xx_ll_usart.h:3189:26:LL_USART_IsActiveFlag_TEACK	16	static
../Drivers/STM32G0xx_HAL_Driver/Inc/stm32g0xx_ll_usart.h:3200:26:LL_USART_IsActiveFlag_REACK	16	static
../Drivers/STM32G0xx_HAL_Driver/Inc/stm32g0xx_ll_usart.h:3475:22:LL_USART_EnableIT_RXNE_RXFNE	32	static,ignoring_inline_asm
../Drivers/STM32G0xx_HAL_Driver/Inc/stm32g0xx_ll_usart.h:3600:22:LL_USART_EnableIT_ERROR	32	static,ignoring_inline_asm
../Drivers/STM32G0xx_HAL_Driver/Inc/stm32g0xx_ll_usart.h:4264:26:LL_USART_ReceiveData9	16	static
../Drivers/STM32G0xx_HAL_Driver/Inc/stm32g0xx_ll_system.h:464:22:LL_SYSCFG_EnableFastModePlus	16	static
../Drivers/STM32G0xx_HAL_Driver/Inc/stm32g0xx_ll_gpio.h:857:22:LL_GPIO_SetOutputPin	16	static
../Drivers/STM32G0xx_HAL_Driver/Inc/stm32g0xx_ll_gpio.h:886:22:LL_GPIO_ResetOutputPin	16	static
../Drivers/STM32G0xx_HAL_Driver/Inc/stm32g0xx_ll_bus.h:467:22:LL_APB1_GRP1_EnableClock	24	static
../Drivers/STM32G0xx_HAL_Driver/Inc/stm32g0xx_ll_bus.h:1135:22:LL_IOP_GRP1_EnableClock	24	static
../Core/Src/main.c:300:5:main	72	static
../Core/Src/main.c:546:6:SystemClock_Config	88	static
../Core/Src/main.c:593:13:MX_COMP1_Init	8	static
../Core/Src/main.c:628:13:MX_I2C1_Init	8	static
../Core/Src/main.c:676:13:MX_I2S1_Init	8	static
../Core/Src/main.c:708:13:MX_SPI2_Init	8	static
../Core/Src/main.c:748:13:MX_TIM1_Init	128	static
../Core/Src/main.c:843:13:MX_USART2_UART_Init	128	static
../Core/Src/main.c:930:13:MX_USART3_Init	8	static
../Core/Src/main.c:967:13:MX_DMA_Init	16	static
../Core/Src/main.c:985:13:MX_GPIO_Init	32	static
../Core/Src/main.c:1117:7:USART2_RX_Callback	8	static
../Core/Src/main.c:1135:6:HAL_SPI_RxHalfCpltCallback	16	static
../Core/Src/main.c:1163:6:HAL_SPI_RxCpltCallback	16	static
../Core/Src/main.c:1174:6:HAL_USART_TxCpltCallback	16	static
../Core/Src/main.c:1183:6:HAL_SPI_TxCpltCallback	16	static
../Core/Src/main.c:1191:6:HAL_I2S_TxHalfCpltCallback	16	static
../Core/Src/main.c:1196:6:HAL_I2S_TxCpltCallback	16	static
../Core/Src/main.c:1201:7:cmdReceive	24	static
../Core/Src/main.c:1238:7:USART_AS_SPI_sendCMD	16	static
../Core/Src/main.c:1241:7:USART_AS_SPI_sendDAT	16	static
../Core/Src/main.c:1245:7:weoInit	8	static
../Core/Src/main.c:1292:7:weoClear	16	static
../Core/Src/main.c:1313:7:weoDrawRectangleFilled	40	static
../Core/Src/main.c:1362:7:weoDrawRectangleInit	40	static
../Core/Src/main.c:1387:7:weoReset	8	static
../Core/Src/main.c:1394:7:I2C_SOUND_ChangePage	32	static
../Core/Src/main.c:1398:7:WriteReg_I2C_SOUND	32	static
../Core/Src/main.c:1402:7:soundSetup	8	static
../Core/Src/main.c:1444:7:setVolume	24	static
../Core/Src/main.c:1454:10:answer2CPU	24	static
../Core/Src/main.c:1683:7:MEM_Reset	16	static,ignoring_inline_asm
../Core/Src/main.c:1709:10:weoShowFullScreen	8240	static
../Core/Src/main.c:1739:10:weoShowFullScreenDMA	8232	static
../Core/Src/main.c:1770:10:weoShowSmallImage	8256	static
../Core/Src/main.c:1841:10:weoShowSmallImageDMA	8248	static
../Core/Src/main.c:1887:10:soundLoad	16	static
../Core/Src/main.c:2076:10:soundPlay	72	static
../Core/Src/main.c:2233:7:sound_half_transfer_callback	8	static
../Core/Src/main.c:2262:7:sound_full_transfer_callback	16	static
../Core/Src/main.c:2297:7:MEM_Write	32	static,ignoring_inline_asm
../Core/Src/main.c:2323:11:MEM_GetID	16	static
../Core/Src/main.c:2340:7:MEM_EraseImg	32	static,ignoring_inline_asm
../Core/Src/main.c:2369:11:Scount	8	static
../Core/Src/main.c:2374:10:cmdExecute	32	static
../Core/Src/main.c:2492:10:printASCIIarray	432	dynamic
../Core/Src/main.c:2642:7:squeak_generate	40	static
../Core/Src/main.c:2653:7:squeak_single	16	static
../Core/Src/main.c:2672:7:squeak_long	16	static
../Core/Src/main.c:2727:7:squeak_double	16	static
../Core/Src/main.c:2743:7:squeak_triple	16	static
../Core/Src/main.c:2764:7:LIS3DHsendCMD	32	static
../Core/Src/main.c:2769:10:LIS3DHreadReg	48	static
../Core/Src/main.c:2805:7:LIS3DHsetup	16	static
../Core/Src/main.c:2826:7:GPIO_2_3state	8	static
../Core/Src/main.c:12431:6:Error_Handler	8	static
