stm32g0xx_ll_usart.h:2919:26:LL_USART_IsActiveFlag_FE	16	static
stm32g0xx_ll_usart.h:2930:26:LL_USART_IsActiveFlag_NE	16	static
stm32g0xx_ll_usart.h:2941:26:LL_USART_IsActiveFlag_ORE	16	static
stm32g0xx_ll_usart.h:2968:26:LL_USART_IsActiveFlag_RXNE_RXFNE	16	static
stm32g0xx_ll_usart.h:3887:26:LL_USART_IsEnabledIT_RXNE_RXFNE	16	static
stm32g0xx_it.c:73:6:NMI_Handler	8	static
stm32g0xx_it.c:86:6:HardFault_Handler	8	static
stm32g0xx_it.c:101:6:SVC_Handler	8	static
stm32g0xx_it.c:114:6:PendSV_Handler	8	static
stm32g0xx_it.c:127:6:SysTick_Handler	8	static
stm32g0xx_it.c:148:6:I2C1_IRQHandler	8	static
stm32g0xx_it.c:166:6:SPI1_IRQHandler	8	static
stm32g0xx_it.c:180:6:SPI2_IRQHandler	8	static
stm32g0xx_it.c:194:6:USART2_IRQHandler	8	static
stm32g0xx_it.c:230:6:USART3_4_LPUART1_IRQHandler	8	static
