../Drivers/STM32G0xx_HAL_Driver/Inc/stm32g0xx_ll_usart.h:2943:26:LL_USART_IsActiveFlag_FE	16	static
../Drivers/STM32G0xx_HAL_Driver/Inc/stm32g0xx_ll_usart.h:2954:26:LL_USART_IsActiveFlag_NE	16	static
../Drivers/STM32G0xx_HAL_Driver/Inc/stm32g0xx_ll_usart.h:2965:26:LL_USART_IsActiveFlag_ORE	16	static
../Drivers/STM32G0xx_HAL_Driver/Inc/stm32g0xx_ll_usart.h:2992:26:LL_USART_IsActiveFlag_RXNE_RXFNE	16	static
../Drivers/STM32G0xx_HAL_Driver/Inc/stm32g0xx_ll_usart.h:3911:26:LL_USART_IsEnabledIT_RXNE_RXFNE	16	static
../Core/Src/stm32g0xx_it.c:74:6:NMI_Handler	8	static
../Core/Src/stm32g0xx_it.c:87:6:HardFault_Handler	8	static
../Core/Src/stm32g0xx_it.c:102:6:SVC_Handler	8	static
../Core/Src/stm32g0xx_it.c:115:6:PendSV_Handler	8	static
../Core/Src/stm32g0xx_it.c:128:6:SysTick_Handler	8	static
../Core/Src/stm32g0xx_it.c:149:6:DMA1_Channel1_IRQHandler	8	static
../Core/Src/stm32g0xx_it.c:163:6:I2C1_IRQHandler	8	static
../Core/Src/stm32g0xx_it.c:181:6:SPI1_IRQHandler	8	static
../Core/Src/stm32g0xx_it.c:195:6:SPI2_IRQHandler	8	static
../Core/Src/stm32g0xx_it.c:209:6:USART2_IRQHandler	8	static
../Core/Src/stm32g0xx_it.c:245:6:USART3_4_LPUART1_IRQHandler	8	static
