syscalls.c:46:6:initialise_monitor_handles	8	static
syscalls.c:49:5:_getpid	8	static
syscalls.c:53:5:_kill	16	static
syscalls.c:58:6:_exit	16	static
syscalls.c:64:27:_read	32	static
syscalls.c:74:27:_write	32	static
syscalls.c:83:5:_close	16	static
syscalls.c:87:5:_fstat	16	static
syscalls.c:92:5:_isatty	16	static
syscalls.c:96:5:_lseek	24	static
syscalls.c:100:5:_open	20	static
syscalls.c:105:5:_wait	16	static
syscalls.c:110:5:_unlink	16	static
syscalls.c:115:5:_times	16	static
syscalls.c:119:5:_stat	16	static
syscalls.c:124:5:_link	16	static
syscalls.c:129:5:_fork	8	static
syscalls.c:134:5:_execve	24	static
